Archive member included to satisfy reference by file (symbol)

/usr/local/Cellar/avr-gcc@8/8.3.0/lib/avr-gcc/8/gcc/avr/8.3.0/avr5/libgcc.a(_mulsi3.o)
                              .build/obj_niu_mini_default/quantum/quantum.o (__mulsi3)
/usr/local/Cellar/avr-gcc@8/8.3.0/lib/avr-gcc/8/gcc/avr/8.3.0/avr5/libgcc.a(_udivmodqi4.o)
                              .build/obj_niu_mini_default/lufa.o (__udivmodqi4)
/usr/local/Cellar/avr-gcc@8/8.3.0/lib/avr-gcc/8/gcc/avr/8.3.0/avr5/libgcc.a(_udivmodhi4.o)
                              .build/obj_niu_mini_default/quantum/quantum.o (__udivmodhi4)
/usr/local/Cellar/avr-gcc@8/8.3.0/lib/avr-gcc/8/gcc/avr/8.3.0/avr5/libgcc.a(_divmodhi4.o)
                              .build/obj_niu_mini_default/quantum/rgblight.o (__divmodhi4)
/usr/local/Cellar/avr-gcc@8/8.3.0/lib/avr-gcc/8/gcc/avr/8.3.0/avr5/libgcc.a(_udivmodsi4.o)
                              .build/obj_niu_mini_default/quantum/quantum.o (__udivmodsi4)
/usr/local/Cellar/avr-gcc@8/8.3.0/lib/avr-gcc/8/gcc/avr/8.3.0/avr5/libgcc.a(_exit.o)
                              /usr/local/Cellar/avr-gcc@8/8.3.0/lib/avr-gcc/8/gcc/avr/8.3.0/../../../../../../avr/lib/avr5/crtatmega32u4.o (exit)
/usr/local/Cellar/avr-gcc@8/8.3.0/lib/avr-gcc/8/gcc/avr/8.3.0/avr5/libgcc.a(_tablejump2.o)
                              .build/obj_niu_mini_default/common/action.o (__tablejump2__)
/usr/local/Cellar/avr-gcc@8/8.3.0/lib/avr-gcc/8/gcc/avr/8.3.0/avr5/libgcc.a(_copy_data.o)
                              .build/obj_niu_mini_default/quantum/matrix.o (__do_copy_data)
/usr/local/Cellar/avr-gcc@8/8.3.0/lib/avr-gcc/8/gcc/avr/8.3.0/avr5/libgcc.a(_clear_bss.o)
                              .build/obj_niu_mini_default/quantum/quantum.o (__do_clear_bss)
/usr/local/Cellar/avr-gcc@8/8.3.0/lib/avr-gcc/8/gcc/avr/8.3.0/avr5/libgcc.a(_umulhisi3.o)
                              .build/obj_niu_mini_default/quantum/quantum.o (__umulhisi3)
/usr/local/Cellar/avr-gcc@8/8.3.0/lib/avr-gcc/8/gcc/avr/8.3.0/avr5/libgcc.a(_muluhisi3.o)
                              /usr/local/Cellar/avr-gcc@8/8.3.0/lib/avr-gcc/8/gcc/avr/8.3.0/avr5/libgcc.a(_mulsi3.o) (__muluhisi3)
/usr/local/Cellar/avr-gcc@8/8.3.0/lib/avr-gcc/8/gcc/avr/8.3.0/../../../../../../avr/lib/avr5/libc.a(memchr.o)
                              .build/obj_niu_mini_default/quantum/rgblight.o (memchr)
/usr/local/Cellar/avr-gcc@8/8.3.0/lib/avr-gcc/8/gcc/avr/8.3.0/../../../../../../avr/lib/avr5/libc.a(memmove.o)
                              .build/obj_niu_mini_default/lib/lufa/LUFA/Drivers/USB/Class/Common/HIDParser.o (memmove)
/usr/local/Cellar/avr-gcc@8/8.3.0/lib/avr-gcc/8/gcc/avr/8.3.0/../../../../../../avr/lib/avr5/libc.a(memcpy.o)
                              /usr/local/Cellar/avr-gcc@8/8.3.0/lib/avr-gcc/8/gcc/avr/8.3.0/../../../../../../avr/lib/avr5/libc.a(memmove.o) (memcpy)
/usr/local/Cellar/avr-gcc@8/8.3.0/lib/avr-gcc/8/gcc/avr/8.3.0/../../../../../../avr/lib/avr5/libatmega32u4.a(eerd_byte.o)
                              .build/obj_niu_mini_default/common/eeconfig.o (eeprom_read_byte)
/usr/local/Cellar/avr-gcc@8/8.3.0/lib/avr-gcc/8/gcc/avr/8.3.0/../../../../../../avr/lib/avr5/libatmega32u4.a(eerd_dword.o)
                              .build/obj_niu_mini_default/quantum/rgblight.o (eeprom_read_dword)
/usr/local/Cellar/avr-gcc@8/8.3.0/lib/avr-gcc/8/gcc/avr/8.3.0/../../../../../../avr/lib/avr5/libatmega32u4.a(eerd_word.o)
                              .build/obj_niu_mini_default/common/eeconfig.o (eeprom_read_word)
/usr/local/Cellar/avr-gcc@8/8.3.0/lib/avr-gcc/8/gcc/avr/8.3.0/../../../../../../avr/lib/avr5/libatmega32u4.a(eeupd_byte.o)
                              .build/obj_niu_mini_default/common/eeconfig.o (eeprom_update_byte)
/usr/local/Cellar/avr-gcc@8/8.3.0/lib/avr-gcc/8/gcc/avr/8.3.0/../../../../../../avr/lib/avr5/libatmega32u4.a(eeupd_dword.o)
                              .build/obj_niu_mini_default/quantum/rgblight.o (eeprom_update_dword)
/usr/local/Cellar/avr-gcc@8/8.3.0/lib/avr-gcc/8/gcc/avr/8.3.0/../../../../../../avr/lib/avr5/libatmega32u4.a(eeupd_word.o)
                              .build/obj_niu_mini_default/common/eeconfig.o (eeprom_update_word)
/usr/local/Cellar/avr-gcc@8/8.3.0/lib/avr-gcc/8/gcc/avr/8.3.0/../../../../../../avr/lib/avr5/libatmega32u4.a(eerd_block.o)
                              /usr/local/Cellar/avr-gcc@8/8.3.0/lib/avr-gcc/8/gcc/avr/8.3.0/../../../../../../avr/lib/avr5/libatmega32u4.a(eerd_dword.o) (eeprom_read_blraw)

Allocating common symbols
Common symbol       size              file

rgblight_config     0x5               .build/obj_niu_mini_default/quantum/rgblight.o
USB_IsInitialized   0x1               .build/obj_niu_mini_default/lib/lufa/LUFA/Drivers/USB/Core/USBTask.o
keymap_config       0x2               .build/obj_niu_mini_default/common/magic.o
backlight_config    0x1               .build/obj_niu_mini_default/common/backlight.o
USB_DeviceState     0x1               .build/obj_niu_mini_default/lib/lufa/LUFA/Drivers/USB/Core/USBTask.o
USB_Device_ConfigurationNumber
[...]
Memory Configuration

Name             Origin             Length             Attributes
text             0x0000000000000000 0x0000000000020000 xr
data             0x0000000000800060 0x000000000000ffa0 rw !x
eeprom           0x0000000000810000 0x0000000000010000 rw !x
fuse             0x0000000000820000 0x0000000000000400 rw !x
lock             0x0000000000830000 0x0000000000000400 rw !x
signature        0x0000000000840000 0x0000000000000400 rw !x
user_signatures  0x0000000000850000 0x0000000000000400 rw !x
*default*        0x0000000000000000 0xffffffffffffffff

Linker script and memory map

Address of section .data set to 0x800100
LOAD /usr/local/Cellar/avr-gcc@8/8.3.0/lib/avr-gcc/8/gcc/avr/8.3.0/../../../../../../avr/lib/avr5/crtatmega32u4.o
LOAD .build/obj_niu_mini_default/keyboards/niu_mini/niu_mini.o
LOAD .build/obj_niu_mini_default/keyboards/niu_mini/keymaps/default/keymap.o
LOAD .build/obj_niu_mini_default/quantum/quantum.o
LOAD .build/obj_niu_mini_default/quantum/keymap_common.o
LOAD .build/obj_niu_mini_default/quantum/keycode_config.o
LOAD .build/obj_niu_mini_default/quantum/matrix.o
LOAD .build/obj_niu_mini_default/quantum/debounce/sym_g.o
LOAD .build/obj_niu_mini_default/quantum/color.o
LOAD .build/obj_niu_mini_default/quantum/rgblight.o
LOAD .build/obj_niu_mini_default/ws2812.o
LOAD .build/obj_niu_mini_default/quantum/led_tables.o
LOAD .build/obj_niu_mini_default/quantum/process_keycode/process_space_cadet.o
LOAD .build/obj_niu_mini_default/common/host.o
LOAD .build/obj_niu_mini_default/common/keyboard.o
LOAD .build/obj_niu_mini_default/common/action.o
LOAD .build/obj_niu_mini_default/common/action_tapping.o
LOAD .build/obj_niu_mini_default/common/action_macro.o
LOAD .build/obj_niu_mini_default/common/action_layer.o
LOAD .build/obj_niu_mini_default/common/action_util.o
LOAD .build/obj_niu_mini_default/common/print.o
LOAD .build/obj_niu_mini_default/common/debug.o
LOAD .build/obj_niu_mini_default/common/util.o
LOAD .build/obj_niu_mini_default/common/eeconfig.o
LOAD .build/obj_niu_mini_default/common/report.o
LOAD .build/obj_niu_mini_default/common/avr/suspend.o
LOAD .build/obj_niu_mini_default/common/avr/timer.o
LOAD .build/obj_niu_mini_default/common/avr/bootloader.o
LOAD .build/obj_niu_mini_default/common/avr/xprintf.o
LOAD .build/obj_niu_mini_default/common/magic.o
LOAD .build/obj_niu_mini_default/common/backlight.o
LOAD .build/obj_niu_mini_default/lufa.o
LOAD .build/obj_niu_mini_default/usb_descriptor.o
LOAD .build/obj_niu_mini_default/outputselect.o
LOAD .build/obj_niu_mini_default/lib/lufa/LUFA/Drivers/USB/Class/Common/HIDParser.o
LOAD .build/obj_niu_mini_default/lib/lufa/LUFA/Drivers/USB/Core/AVR8/Device_AVR8.o
LOAD .build/obj_niu_mini_default/lib/lufa/LUFA/Drivers/USB/Core/AVR8/EndpointStream_AVR8.o
LOAD .build/obj_niu_mini_default/lib/lufa/LUFA/Drivers/USB/Core/AVR8/Endpoint_AVR8.o
LOAD .build/obj_niu_mini_default/lib/lufa/LUFA/Drivers/USB/Core/AVR8/Host_AVR8.o
LOAD .build/obj_niu_mini_default/lib/lufa/LUFA/Drivers/USB/Core/AVR8/PipeStream_AVR8.o
LOAD .build/obj_niu_mini_default/lib/lufa/LUFA/Drivers/USB/Core/AVR8/Pipe_AVR8.o
LOAD .build/obj_niu_mini_default/lib/lufa/LUFA/Drivers/USB/Core/AVR8/USBController_AVR8.o
LOAD .build/obj_niu_mini_default/lib/lufa/LUFA/Drivers/USB/Core/AVR8/USBInterrupt_AVR8.o
LOAD .build/obj_niu_mini_default/lib/lufa/LUFA/Drivers/USB/Core/ConfigDescriptors.o
LOAD .build/obj_niu_mini_default/lib/lufa/LUFA/Drivers/USB/Core/DeviceStandardReq.o
LOAD .build/obj_niu_mini_default/lib/lufa/LUFA/Drivers/USB/Core/Events.o
LOAD .build/obj_niu_mini_default/lib/lufa/LUFA/Drivers/USB/Core/HostStandardReq.o
LOAD .build/obj_niu_mini_default/lib/lufa/LUFA/Drivers/USB/Core/USBTask.o
LOAD /usr/local/Cellar/avr-gcc@8/8.3.0/lib/avr-gcc/8/gcc/avr/8.3.0/../../../../../../avr/lib/avr5/libm.a
START GROUP
LOAD /usr/local/Cellar/avr-gcc@8/8.3.0/lib/avr-gcc/8/gcc/avr/8.3.0/avr5/libgcc.a
LOAD /usr/local/Cellar/avr-gcc@8/8.3.0/lib/avr-gcc/8/gcc/avr/8.3.0/../../../../../../avr/lib/avr5/libm.a
LOAD /usr/local/Cellar/avr-gcc@8/8.3.0/lib/avr-gcc/8/gcc/avr/8.3.0/../../../../../../avr/lib/avr5/libc.a
LOAD /usr/local/Cellar/avr-gcc@8/8.3.0/lib/avr-gcc/8/gcc/avr/8.3.0/../../../../../../avr/lib/avr5/libatmega32u4.a
END GROUP
                0x0000000000020000                __TEXT_REGION_LENGTH__ = DEFINED (__TEXT_REGION_LENGTH__)?__TEXT_REGION_LENGTH__:0x20000
                0x000000000000ffa0                __DATA_REGION_LENGTH__ = DEFINED (__DATA_REGION_LENGTH__)?__DATA_REGION_LENGTH__:0xffa0
                0x0000000000010000                __EEPROM_REGION_LENGTH__ = DEFINED (__EEPROM_REGION_LENGTH__)?__EEPROM_REGION_LENGTH__:0x10000
                0x0000000000000400                __FUSE_REGION_LENGTH__ = DEFINED (__FUSE_REGION_LENGTH__)?__FUSE_REGION_LENGTH__:0x400
                0x0000000000000400                __LOCK_REGION_LENGTH__ = DEFINED (__LOCK_REGION_LENGTH__)?__LOCK_REGION_LENGTH__:0x400
                0x0000000000000400                __SIGNATURE_REGION_LENGTH__ = DEFINED (__SIGNATURE_REGION_LENGTH__)?__SIGNATURE_REGION_LENGTH__:0x400
                0x0000000000000400                __USER_SIGNATURE_REGION_LENGTH__ = DEFINED (__USER_SIGNATURE_REGION_LENGTH__)?__USER_SIGNATURE_REGION_LENGTH__:0x400

.hash
 *(.hash)

.dynsym
 *(.dynsym)

.dynstr
 *(.dynstr)

.gnu.version
 *(.gnu.version)

.gnu.version_d
 *(.gnu.version_d)

.gnu.version_r
 *(.gnu.version_r)

.rel.init
 *(.rel.init)

.rela.init
 *(.rela.init)

.rel.text
 *(.rel.text)
 *(.rel.text.*)
 *(.rel.gnu.linkonce.t*)

.rela.text
 *(.rela.text)
 *(.rela.text.*)
 *(.rela.gnu.linkonce.t*)

.rel.fini
 *(.rel.fini)

.rela.fini
 *(.rela.fini)

.rel.rodata
 *(.rel.rodata)
 *(.rel.rodata.*)
 *(.rel.gnu.linkonce.r*)

.rela.rodata
 *(.rela.rodata)
 *(.rela.rodata.*)
 *(.rela.gnu.linkonce.r*)

.rel.data
 *(.rel.data)
 *(.rel.data.*)
 *(.rel.gnu.linkonce.d*)

.rela.data
 *(.rela.data)
 *(.rela.data.*)
 *(.rela.gnu.linkonce.d*)

.rel.ctors
 *(.rel.ctors)

.rela.ctors
 *(.rela.ctors)

.rel.dtors
 *(.rel.dtors)

.rela.dtors
 *(.rela.dtors)

.rel.got
 *(.rel.got)

.rela.got
 *(.rela.got)

.rel.bss
 *(.rel.bss)

.rela.bss
 *(.rela.bss)

.rel.plt
 *(.rel.plt)

.rela.plt
 *(.rela.plt)

.text           0x0000000000000000     0x5b04
 *(.vectors)
 .vectors       0x0000000000000000       0xac /usr/local/Cellar/avr-gcc@8/8.3.0/lib/avr-gcc/8/gcc/avr/8.3.0/../../../../../../avr/lib/avr5/crtatmega32u4.o
                0x0000000000000000                __vectors
                0x0000000000000000                __vector_default
 *(.vectors)
 *(.progmem.gcc*)
                0x00000000000000ac                . = ALIGN (0x2)
                0x00000000000000ac                __trampolines_start = .
 *(.trampolines)
 .trampolines   0x00000000000000ac        0x0 linker stubs
 *(.trampolines*)
                0x00000000000000ac                __trampolines_end = .
 *libprintf_flt.a:*(.progmem.data)
 *libc.a:*(.progmem.data)
 *(.progmem.*)
 .progmem.data.keymaps
                0x00000000000000ac      0x120 .build/obj_niu_mini_default/keyboards/niu_mini/keymaps/default/keymap.o
                0x00000000000000ac                keymaps
 .progmem.data.__c.3730
                0x00000000000001cc       0x12 .build/obj_niu_mini_default/quantum/quantum.o
 .progmem.data.__c.3728
                0x00000000000001de       0x11 .build/obj_niu_mini_default/quantum/quantum.o
 .progmem.data.fn_actions
                0x00000000000001ef        0x0 .build/obj_niu_mini_default/quantum/keymap_common.o
                0x00000000000001ef                fn_actions
 .progmem.data.__c.3715
                0x00000000000001ef        0x2 .build/obj_niu_mini_default/quantum/matrix.o
 .progmem.data.__c.3713
                0x00000000000001f1        0x6 .build/obj_niu_mini_default/quantum/matrix.o
 .progmem.data.__c.3711
                0x00000000000001f7        0x3 .build/obj_niu_mini_default/quantum/matrix.o
 .progmem.data.__c.3709
                0x00000000000001fa        0x5 .build/obj_niu_mini_default/quantum/matrix.o
 .progmem.data.__c.3706
                0x00000000000001ff       0x17 .build/obj_niu_mini_default/quantum/matrix.o
 .progmem.data.__c.3207
                0x0000000000000216       0x19 .build/obj_niu_mini_default/quantum/rgblight.o
 .progmem.data.__c.3202
                0x000000000000022f       0x19 .build/obj_niu_mini_default/quantum/rgblight.o
 .progmem.data.__c.3095
                0x0000000000000248       0x27 .build/obj_niu_mini_default/quantum/rgblight.o
 .progmem.data.__c.3093
                0x000000000000026f       0x25 .build/obj_niu_mini_default/quantum/rgblight.o
 .progmem.data.__c.3088
                0x0000000000000294       0x27 .build/obj_niu_mini_default/quantum/rgblight.o
 .progmem.data.__c.2994
                0x00000000000002bb       0x38 .build/obj_niu_mini_default/quantum/rgblight.o
 .progmem.data.__c.2984
                0x00000000000002f3       0x37 .build/obj_niu_mini_default/quantum/rgblight.o
 .progmem.data.__c.2974
                0x000000000000032a       0x37 .build/obj_niu_mini_default/quantum/rgblight.o
 .progmem.data.__c.2963
                0x0000000000000361       0x1e .build/obj_niu_mini_default/quantum/rgblight.o
 .progmem.data.__c.2961
                0x000000000000037f       0x1c .build/obj_niu_mini_default/quantum/rgblight.o
 .progmem.data.__c.2918
                0x000000000000039b       0x49 .build/obj_niu_mini_default/quantum/rgblight.o
 .progmem.data.__c.2916
                0x00000000000003e4       0x28 .build/obj_niu_mini_default/quantum/rgblight.o
 .progmem.data.__c.2914
                0x000000000000040c       0x16 .build/obj_niu_mini_default/quantum/rgblight.o
 .progmem.data.__c.2912
                0x0000000000000422       0x17 .build/obj_niu_mini_default/quantum/rgblight.o
 .progmem.data.__c.2907
                0x0000000000000439       0x1c .build/obj_niu_mini_default/quantum/rgblight.o
 .progmem.data.__c.2905
                0x0000000000000455       0x1a .build/obj_niu_mini_default/quantum/rgblight.o
 .progmem.data.__c.2903
                0x000000000000046f       0x1a .build/obj_niu_mini_default/quantum/rgblight.o
 .progmem.data.__c.2901
                0x0000000000000489       0x1a .build/obj_niu_mini_default/quantum/rgblight.o
 .progmem.data.__c.2899
                0x00000000000004a3       0x1b .build/obj_niu_mini_default/quantum/rgblight.o
 .progmem.data.__c.2897
                0x00000000000004be       0x1d .build/obj_niu_mini_default/quantum/rgblight.o
 .progmem.data.__c.2895
                0x00000000000004db       0x19 .build/obj_niu_mini_default/quantum/rgblight.o
 .progmem.data.RGBLED_RGBTEST_INTERVALS
                0x00000000000004f4        0x2 .build/obj_niu_mini_default/quantum/rgblight.o
                0x00000000000004f4                RGBLED_RGBTEST_INTERVALS
 .progmem.data.RGBLED_KNIGHT_INTERVALS
                0x00000000000004f6        0x3 .build/obj_niu_mini_default/quantum/rgblight.o
                0x00000000000004f6                RGBLED_KNIGHT_INTERVALS
 .progmem.data.RGBLED_SNAKE_INTERVALS
                0x00000000000004f9        0x3 .build/obj_niu_mini_default/quantum/rgblight.o
                0x00000000000004f9                RGBLED_SNAKE_INTERVALS
 .progmem.data.RGBLED_RAINBOW_SWIRL_INTERVALS
                0x00000000000004fc        0x3 .build/obj_niu_mini_default/quantum/rgblight.o
                0x00000000000004fc                RGBLED_RAINBOW_SWIRL_INTERVALS
 .progmem.data.RGBLED_RAINBOW_MOOD_INTERVALS
                0x00000000000004ff        0x3 .build/obj_niu_mini_default/quantum/rgblight.o
                0x00000000000004ff                RGBLED_RAINBOW_MOOD_INTERVALS
 .progmem.data.RGBLED_BREATHING_INTERVALS
                0x0000000000000502        0x4 .build/obj_niu_mini_default/quantum/rgblight.o
                0x0000000000000502                RGBLED_BREATHING_INTERVALS
 .progmem.data.rgblight_effect_breathe_table
                0x0000000000000506      0x100 .build/obj_niu_mini_default/quantum/rgblight.o
                0x0000000000000506                rgblight_effect_breathe_table
 .progmem.data.RGBLED_GRADIENT_RANGES
                0x0000000000000606        0x5 .build/obj_niu_mini_default/quantum/rgblight.o
                0x0000000000000606                RGBLED_GRADIENT_RANGES
 .progmem.data.CIE1931_CURVE
                0x000000000000060b      0x100 .build/obj_niu_mini_default/quantum/led_tables.o
                0x000000000000060b                CIE1931_CURVE
 .progmem.data.__c.2088
                0x000000000000070b        0x2 .build/obj_niu_mini_default/common/host.o
 .progmem.data.__c.2083
                0x000000000000070d        0x6 .build/obj_niu_mini_default/common/host.o
 .progmem.data.__c.2080
                0x0000000000000713       0x12 .build/obj_niu_mini_default/common/host.o
 .progmem.data.__c.3222
                0x0000000000000725        0x2 .build/obj_niu_mini_default/common/keyboard.o
 .progmem.data.__c.3220
                0x0000000000000727        0x5 .build/obj_niu_mini_default/common/keyboard.o
 .progmem.data.__c.3218
                0x000000000000072c       0x13 .build/obj_niu_mini_default/common/keyboard.o
 .progmem.data.__c.1858
                0x000000000000073f       0x14 .build/obj_niu_mini_default/common/backlight.o
 .progmem.data.__c.1850
                0x0000000000000753       0x13 .build/obj_niu_mini_default/common/backlight.o
 .progmem.data.__c.1845
                0x0000000000000766       0x12 .build/obj_niu_mini_default/common/backlight.o
 .progmem.data.__c.1840
                0x0000000000000778       0x16 .build/obj_niu_mini_default/common/backlight.o
 .progmem.data.__c.1834
                0x000000000000078e       0x18 .build/obj_niu_mini_default/common/backlight.o
 .progmem.data.__c.1829
                0x00000000000007a6       0x18 .build/obj_niu_mini_default/common/backlight.o
 .progmem.data.__c.6205
                0x00000000000007be        0x4 .build/obj_niu_mini_default/lufa.o
 .progmem.data.__c.6203
                0x00000000000007c2       0x11 .build/obj_niu_mini_default/lufa.o
 .progmem.data.__c.6098
                0x00000000000007d3        0x4 .build/obj_niu_mini_default/lufa.o
 .progmem.data.__c.6094
                0x00000000000007d7        0x4 .build/obj_niu_mini_default/lufa.o
 .progmem.data.__c.6090
                0x00000000000007db        0x4 .build/obj_niu_mini_default/lufa.o
 .progmem.data.__c.6085
                0x00000000000007df        0x4 .build/obj_niu_mini_default/lufa.o
 .progmem.data.__c.6080
                0x00000000000007e3        0x4 .build/obj_niu_mini_default/lufa.o
 .progmem.data.SerialNumberString
                0x00000000000007e7        0x6 .build/obj_niu_mini_default/usb_descriptor.o
                0x00000000000007e7                SerialNumberString
 .progmem.data.ProductString
                0x00000000000007ed       0x14 .build/obj_niu_mini_default/usb_descriptor.o
                0x00000000000007ed                ProductString
 .progmem.data.ManufacturerString
                0x0000000000000801       0x12 .build/obj_niu_mini_default/usb_descriptor.o
                0x0000000000000801                ManufacturerString
 .progmem.data.LanguageString
                0x0000000000000813        0x4 .build/obj_niu_mini_default/usb_descriptor.o
                0x0000000000000813                LanguageString
 .progmem.data.ConfigurationDescriptor
                0x0000000000000817       0x5b .build/obj_niu_mini_default/usb_descriptor.o
                0x0000000000000817                ConfigurationDescriptor
 .progmem.data.DeviceDescriptor
                0x0000000000000872       0x12 .build/obj_niu_mini_default/usb_descriptor.o
                0x0000000000000872                DeviceDescriptor
 .progmem.data.ConsoleReport
                0x0000000000000884       0x22 .build/obj_niu_mini_default/usb_descriptor.o
                0x0000000000000884                ConsoleReport
 .progmem.data.SharedReport
                0x00000000000008a6       0x36 .build/obj_niu_mini_default/usb_descriptor.o
                0x00000000000008a6                SharedReport
 .progmem.data.KeyboardReport
                0x00000000000008dc       0x40 .build/obj_niu_mini_default/usb_descriptor.o
                0x00000000000008dc                KeyboardReport
                0x000000000000091c                . = ALIGN (0x2)
 *(.lowtext)
 *(.lowtext*)
                0x000000000000091c                __ctors_start = .
 *(.ctors)
                0x000000000000091c                __ctors_end = .
                0x000000000000091c                __dtors_start = .
 *(.dtors)
                0x000000000000091c                __dtors_end = .
 SORT_BY_NAME(*)(.ctors)
 SORT_BY_NAME(*)(.dtors)
 *(.init0)
 .init0         0x000000000000091c        0x0 /usr/local/Cellar/avr-gcc@8/8.3.0/lib/avr-gcc/8/gcc/avr/8.3.0/../../../../../../avr/lib/avr5/crtatmega32u4.o
                0x000000000000091c                __init
 *(.init0)
 *(.init1)
 *(.init1)
 *(.init2)
 .init2         0x000000000000091c        0xc /usr/local/Cellar/avr-gcc@8/8.3.0/lib/avr-gcc/8/gcc/avr/8.3.0/../../../../../../avr/lib/avr5/crtatmega32u4.o
 *(.init2)
 *(.init3)
 .init3         0x0000000000000928       0x54 .build/obj_niu_mini_default/common/avr/bootloader.o
                0x0000000000000928                bootloader_jump_after_watchdog_reset
 *(.init3)
 *(.init4)
 .init4         0x000000000000097c       0x16 /usr/local/Cellar/avr-gcc@8/8.3.0/lib/avr-gcc/8/gcc/avr/8.3.0/avr5/libgcc.a(_copy_data.o)
                0x000000000000097c                __do_copy_data
 .init4         0x0000000000000992       0x10 /usr/local/Cellar/avr-gcc@8/8.3.0/lib/avr-gcc/8/gcc/avr/8.3.0/avr5/libgcc.a(_clear_bss.o)
                0x0000000000000992                __do_clear_bss
 *(.init4)
 *(.init5)
 *(.init5)
 *(.init6)
 *(.init6)
 *(.init7)
 *(.init7)
 *(.init8)
 *(.init8)
 *(.init9)
 .init9         0x00000000000009a2        0x8 /usr/local/Cellar/avr-gcc@8/8.3.0/lib/avr-gcc/8/gcc/avr/8.3.0/../../../../../../avr/lib/avr5/crtatmega32u4.o
 *(.init9)
 *(.text)
 .text          0x00000000000009aa        0x4 /usr/local/Cellar/avr-gcc@8/8.3.0/lib/avr-gcc/8/gcc/avr/8.3.0/../../../../../../avr/lib/avr5/crtatmega32u4.o
                0x00000000000009aa                __vector_42
                0x00000000000009aa                __vector_22
                0x00000000000009aa                __vector_28
                0x00000000000009aa                __vector_1
                0x00000000000009aa                __vector_32
                0x00000000000009aa                __vector_34
                0x00000000000009aa                __vector_24
                0x00000000000009aa                __bad_interrupt
                0x00000000000009aa                __vector_6
                0x00000000000009aa                __vector_31
                0x00000000000009aa                __vector_35
                0x00000000000009aa                __vector_39
                0x00000000000009aa                __vector_3
                0x00000000000009aa                __vector_23
                0x00000000000009aa                __vector_30
                0x00000000000009aa                __vector_25
                0x00000000000009aa                __vector_13
                0x00000000000009aa                __vector_17
                0x00000000000009aa                __vector_19
                0x00000000000009aa                __vector_7
                0x00000000000009aa                __vector_41
                0x00000000000009aa                __vector_27
                0x00000000000009aa                __vector_5
                0x00000000000009aa                __vector_33
                0x00000000000009aa                __vector_37
                0x00000000000009aa                __vector_4
                0x00000000000009aa                __vector_9
                0x00000000000009aa                __vector_2
                0x00000000000009aa                __vector_15
                0x00000000000009aa                __vector_36
                0x00000000000009aa                __vector_29
                0x00000000000009aa                __vector_40
                0x00000000000009aa                __vector_8
                0x00000000000009aa                __vector_26
                0x00000000000009aa                __vector_14
                0x00000000000009aa                __vector_16
                0x00000000000009aa                __vector_18
                0x00000000000009aa                __vector_20
                0x00000000000009aa                __vector_38
 .text          0x00000000000009ae      0x15c .build/obj_niu_mini_default/common/avr/xprintf.o
                0x00000000000009ae                xputc
                0x00000000000009c6                xputs
                0x00000000000009d4                xitoa
                0x0000000000000af8                __xprintf
                0x0000000000000b0a                . = ALIGN (0x2)
 *(.text.*)
 .text.matrix_init_kb
                0x0000000000000b0a        0x8 .build/obj_niu_mini_default/keyboards/niu_mini/niu_mini.o
                0x0000000000000b0a                matrix_init_kb
 .text.matrix_init_user
                0x0000000000000b12        0x2 .build/obj_niu_mini_default/keyboards/niu_mini/keymaps/default/keymap.o
                0x0000000000000b12                matrix_init_user
 .text.matrix_scan_user
                0x0000000000000b14        0x2 .build/obj_niu_mini_default/keyboards/niu_mini/keymaps/default/keymap.o
                0x0000000000000b14                matrix_scan_user
 .text.process_record_user
                0x0000000000000b16        0x4 .build/obj_niu_mini_default/keyboards/niu_mini/keymaps/default/keymap.o
                0x0000000000000b16                process_record_user
 .text.led_set_user
                0x0000000000000b1a        0x2 .build/obj_niu_mini_default/keyboards/niu_mini/keymaps/default/keymap.o
                0x0000000000000b1a                led_set_user
 .text.process_action_kb
                0x0000000000000b1c        0x4 .build/obj_niu_mini_default/quantum/quantum.o
                0x0000000000000b1c                process_action_kb
 .text.process_record_kb
                0x0000000000000b20        0x4 .build/obj_niu_mini_default/quantum/quantum.o
                0x0000000000000b20                process_record_kb
 .text.get_event_keycode
                0x0000000000000b24       0x62 .build/obj_niu_mini_default/quantum/quantum.o
                0x0000000000000b24                get_event_keycode
 .text.get_record_keycode
                0x0000000000000b86       0x10 .build/obj_niu_mini_default/quantum/quantum.o
                0x0000000000000b86                get_record_keycode
 .text.matrix_scan_quantum
                0x0000000000000b96        0x4 .build/obj_niu_mini_default/quantum/quantum.o
                0x0000000000000b96                matrix_scan_quantum
 .text.backlight_on
                0x0000000000000b9a       0x22 .build/obj_niu_mini_default/quantum/quantum.o
                0x0000000000000b9a                backlight_on
 .text.backlight_set
                0x0000000000000bbc       0xb0 .build/obj_niu_mini_default/quantum/quantum.o
                0x0000000000000bbc                backlight_set
 .text.backlight_init_ports
                0x0000000000000c6c       0x24 .build/obj_niu_mini_default/quantum/quantum.o
                0x0000000000000c6c                backlight_init_ports
 .text.matrix_init_quantum
                0x0000000000000c90       0x14 .build/obj_niu_mini_default/quantum/quantum.o
                0x0000000000000c90                matrix_init_quantum
 .text.led_set_kb
                0x0000000000000ca4        0x4 .build/obj_niu_mini_default/quantum/quantum.o
                0x0000000000000ca4                led_set_kb
 .text.led_set  0x0000000000000ca8        0x4 .build/obj_niu_mini_default/quantum/quantum.o
                0x0000000000000ca8                led_set
 .text.shutdown_user
                0x0000000000000cac        0x2 .build/obj_niu_mini_default/quantum/quantum.o
                0x0000000000000cac                shutdown_user
 .text.reset_keyboard
                0x0000000000000cae       0x1e .build/obj_niu_mini_default/quantum/quantum.o
                0x0000000000000cae                reset_keyboard
 .text.process_record_quantum
                0x0000000000000ccc      0x558 .build/obj_niu_mini_default/quantum/quantum.o
                0x0000000000000ccc                process_record_quantum
 .text.action_get_macro
                0x0000000000001224        0x6 .build/obj_niu_mini_default/quantum/keymap_common.o
                0x0000000000001224                action_get_macro
 .text.action_function
                0x000000000000122a        0x2 .build/obj_niu_mini_default/quantum/keymap_common.o
                0x000000000000122a                action_function
 .text.keymap_key_to_keycode
                0x000000000000122c       0x28 .build/obj_niu_mini_default/quantum/keymap_common.o
                0x000000000000122c                keymap_key_to_keycode
 .text.keymap_function_id_to_action
                0x0000000000001254       0x10 .build/obj_niu_mini_default/quantum/keymap_common.o
                0x0000000000001254                keymap_function_id_to_action
 .text.action_for_key
                0x0000000000001264      0x3cc .build/obj_niu_mini_default/quantum/keymap_common.o
                0x0000000000001264                action_for_key
 .text.keycode_config
                0x0000000000001630      0x12e .build/obj_niu_mini_default/quantum/keycode_config.o
                0x0000000000001630                keycode_config
 .text.mod_config
                0x000000000000175e       0x86 .build/obj_niu_mini_default/quantum/keycode_config.o
                0x000000000000175e                mod_config
 .text.matrix_scan_kb
                0x00000000000017e4        0x4 .build/obj_niu_mini_default/quantum/matrix.o
                0x00000000000017e4                matrix_scan_kb
 .text.matrix_get_row
                0x00000000000017e8       0x12 .build/obj_niu_mini_default/quantum/matrix.o
                0x00000000000017e8                matrix_get_row
 .text.matrix_print
                0x00000000000017fa       0x8e .build/obj_niu_mini_default/quantum/matrix.o
                0x00000000000017fa                matrix_print
 .text.matrix_init
                0x0000000000001888       0xc2 .build/obj_niu_mini_default/quantum/matrix.o
                0x0000000000001888                matrix_init
 .text.matrix_scan
                0x000000000000194a      0x12c .build/obj_niu_mini_default/quantum/matrix.o
                0x000000000000194a                matrix_scan
 .text.debounce_init
                0x0000000000001a76        0x2 .build/obj_niu_mini_default/quantum/debounce/sym_g.o
                0x0000000000001a76                debounce_init
 .text.debounce
                0x0000000000001a78       0x72 .build/obj_niu_mini_default/quantum/debounce/sym_g.o
                0x0000000000001a78                debounce
 .text.hsv_to_rgb
                0x0000000000001aea      0x13a .build/obj_niu_mini_default/quantum/color.o
                0x0000000000001aea                hsv_to_rgb
 .text.rgblight_effect_dummy
                0x0000000000001c24        0x2 .build/obj_niu_mini_default/quantum/rgblight.o
 .text.sethsv_raw
                0x0000000000001c26       0x1c .build/obj_niu_mini_default/quantum/rgblight.o
                0x0000000000001c26                sethsv_raw
 .text.rgblight_check_config
                0x0000000000001c42       0x1e .build/obj_niu_mini_default/quantum/rgblight.o
                0x0000000000001c42                rgblight_check_config
 .text.eeconfig_read_rgblight
                0x0000000000001c60        0x8 .build/obj_niu_mini_default/quantum/rgblight.o
                0x0000000000001c60                eeconfig_read_rgblight
 .text.eeconfig_update_rgblight
                0x0000000000001c68       0x24 .build/obj_niu_mini_default/quantum/rgblight.o
                0x0000000000001c68                eeconfig_update_rgblight
 .text.eeconfig_update_rgblight_default
                0x0000000000001c8c       0x1e .build/obj_niu_mini_default/quantum/rgblight.o
                0x0000000000001c8c                eeconfig_update_rgblight_default
 .text.eeconfig_debug_rgblight
                0x0000000000001caa       0xf6 .build/obj_niu_mini_default/quantum/rgblight.o
                0x0000000000001caa                eeconfig_debug_rgblight
 .text.rgblight_get_mode
                0x0000000000001da0       0x10 .build/obj_niu_mini_default/quantum/rgblight.o
                0x0000000000001da0                rgblight_get_mode
 .text.rgblight_increase_speed
                0x0000000000001db0       0x22 .build/obj_niu_mini_default/quantum/rgblight.o
                0x0000000000001db0                rgblight_increase_speed
 .text.rgblight_decrease_speed
                0x0000000000001dd2       0x22 .build/obj_niu_mini_default/quantum/rgblight.o
                0x0000000000001dd2                rgblight_decrease_speed
 .text.rgblight_set
                0x0000000000001df4       0x46 .build/obj_niu_mini_default/quantum/rgblight.o
                0x0000000000001df4                rgblight_set
 .text.rgblight_setrgb
                0x0000000000001e3a       0x32 .build/obj_niu_mini_default/quantum/rgblight.o
                0x0000000000001e3a                rgblight_setrgb
 .text.rgblight_sethsv_noeeprom_old
                0x0000000000001e6c       0x34 .build/obj_niu_mini_default/quantum/rgblight.o
                0x0000000000001e6c                rgblight_sethsv_noeeprom_old
 .text.rgblight_effect_breathing
                0x0000000000001ea0       0x28 .build/obj_niu_mini_default/quantum/rgblight.o
                0x0000000000001ea0                rgblight_effect_breathing
 .text.rgblight_effect_rainbow_mood
                0x0000000000001ec8       0x20 .build/obj_niu_mini_default/quantum/rgblight.o
                0x0000000000001ec8                rgblight_effect_rainbow_mood
 .text.rgblight_effect_rgbtest
                0x0000000000001ee8       0x7e .build/obj_niu_mini_default/quantum/rgblight.o
                0x0000000000001ee8                rgblight_effect_rgbtest
 .text.rgblight_sethsv_eeprom_helper
                0x0000000000001f66      0x1cc .build/obj_niu_mini_default/quantum/rgblight.o
                0x0000000000001f66                rgblight_sethsv_eeprom_helper
 .text.rgblight_increase_hue_helper
                0x0000000000002132       0x14 .build/obj_niu_mini_default/quantum/rgblight.o
                0x0000000000002132                rgblight_increase_hue_helper
 .text.rgblight_increase_hue
                0x0000000000002146        0x6 .build/obj_niu_mini_default/quantum/rgblight.o
                0x0000000000002146                rgblight_increase_hue
 .text.rgblight_decrease_hue_helper
                0x000000000000214c       0x14 .build/obj_niu_mini_default/quantum/rgblight.o
                0x000000000000214c                rgblight_decrease_hue_helper
 .text.rgblight_decrease_hue
                0x0000000000002160        0x6 .build/obj_niu_mini_default/quantum/rgblight.o
                0x0000000000002160                rgblight_decrease_hue
 .text.rgblight_increase_sat_helper
                0x0000000000002166       0x18 .build/obj_niu_mini_default/quantum/rgblight.o
                0x0000000000002166                rgblight_increase_sat_helper
 .text.rgblight_increase_sat
                0x000000000000217e        0x6 .build/obj_niu_mini_default/quantum/rgblight.o
                0x000000000000217e                rgblight_increase_sat
 .text.rgblight_decrease_sat_helper
                0x0000000000002184       0x18 .build/obj_niu_mini_default/quantum/rgblight.o
                0x0000000000002184                rgblight_decrease_sat_helper
 .text.rgblight_decrease_sat
                0x000000000000219c        0x6 .build/obj_niu_mini_default/quantum/rgblight.o
                0x000000000000219c                rgblight_decrease_sat
 .text.rgblight_increase_val_helper
                0x00000000000021a2       0x18 .build/obj_niu_mini_default/quantum/rgblight.o
                0x00000000000021a2                rgblight_increase_val_helper
 .text.rgblight_increase_val
                0x00000000000021ba        0x6 .build/obj_niu_mini_default/quantum/rgblight.o
                0x00000000000021ba                rgblight_increase_val
 .text.rgblight_decrease_val_helper
                0x00000000000021c0       0x18 .build/obj_niu_mini_default/quantum/rgblight.o
                0x00000000000021c0                rgblight_decrease_val_helper
 .text.rgblight_decrease_val
                0x00000000000021d8        0x6 .build/obj_niu_mini_default/quantum/rgblight.o
                0x00000000000021d8                rgblight_decrease_val
 .text.rgblight_sethsv_noeeprom
                0x00000000000021de        0x6 .build/obj_niu_mini_default/quantum/rgblight.o
                0x00000000000021de                rgblight_sethsv_noeeprom
 .text.rgblight_effect_rainbow_swirl
                0x00000000000021e4       0x7a .build/obj_niu_mini_default/quantum/rgblight.o
                0x00000000000021e4                rgblight_effect_rainbow_swirl
 .text.rgblight_effect_snake
                0x000000000000225e       0xde .build/obj_niu_mini_default/quantum/rgblight.o
                0x000000000000225e                rgblight_effect_snake
 .text.rgblight_effect_knight
                0x000000000000233c       0xe6 .build/obj_niu_mini_default/quantum/rgblight.o
                0x000000000000233c                rgblight_effect_knight
 .text.rgblight_effect_christmas
                0x0000000000002422       0x76 .build/obj_niu_mini_default/quantum/rgblight.o
                0x0000000000002422                rgblight_effect_christmas
 .text.rgblight_effect_alternating
                0x0000000000002498       0x7a .build/obj_niu_mini_default/quantum/rgblight.o
                0x0000000000002498                rgblight_effect_alternating
 .text.rgblight_timer_enable
                0x0000000000002512       0x44 .build/obj_niu_mini_default/quantum/rgblight.o
                0x0000000000002512                rgblight_timer_enable
 .text.rgblight_timer_disable
                0x0000000000002556       0x1e .build/obj_niu_mini_default/quantum/rgblight.o
                0x0000000000002556                rgblight_timer_disable
 .text.rgblight_mode_eeprom_helper
                0x0000000000002574       0xb2 .build/obj_niu_mini_default/quantum/rgblight.o
                0x0000000000002574                rgblight_mode_eeprom_helper
 .text.rgblight_step_helper
                0x0000000000002626       0x16 .build/obj_niu_mini_default/quantum/rgblight.o
                0x0000000000002626                rgblight_step_helper
 .text.rgblight_step
                0x000000000000263c        0x6 .build/obj_niu_mini_default/quantum/rgblight.o
                0x000000000000263c                rgblight_step
 .text.rgblight_step_reverse_helper
                0x0000000000002642       0x14 .build/obj_niu_mini_default/quantum/rgblight.o
                0x0000000000002642                rgblight_step_reverse_helper
 .text.rgblight_step_reverse
                0x0000000000002656        0x6 .build/obj_niu_mini_default/quantum/rgblight.o
                0x0000000000002656                rgblight_step_reverse
 .text.rgblight_mode
                0x000000000000265c        0x6 .build/obj_niu_mini_default/quantum/rgblight.o
                0x000000000000265c                rgblight_mode
 .text.rgblight_enable
                0x0000000000002662       0x36 .build/obj_niu_mini_default/quantum/rgblight.o
                0x0000000000002662                rgblight_enable
 .text.rgblight_mode_noeeprom
                0x0000000000002698        0x6 .build/obj_niu_mini_default/quantum/rgblight.o
                0x0000000000002698                rgblight_mode_noeeprom
 .text.rgblight_init
                0x000000000000269e       0xd0 .build/obj_niu_mini_default/quantum/rgblight.o
                0x000000000000269e                rgblight_init
 .text.rgblight_disable
                0x000000000000276e       0x5e .build/obj_niu_mini_default/quantum/rgblight.o
                0x000000000000276e                rgblight_disable
 .text.rgblight_toggle
                0x00000000000027cc       0x36 .build/obj_niu_mini_default/quantum/rgblight.o
                0x00000000000027cc                rgblight_toggle
 .text.rgblight_task
                0x0000000000002802      0x136 .build/obj_niu_mini_default/quantum/rgblight.o
                0x0000000000002802                rgblight_task
 .text.ws2812_sendarray_mask
                0x0000000000002938       0x44 .build/obj_niu_mini_default/ws2812.o
                0x0000000000002938                ws2812_sendarray_mask
 .text.ws2812_setleds_pin
                0x000000000000297c       0x22 .build/obj_niu_mini_default/ws2812.o
                0x000000000000297c                ws2812_setleds_pin
 .text.ws2812_setleds
                0x000000000000299e        0x6 .build/obj_niu_mini_default/ws2812.o
                0x000000000000299e                ws2812_setleds
 .text.perform_space_cadet
                0x00000000000029a4       0xda .build/obj_niu_mini_default/quantum/process_keycode/process_space_cadet.o
                0x00000000000029a4                perform_space_cadet
 .text.process_space_cadet
                0x0000000000002a7e       0x82 .build/obj_niu_mini_default/quantum/process_keycode/process_space_cadet.o
                0x0000000000002a7e                process_space_cadet
 .text.host_set_driver
                0x0000000000002b00        0xa .build/obj_niu_mini_default/common/host.o
                0x0000000000002b00                host_set_driver
 .text.host_keyboard_leds
                0x0000000000002b0a       0x18 .build/obj_niu_mini_default/common/host.o
                0x0000000000002b0a                host_keyboard_leds
 .text.host_keyboard_send
                0x0000000000002b22       0x98 .build/obj_niu_mini_default/common/host.o
                0x0000000000002b22                host_keyboard_send
 .text.host_system_send
                0x0000000000002bba       0x2c .build/obj_niu_mini_default/common/host.o
                0x0000000000002bba                host_system_send
 .text.host_consumer_send
                0x0000000000002be6       0x2c .build/obj_niu_mini_default/common/host.o
                0x0000000000002be6                host_consumer_send
 .text.disable_jtag
                0x0000000000002c12        0xe .build/obj_niu_mini_default/common/keyboard.o
                0x0000000000002c12                disable_jtag
 .text.keyboard_pre_init_user
                0x0000000000002c20        0x2 .build/obj_niu_mini_default/common/keyboard.o
                0x0000000000002c20                keyboard_pre_init_user
 .text.matrix_setup
                0x0000000000002c22        0x2 .build/obj_niu_mini_default/common/keyboard.o
                0x0000000000002c22                matrix_setup
 .text.keyboard_pre_init_kb
                0x0000000000002c24        0x4 .build/obj_niu_mini_default/common/keyboard.o
                0x0000000000002c24                keyboard_pre_init_kb
 .text.keyboard_post_init_user
                0x0000000000002c28        0x2 .build/obj_niu_mini_default/common/keyboard.o
                0x0000000000002c28                keyboard_post_init_user
 .text.keyboard_post_init_kb
                0x0000000000002c2a        0x4 .build/obj_niu_mini_default/common/keyboard.o
                0x0000000000002c2a                keyboard_post_init_kb
 .text.keyboard_setup
                0x0000000000002c2e        0xc .build/obj_niu_mini_default/common/keyboard.o
                0x0000000000002c2e                keyboard_setup
 .text.is_keyboard_master
                0x0000000000002c3a        0x4 .build/obj_niu_mini_default/common/keyboard.o
                0x0000000000002c3a                is_keyboard_master
 .text.keyboard_init
                0x0000000000002c3e       0x18 .build/obj_niu_mini_default/common/keyboard.o
                0x0000000000002c3e                keyboard_init
 .text.keyboard_set_leds
                0x0000000000002c56       0x50 .build/obj_niu_mini_default/common/keyboard.o
                0x0000000000002c56                keyboard_set_leds
 .text.keyboard_task
                0x0000000000002ca6      0x17a .build/obj_niu_mini_default/common/keyboard.o
                0x0000000000002ca6                keyboard_task
 .text.action_exec
                0x0000000000002e20       0x54 .build/obj_niu_mini_default/common/action.o
                0x0000000000002e20                action_exec
 .text.process_record_tap_hint
                0x0000000000002e74        0xa .build/obj_niu_mini_default/common/action.o
                0x0000000000002e74                process_record_tap_hint
 .text.register_code
                0x0000000000002e7e      0x206 .build/obj_niu_mini_default/common/action.o
                0x0000000000002e7e                register_code
 .text.unregister_code
                0x0000000000003084       0x9e .build/obj_niu_mini_default/common/action.o
                0x0000000000003084                unregister_code
 .text.tap_code
                0x0000000000003122       0x26 .build/obj_niu_mini_default/common/action.o
                0x0000000000003122                tap_code
 .text.register_mods
                0x0000000000003148        0xe .build/obj_niu_mini_default/common/action.o
                0x0000000000003148                register_mods
 .text.unregister_mods
                0x0000000000003156        0xe .build/obj_niu_mini_default/common/action.o
                0x0000000000003156                unregister_mods
 .text.process_action
                0x0000000000003164      0x45a .build/obj_niu_mini_default/common/action.o
                0x0000000000003164                process_action
 .text.process_record
                0x00000000000035be       0x54 .build/obj_niu_mini_default/common/action.o
                0x00000000000035be                process_record
 .text.clear_keyboard_but_mods_and_keys
                0x0000000000003612       0x1c .build/obj_niu_mini_default/common/action.o
                0x0000000000003612                clear_keyboard_but_mods_and_keys
 .text.clear_keyboard_but_mods
                0x000000000000362e        0x8 .build/obj_niu_mini_default/common/action.o
                0x000000000000362e                clear_keyboard_but_mods
 .text.clear_keyboard
                0x0000000000003636        0x8 .build/obj_niu_mini_default/common/action.o
                0x0000000000003636                clear_keyboard
 .text.is_tap_action
                0x000000000000363e       0x3e .build/obj_niu_mini_default/common/action.o
                0x000000000000363e                is_tap_action
 .text.is_tap_key
                0x000000000000367c        0x8 .build/obj_niu_mini_default/common/action.o
                0x000000000000367c                is_tap_key
 .text.debug_event
                0x0000000000003684       0x1e .build/obj_niu_mini_default/common/action.o
                0x0000000000003684                debug_event
 .text.debug_record
                0x00000000000036a2       0x20 .build/obj_niu_mini_default/common/action.o
                0x00000000000036a2                debug_record
 .text.debug_waiting_buffer
                0x00000000000036c2       0x42 .build/obj_niu_mini_default/common/action_tapping.o
 .text.debug_tapping_key
                0x0000000000003704       0x1c .build/obj_niu_mini_default/common/action_tapping.o
 .text.waiting_buffer_scan_tap
                0x0000000000003720       0xc8 .build/obj_niu_mini_default/common/action_tapping.o
 .text.process_tapping
                0x00000000000037e8      0x38e .build/obj_niu_mini_default/common/action_tapping.o
 .text.action_tapping_process
                0x0000000000003b76      0x134 .build/obj_niu_mini_default/common/action_tapping.o
                0x0000000000003b76                action_tapping_process
 .text.action_macro_play
                0x0000000000003caa       0xf0 .build/obj_niu_mini_default/common/action_macro.o
                0x0000000000003caa                action_macro_play
 .text.default_layer_state_set_user
                0x0000000000003d9a        0x2 .build/obj_niu_mini_default/common/action_layer.o
                0x0000000000003d9a                default_layer_state_set_user
 .text.default_layer_state_set_kb
                0x0000000000003d9c        0x4 .build/obj_niu_mini_default/common/action_layer.o
                0x0000000000003d9c                default_layer_state_set_kb
 .text.default_layer_state_set
                0x0000000000003da0       0x18 .build/obj_niu_mini_default/common/action_layer.o
 .text.default_layer_debug
                0x0000000000003db8        0x2 .build/obj_niu_mini_default/common/action_layer.o
                0x0000000000003db8                default_layer_debug
 .text.default_layer_set
                0x0000000000003dba        0x4 .build/obj_niu_mini_default/common/action_layer.o
                0x0000000000003dba                default_layer_set
 .text.default_layer_or
                0x0000000000003dbe       0x24 .build/obj_niu_mini_default/common/action_layer.o
                0x0000000000003dbe                default_layer_or
 .text.default_layer_and
                0x0000000000003de2       0x24 .build/obj_niu_mini_default/common/action_layer.o
                0x0000000000003de2                default_layer_and
 .text.default_layer_xor
                0x0000000000003e06       0x24 .build/obj_niu_mini_default/common/action_layer.o
                0x0000000000003e06                default_layer_xor
 .text.layer_state_set_user
                0x0000000000003e2a        0x4 .build/obj_niu_mini_default/common/action_layer.o
                0x0000000000003e2a                layer_state_set_user
 .text.layer_state_set_kb
                0x0000000000003e2e        0x4 .build/obj_niu_mini_default/common/action_layer.o
                0x0000000000003e2e                layer_state_set_kb
 .text.layer_state_set
                0x0000000000003e32       0x18 .build/obj_niu_mini_default/common/action_layer.o
                0x0000000000003e32                layer_state_set
 .text.layer_clear
                0x0000000000003e4a        0xa .build/obj_niu_mini_default/common/action_layer.o
                0x0000000000003e4a                layer_clear
 .text.layer_move
                0x0000000000003e54       0x2a .build/obj_niu_mini_default/common/action_layer.o
                0x0000000000003e54                layer_move
 .text.layer_on
                0x0000000000003e7e       0x42 .build/obj_niu_mini_default/common/action_layer.o
                0x0000000000003e7e                layer_on
 .text.layer_off
                0x0000000000003ec0       0x46 .build/obj_niu_mini_default/common/action_layer.o
                0x0000000000003ec0                layer_off
 .text.layer_invert
                0x0000000000003f06       0x42 .build/obj_niu_mini_default/common/action_layer.o
                0x0000000000003f06                layer_invert
 .text.layer_or
                0x0000000000003f48       0x24 .build/obj_niu_mini_default/common/action_layer.o
                0x0000000000003f48                layer_or
 .text.layer_and
                0x0000000000003f6c       0x24 .build/obj_niu_mini_default/common/action_layer.o
                0x0000000000003f6c                layer_and
 .text.layer_xor
                0x0000000000003f90       0x24 .build/obj_niu_mini_default/common/action_layer.o
                0x0000000000003f90                layer_xor
 .text.layer_debug
                0x0000000000003fb4        0x2 .build/obj_niu_mini_default/common/action_layer.o
                0x0000000000003fb4                layer_debug
 .text.update_source_layers_cache
                0x0000000000003fb6       0x58 .build/obj_niu_mini_default/common/action_layer.o
                0x0000000000003fb6                update_source_layers_cache
 .text.read_source_layers_cache
                0x000000000000400e       0x50 .build/obj_niu_mini_default/common/action_layer.o
                0x000000000000400e                read_source_layers_cache
 .text.layer_switch_get_layer
                0x000000000000405e       0x84 .build/obj_niu_mini_default/common/action_layer.o
                0x000000000000405e                layer_switch_get_layer
 .text.layer_switch_get_action
                0x00000000000040e2       0x14 .build/obj_niu_mini_default/common/action_layer.o
                0x00000000000040e2                layer_switch_get_action
 .text.store_or_get_action
                0x00000000000040f6       0x48 .build/obj_niu_mini_default/common/action_layer.o
                0x00000000000040f6                store_or_get_action
 .text.add_key  0x000000000000413e        0xe .build/obj_niu_mini_default/common/action_util.o
                0x000000000000413e                add_key
 .text.del_key  0x000000000000414c        0xe .build/obj_niu_mini_default/common/action_util.o
                0x000000000000414c                del_key
 .text.clear_keys
                0x000000000000415a        0xc .build/obj_niu_mini_default/common/action_util.o
                0x000000000000415a                clear_keys
 .text.get_oneshot_layer
                0x0000000000004166        0xc .build/obj_niu_mini_default/common/action_util.o
                0x0000000000004166                get_oneshot_layer
 .text.get_oneshot_layer_state
                0x0000000000004172        0x8 .build/obj_niu_mini_default/common/action_util.o
                0x0000000000004172                get_oneshot_layer_state
 .text.is_oneshot_layer_active
                0x000000000000417a        0xe .build/obj_niu_mini_default/common/action_util.o
                0x000000000000417a                is_oneshot_layer_active
 .text.get_mods
                0x0000000000004188        0x6 .build/obj_niu_mini_default/common/action_util.o
                0x0000000000004188                get_mods
 .text.add_mods
                0x000000000000418e        0xc .build/obj_niu_mini_default/common/action_util.o
                0x000000000000418e                add_mods
 .text.del_mods
                0x000000000000419a        0xe .build/obj_niu_mini_default/common/action_util.o
                0x000000000000419a                del_mods
 .text.clear_mods
                0x00000000000041a8        0x6 .build/obj_niu_mini_default/common/action_util.o
                0x00000000000041a8                clear_mods
 .text.add_weak_mods
                0x00000000000041ae        0xc .build/obj_niu_mini_default/common/action_util.o
                0x00000000000041ae                add_weak_mods
 .text.del_weak_mods
                0x00000000000041ba        0xe .build/obj_niu_mini_default/common/action_util.o
                0x00000000000041ba                del_weak_mods
 .text.clear_weak_mods
                0x00000000000041c8        0x6 .build/obj_niu_mini_default/common/action_util.o
                0x00000000000041c8                clear_weak_mods
 .text.add_macro_mods
                0x00000000000041ce        0xc .build/obj_niu_mini_default/common/action_util.o
                0x00000000000041ce                add_macro_mods
 .text.del_macro_mods
                0x00000000000041da        0xe .build/obj_niu_mini_default/common/action_util.o
                0x00000000000041da                del_macro_mods
 .text.clear_macro_mods
                0x00000000000041e8        0x6 .build/obj_niu_mini_default/common/action_util.o
                0x00000000000041e8                clear_macro_mods
 .text.get_oneshot_mods
                0x00000000000041ee        0x6 .build/obj_niu_mini_default/common/action_util.o
                0x00000000000041ee                get_oneshot_mods
 .text.oneshot_mods_changed_user
                0x00000000000041f4        0x2 .build/obj_niu_mini_default/common/action_util.o
                0x00000000000041f4                oneshot_mods_changed_user
 .text.oneshot_mods_changed_kb
                0x00000000000041f6        0x4 .build/obj_niu_mini_default/common/action_util.o
                0x00000000000041f6                oneshot_mods_changed_kb
 .text.set_oneshot_mods
                0x00000000000041fa       0x12 .build/obj_niu_mini_default/common/action_util.o
                0x00000000000041fa                set_oneshot_mods
 .text.clear_oneshot_mods
                0x000000000000420c       0x14 .build/obj_niu_mini_default/common/action_util.o
                0x000000000000420c                clear_oneshot_mods
 .text.send_keyboard_report
                0x0000000000004220       0x66 .build/obj_niu_mini_default/common/action_util.o
                0x0000000000004220                send_keyboard_report
 .text.oneshot_layer_changed_user
                0x0000000000004286        0x2 .build/obj_niu_mini_default/common/action_util.o
                0x0000000000004286                oneshot_layer_changed_user
 .text.oneshot_layer_changed_kb
                0x0000000000004288        0x4 .build/obj_niu_mini_default/common/action_util.o
                0x0000000000004288                oneshot_layer_changed_kb
 .text.set_oneshot_layer
                0x000000000000428c       0x20 .build/obj_niu_mini_default/common/action_util.o
                0x000000000000428c                set_oneshot_layer
 .text.reset_oneshot_layer
                0x00000000000042ac        0xa .build/obj_niu_mini_default/common/action_util.o
                0x00000000000042ac                reset_oneshot_layer
 .text.clear_oneshot_layer_state
                0x00000000000042b6       0x30 .build/obj_niu_mini_default/common/action_util.o
                0x00000000000042b6                clear_oneshot_layer_state
 .text.print_set_sendchar
                0x00000000000042e6        0xa .build/obj_niu_mini_default/common/print.o
                0x00000000000042e6                print_set_sendchar
 .text.bitrev   0x00000000000042f0       0x30 .build/obj_niu_mini_default/common/util.o
                0x00000000000042f0                bitrev
 .text.bitrev16
                0x0000000000004320       0x1a .build/obj_niu_mini_default/common/util.o
                0x0000000000004320                bitrev16
 .text.eeconfig_is_enabled
                0x000000000000433a       0x16 .build/obj_niu_mini_default/common/eeconfig.o
                0x000000000000433a                eeconfig_is_enabled
 .text.eeconfig_read_debug
                0x0000000000004350        0x8 .build/obj_niu_mini_default/common/eeconfig.o
                0x0000000000004350                eeconfig_read_debug
 .text.eeconfig_read_default_layer
                0x0000000000004358        0x8 .build/obj_niu_mini_default/common/eeconfig.o
                0x0000000000004358                eeconfig_read_default_layer
 .text.eeconfig_read_keymap
                0x0000000000004360       0x1c .build/obj_niu_mini_default/common/eeconfig.o
                0x0000000000004360                eeconfig_read_keymap
 .text.eeconfig_update_keymap
                0x000000000000437c       0x1a .build/obj_niu_mini_default/common/eeconfig.o
                0x000000000000437c                eeconfig_update_keymap
 .text.eeconfig_read_backlight
                0x0000000000004396        0x8 .build/obj_niu_mini_default/common/eeconfig.o
                0x0000000000004396                eeconfig_read_backlight
 .text.eeconfig_update_backlight
                0x000000000000439e        0xa .build/obj_niu_mini_default/common/eeconfig.o
                0x000000000000439e                eeconfig_update_backlight
 .text.eeconfig_update_kb
                0x00000000000043a8        0xc .build/obj_niu_mini_default/common/eeconfig.o
                0x00000000000043a8                eeconfig_update_kb
 .text.eeconfig_update_user
                0x00000000000043b4        0xc .build/obj_niu_mini_default/common/eeconfig.o
                0x00000000000043b4                eeconfig_update_user
 .text.eeconfig_init_user
                0x00000000000043c0        0xa .build/obj_niu_mini_default/common/eeconfig.o
                0x00000000000043c0                eeconfig_init_user
 .text.eeconfig_init_kb
                0x00000000000043ca        0xe .build/obj_niu_mini_default/common/eeconfig.o
                0x00000000000043ca                eeconfig_init_kb
 .text.eeconfig_init_quantum
                0x00000000000043d8       0xae .build/obj_niu_mini_default/common/eeconfig.o
                0x00000000000043d8                eeconfig_init_quantum
 .text.eeconfig_init
                0x0000000000004486        0x4 .build/obj_niu_mini_default/common/eeconfig.o
                0x0000000000004486                eeconfig_init
 .text.has_anykey
                0x000000000000448a       0x24 .build/obj_niu_mini_default/common/report.o
                0x000000000000448a                has_anykey
 .text.add_key_byte
                0x00000000000044ae       0x34 .build/obj_niu_mini_default/common/report.o
                0x00000000000044ae                add_key_byte
 .text.del_key_byte
                0x00000000000044e2       0x1a .build/obj_niu_mini_default/common/report.o
                0x00000000000044e2                del_key_byte
 .text.add_key_to_report
                0x00000000000044fc        0x4 .build/obj_niu_mini_default/common/report.o
                0x00000000000044fc                add_key_to_report
 .text.del_key_from_report
                0x0000000000004500        0x4 .build/obj_niu_mini_default/common/report.o
                0x0000000000004500                del_key_from_report
 .text.clear_keys_from_report
                0x0000000000004504        0xe .build/obj_niu_mini_default/common/report.o
                0x0000000000004504                clear_keys_from_report
 .text.matrix_power_up
                0x0000000000004512        0x2 .build/obj_niu_mini_default/common/avr/suspend.o
                0x0000000000004512                matrix_power_up
 .text.suspend_power_down_user
                0x0000000000004514        0x2 .build/obj_niu_mini_default/common/avr/suspend.o
                0x0000000000004514                suspend_power_down_user
 .text.suspend_power_down_kb
                0x0000000000004516        0x4 .build/obj_niu_mini_default/common/avr/suspend.o
                0x0000000000004516                suspend_power_down_kb
 .text.suspend_power_down
                0x000000000000451a       0x66 .build/obj_niu_mini_default/common/avr/suspend.o
                0x000000000000451a                suspend_power_down
 .text.matrix_power_down
                0x0000000000004580        0x2 .build/obj_niu_mini_default/common/avr/suspend.o
                0x0000000000004580                matrix_power_down
 .text.suspend_wakeup_condition
                0x0000000000004582       0x2a .build/obj_niu_mini_default/common/avr/suspend.o
                0x0000000000004582                suspend_wakeup_condition
 .text.suspend_wakeup_init_user
                0x00000000000045ac        0x2 .build/obj_niu_mini_default/common/avr/suspend.o
                0x00000000000045ac                suspend_wakeup_init_user
 .text.suspend_wakeup_init_kb
                0x00000000000045ae        0x4 .build/obj_niu_mini_default/common/avr/suspend.o
                0x00000000000045ae                suspend_wakeup_init_kb
 .text.suspend_wakeup_init
                0x00000000000045b2       0x14 .build/obj_niu_mini_default/common/avr/suspend.o
                0x00000000000045b2                suspend_wakeup_init
 .text.__vector_12
                0x00000000000045c6       0x4e .build/obj_niu_mini_default/common/avr/suspend.o
                0x00000000000045c6                __vector_12
 .text.timer_init
                0x0000000000004614       0x12 .build/obj_niu_mini_default/common/avr/timer.o
                0x0000000000004614                timer_init
 .text.timer_read
                0x0000000000004626       0x18 .build/obj_niu_mini_default/common/avr/timer.o
                0x0000000000004626                timer_read
 .text.timer_elapsed
                0x000000000000463e       0x54 .build/obj_niu_mini_default/common/avr/timer.o
                0x000000000000463e                timer_elapsed
 .text.__vector_21
                0x0000000000004692       0x48 .build/obj_niu_mini_default/common/avr/timer.o
                0x0000000000004692                __vector_21
 .text.bootloader_jump
                0x00000000000046da       0x48 .build/obj_niu_mini_default/common/avr/bootloader.o
                0x00000000000046da                bootloader_jump
 .text.magic    0x0000000000004722       0x30 .build/obj_niu_mini_default/common/magic.o
                0x0000000000004722                magic
 .text.backlight_init
                0x0000000000004752       0x38 .build/obj_niu_mini_default/common/backlight.o
                0x0000000000004752                backlight_init
 .text.backlight_increase
                0x000000000000478a       0x66 .build/obj_niu_mini_default/common/backlight.o
                0x000000000000478a                backlight_increase
 .text.backlight_decrease
                0x00000000000047f0       0x60 .build/obj_niu_mini_default/common/backlight.o
                0x00000000000047f0                backlight_decrease
 .text.backlight_enable
                0x0000000000004850       0x48 .build/obj_niu_mini_default/common/backlight.o
                0x0000000000004850                backlight_enable
 .text.backlight_disable
                0x0000000000004898       0x32 .build/obj_niu_mini_default/common/backlight.o
                0x0000000000004898                backlight_disable
 .text.backlight_toggle
                0x00000000000048ca       0x38 .build/obj_niu_mini_default/common/backlight.o
                0x00000000000048ca                backlight_toggle
 .text.backlight_step
                0x0000000000004902       0x7c .build/obj_niu_mini_default/common/backlight.o
                0x0000000000004902                backlight_step
 .text.backlight_level
                0x000000000000497e       0x40 .build/obj_niu_mini_default/common/backlight.o
                0x000000000000497e                backlight_level
 .text.keyboard_leds
                0x00000000000049be        0x6 .build/obj_niu_mini_default/lufa.o
 .text.send_mouse
                0x00000000000049c4        0x2 .build/obj_niu_mini_default/lufa.o
 .text.sendchar
                0x00000000000049c6       0xc4 .build/obj_niu_mini_default/lufa.o
                0x00000000000049c6                sendchar
 .text.send_consumer
                0x0000000000004a8a       0x76 .build/obj_niu_mini_default/lufa.o
 .text.send_system
                0x0000000000004b00       0x6c .build/obj_niu_mini_default/lufa.o
 .text.send_keyboard
                0x0000000000004b6c       0x66 .build/obj_niu_mini_default/lufa.o
 .text.EVENT_USB_Device_Connect
                0x0000000000004bd2       0x24 .build/obj_niu_mini_default/lufa.o
                0x0000000000004bd2                EVENT_USB_Device_Connect
 .text.EVENT_USB_Device_Disconnect
                0x0000000000004bf6        0xe .build/obj_niu_mini_default/lufa.o
                0x0000000000004bf6                EVENT_USB_Device_Disconnect
 .text.EVENT_USB_Device_Reset
                0x0000000000004c04        0x8 .build/obj_niu_mini_default/lufa.o
                0x0000000000004c04                EVENT_USB_Device_Reset
 .text.EVENT_USB_Device_Suspend
                0x0000000000004c0c        0x8 .build/obj_niu_mini_default/lufa.o
                0x0000000000004c0c                EVENT_USB_Device_Suspend
 .text.EVENT_USB_Device_WakeUp
                0x0000000000004c14        0xc .build/obj_niu_mini_default/lufa.o
                0x0000000000004c14                EVENT_USB_Device_WakeUp
 .text.EVENT_USB_Device_StartOfFrame
                0x0000000000004c20       0x82 .build/obj_niu_mini_default/lufa.o
                0x0000000000004c20                EVENT_USB_Device_StartOfFrame
 .text.EVENT_USB_Device_ConfigurationChanged
                0x0000000000004ca2       0x1e .build/obj_niu_mini_default/lufa.o
                0x0000000000004ca2                EVENT_USB_Device_ConfigurationChanged
 .text.EVENT_USB_Device_ControlRequest
                0x0000000000004cc0      0x16e .build/obj_niu_mini_default/lufa.o
                0x0000000000004cc0                EVENT_USB_Device_ControlRequest
 .text.startup.main
                0x0000000000004e2e       0x92 .build/obj_niu_mini_default/lufa.o
                0x0000000000004e2e                main
 .text.CALLBACK_USB_GetDescriptor
                0x0000000000004ec0        0x4 .build/obj_niu_mini_default/lufa.o
                0x0000000000004ec0                CALLBACK_USB_GetDescriptor
 .text.get_usb_descriptor
                0x0000000000004ec4       0xba .build/obj_niu_mini_default/usb_descriptor.o
                0x0000000000004ec4                get_usb_descriptor
 .text.set_output_user
                0x0000000000004f7e        0x2 .build/obj_niu_mini_default/outputselect.o
                0x0000000000004f7e                set_output_user
 .text.set_output
                0x0000000000004f80       0x10 .build/obj_niu_mini_default/outputselect.o
                0x0000000000004f80                set_output
 .text.auto_detect_output
                0x0000000000004f90       0x10 .build/obj_niu_mini_default/outputselect.o
                0x0000000000004f90                auto_detect_output
 .text.where_to_send
                0x0000000000004fa0        0xe .build/obj_niu_mini_default/outputselect.o
                0x0000000000004fa0                where_to_send
 .text.USB_Device_SendRemoteWakeup
                0x0000000000004fae       0x2c .build/obj_niu_mini_default/lib/lufa/LUFA/Drivers/USB/Core/AVR8/Device_AVR8.o
                0x0000000000004fae                USB_Device_SendRemoteWakeup
 .text.Endpoint_Write_Stream_LE
                0x0000000000004fda       0x9e .build/obj_niu_mini_default/lib/lufa/LUFA/Drivers/USB/Core/AVR8/EndpointStream_AVR8.o
                0x0000000000004fda                Endpoint_Write_Stream_LE
 .text.Endpoint_Write_Control_Stream_LE
                0x0000000000005078       0xbc .build/obj_niu_mini_default/lib/lufa/LUFA/Drivers/USB/Core/AVR8/EndpointStream_AVR8.o
                0x0000000000005078                Endpoint_Write_Control_Stream_LE
 .text.Endpoint_Write_Control_PStream_LE
                0x0000000000005134       0xbe .build/obj_niu_mini_default/lib/lufa/LUFA/Drivers/USB/Core/AVR8/EndpointStream_AVR8.o
                0x0000000000005134                Endpoint_Write_Control_PStream_LE
 .text.Endpoint_ConfigureEndpoint_Prv
                0x00000000000051f2       0x68 .build/obj_niu_mini_default/lib/lufa/LUFA/Drivers/USB/Core/AVR8/Endpoint_AVR8.o
                0x00000000000051f2                Endpoint_ConfigureEndpoint_Prv
 .text.Endpoint_ClearStatusStage
                0x000000000000525a       0x3e .build/obj_niu_mini_default/lib/lufa/LUFA/Drivers/USB/Core/AVR8/Endpoint_AVR8.o
                0x000000000000525a                Endpoint_ClearStatusStage
 .text.Endpoint_WaitUntilReady
                0x0000000000005298       0x62 .build/obj_niu_mini_default/lib/lufa/LUFA/Drivers/USB/Core/AVR8/Endpoint_AVR8.o
                0x0000000000005298                Endpoint_WaitUntilReady
 .text.USB_Disable
                0x00000000000052fa       0x34 .build/obj_niu_mini_default/lib/lufa/LUFA/Drivers/USB/Core/AVR8/USBController_AVR8.o
                0x00000000000052fa                USB_Disable
 .text.USB_ResetInterface
                0x000000000000532e       0x86 .build/obj_niu_mini_default/lib/lufa/LUFA/Drivers/USB/Core/AVR8/USBController_AVR8.o
                0x000000000000532e                USB_ResetInterface
 .text.USB_Init
                0x00000000000053b4       0x22 .build/obj_niu_mini_default/lib/lufa/LUFA/Drivers/USB/Core/AVR8/USBController_AVR8.o
                0x00000000000053b4                USB_Init
 .text.USB_INT_DisableAllInterrupts
                0x00000000000053d6       0x10 .build/obj_niu_mini_default/lib/lufa/LUFA/Drivers/USB/Core/AVR8/USBInterrupt_AVR8.o
                0x00000000000053d6                USB_INT_DisableAllInterrupts
 .text.USB_INT_ClearAllInterrupts
                0x00000000000053e6        0xa .build/obj_niu_mini_default/lib/lufa/LUFA/Drivers/USB/Core/AVR8/USBInterrupt_AVR8.o
                0x00000000000053e6                USB_INT_ClearAllInterrupts
 .text.__vector_10
                0x00000000000053f0      0x1a8 .build/obj_niu_mini_default/lib/lufa/LUFA/Drivers/USB/Core/AVR8/USBInterrupt_AVR8.o
                0x00000000000053f0                __vector_10
 .text.__vector_11
                0x0000000000005598       0x88 .build/obj_niu_mini_default/lib/lufa/LUFA/Drivers/USB/Core/AVR8/USBInterrupt_AVR8.o
                0x0000000000005598                __vector_11
 .text.USB_Device_ProcessControlRequest
                0x0000000000005620      0x2a4 .build/obj_niu_mini_default/lib/lufa/LUFA/Drivers/USB/Core/DeviceStandardReq.o
                0x0000000000005620                USB_Device_ProcessControlRequest
 .text.USB_USBTask
                0x00000000000058c4       0x36 .build/obj_niu_mini_default/lib/lufa/LUFA/Drivers/USB/Core/USBTask.o
                0x00000000000058c4                USB_USBTask
 .text.libgcc.mul
                0x00000000000058fa       0x20 /usr/local/Cellar/avr-gcc@8/8.3.0/lib/avr-gcc/8/gcc/avr/8.3.0/avr5/libgcc.a(_mulsi3.o)
                0x00000000000058fa                __mulsi3
 .text.libgcc.div
                0x000000000000591a       0x18 /usr/local/Cellar/avr-gcc@8/8.3.0/lib/avr-gcc/8/gcc/avr/8.3.0/avr5/libgcc.a(_udivmodqi4.o)
                0x000000000000591a                __udivmodqi4
 .text.libgcc.div
                0x0000000000005932       0x28 /usr/local/Cellar/avr-gcc@8/8.3.0/lib/avr-gcc/8/gcc/avr/8.3.0/avr5/libgcc.a(_udivmodhi4.o)
                0x0000000000005932                __udivmodhi4
 .text.libgcc.div
                0x000000000000595a       0x28 /usr/local/Cellar/avr-gcc@8/8.3.0/lib/avr-gcc/8/gcc/avr/8.3.0/avr5/libgcc.a(_divmodhi4.o)
                0x000000000000595a                __divmodhi4
                0x000000000000595a                _div
 .text.libgcc.div
                0x0000000000005982       0x44 /usr/local/Cellar/avr-gcc@8/8.3.0/lib/avr-gcc/8/gcc/avr/8.3.0/avr5/libgcc.a(_udivmodsi4.o)
                0x0000000000005982                __udivmodsi4
 .text.libgcc   0x00000000000059c6        0xc /usr/local/Cellar/avr-gcc@8/8.3.0/lib/avr-gcc/8/gcc/avr/8.3.0/avr5/libgcc.a(_tablejump2.o)
                0x00000000000059c6                __tablejump2__
 .text.libgcc.mul
                0x00000000000059d2       0x1e /usr/local/Cellar/avr-gcc@8/8.3.0/lib/avr-gcc/8/gcc/avr/8.3.0/avr5/libgcc.a(_umulhisi3.o)
                0x00000000000059d2                __umulhisi3
 .text.libgcc.mul
                0x00000000000059f0       0x16 /usr/local/Cellar/avr-gcc@8/8.3.0/lib/avr-gcc/8/gcc/avr/8.3.0/avr5/libgcc.a(_muluhisi3.o)
                0x00000000000059f0                __muluhisi3
 .text.avr-libc
                0x0000000000005a06       0x1a /usr/local/Cellar/avr-gcc@8/8.3.0/lib/avr-gcc/8/gcc/avr/8.3.0/../../../../../../avr/lib/avr5/libc.a(memchr.o)
                0x0000000000005a06                memchr
 .text.avr-libc
                0x0000000000005a20       0x10 /usr/local/Cellar/avr-gcc@8/8.3.0/lib/avr-gcc/8/gcc/avr/8.3.0/../../../../../../avr/lib/avr5/libatmega32u4.a(eerd_byte.o)
                0x0000000000005a20                eeprom_read_byte
 .text.avr-libc
                0x0000000000005a30        0xc /usr/local/Cellar/avr-gcc@8/8.3.0/lib/avr-gcc/8/gcc/avr/8.3.0/../../../../../../avr/lib/avr5/libatmega32u4.a(eerd_dword.o)
                0x0000000000005a30                eeprom_read_dword
                0x0000000000005a30                eeprom_read_float
 .text.avr-libc
                0x0000000000005a3c        0xc /usr/local/Cellar/avr-gcc@8/8.3.0/lib/avr-gcc/8/gcc/avr/8.3.0/../../../../../../avr/lib/avr5/libatmega32u4.a(eerd_word.o)
                0x0000000000005a3c                eeprom_read_word
 .text.avr-libc
                0x0000000000005a48       0x24 /usr/local/Cellar/avr-gcc@8/8.3.0/lib/avr-gcc/8/gcc/avr/8.3.0/../../../../../../avr/lib/avr5/libatmega32u4.a(eeupd_byte.o)
                0x0000000000005a48                eeprom_update_byte
                0x0000000000005a4a                eeprom_update_r18
 .text.avr-libc
                0x0000000000005a6c       0x18 /usr/local/Cellar/avr-gcc@8/8.3.0/lib/avr-gcc/8/gcc/avr/8.3.0/../../../../../../avr/lib/avr5/libatmega32u4.a(eeupd_dword.o)
                0x0000000000005a6c                eeprom_update_dword
                0x0000000000005a6c                eeprom_update_float
 .text.avr-libc
                0x0000000000005a84        0xc /usr/local/Cellar/avr-gcc@8/8.3.0/lib/avr-gcc/8/gcc/avr/8.3.0/../../../../../../avr/lib/avr5/libatmega32u4.a(eeupd_word.o)
                0x0000000000005a84                eeprom_update_word
 .text.avr-libc
                0x0000000000005a90       0x20 /usr/local/Cellar/avr-gcc@8/8.3.0/lib/avr-gcc/8/gcc/avr/8.3.0/../../../../../../avr/lib/avr5/libatmega32u4.a(eerd_block.o)
                0x0000000000005a90                eeprom_read_block
                0x0000000000005a94                eeprom_read_blraw
                0x0000000000005ab0                . = ALIGN (0x2)
 *(.fini9)
 .fini9         0x0000000000005ab0        0x0 /usr/local/Cellar/avr-gcc@8/8.3.0/lib/avr-gcc/8/gcc/avr/8.3.0/avr5/libgcc.a(_exit.o)
                0x0000000000005ab0                exit
                0x0000000000005ab0                _exit
 *(.fini9)
 *(.fini8)
 *(.fini8)
 *(.fini7)
 *(.fini7)
 *(.fini6)
 *(.fini6)
 *(.fini5)
 *(.fini5)
 *(.fini4)
 *(.fini4)
 *(.fini3)
 *(.fini3)
 *(.fini2)
 *(.fini2)
 *(.fini1)
 *(.fini1)
 *(.fini0)
 .fini0         0x0000000000005ab0        0x4 /usr/local/Cellar/avr-gcc@8/8.3.0/lib/avr-gcc/8/gcc/avr/8.3.0/avr5/libgcc.a(_exit.o)
 *(.fini0)
 *(.hightext)
 *(.hightext*)
 *(.progmemx.*)
                0x0000000000005ab4                . = ALIGN (0x2)
 *(.jumptables)
 *(.jumptables*)
 .jumptables.gcc.process_action
                0x0000000000005ab4       0x20 .build/obj_niu_mini_default/common/action.o
 .jumptables.gcc.is_tap_action
                0x0000000000005ad4       0x1c .build/obj_niu_mini_default/common/action.o
 .jumptables.gcc.USB_Device_ProcessControlRequest
                0x0000000000005af0       0x14 .build/obj_niu_mini_default/lib/lufa/LUFA/Drivers/USB/Core/DeviceStandardReq.o
                0x0000000000005b04                _etext = .

.data           0x0000000000800100       0x62 load address 0x0000000000005b04
                0x0000000000800100                PROVIDE (__data_start = .)
 *(.data)
 *(.data*)
 .data.increment.3276
                0x0000000000800100        0x1 .build/obj_niu_mini_default/quantum/rgblight.o
 .data.high_bound.3275
                0x0000000000800101        0x1 .build/obj_niu_mini_default/quantum/rgblight.o
 .data.effect_num_leds
                0x0000000000800102        0x1 .build/obj_niu_mini_default/quantum/rgblight.o
 .data.effect_end_pos
                0x0000000000800103        0x1 .build/obj_niu_mini_default/quantum/rgblight.o
 .data.clipping_num_leds
                0x0000000000800104        0x1 .build/obj_niu_mini_default/quantum/rgblight.o
 .data.static_effect_table
                0x0000000000800105        0xb .build/obj_niu_mini_default/quantum/rgblight.o
 .data.keyboard_report
                0x0000000000800110        0x2 .build/obj_niu_mini_default/common/action_util.o
                0x0000000000800110                keyboard_report
 .data.lufa_driver
                0x0000000000800112        0xa .build/obj_niu_mini_default/lufa.o
                0x0000000000800112                lufa_driver
 .data.keyboard_protocol
                0x000000000080011c        0x1 .build/obj_niu_mini_default/lufa.o
                0x000000000080011c                keyboard_protocol
 *(.gnu.linkonce.d*)
 *(.rodata)
 *(.rodata*)
 .rodata.col_pins
                0x000000000080011d        0xc .build/obj_niu_mini_default/quantum/matrix.o
 .rodata.row_pins
                0x0000000000800129        0x4 .build/obj_niu_mini_default/quantum/matrix.o
 .rodata.mode_base_table
                0x000000000080012d       0x25 .build/obj_niu_mini_default/quantum/rgblight.o
 .rodata.CSWTCH.2
                0x0000000000800152        0x3 .build/obj_niu_mini_default/usb_descriptor.o
 .rodata.CSWTCH.1
                0x0000000000800155        0x6 .build/obj_niu_mini_default/usb_descriptor.o
 .rodata.CSWTCH.0
                0x000000000080015b        0x6 .build/obj_niu_mini_default/usb_descriptor.o
 *(.gnu.linkonce.r*)
                0x0000000000800162                . = ALIGN (0x2)
 *fill*         0x0000000000800161        0x1 
                0x0000000000800162                _edata = .
                0x0000000000800162                PROVIDE (__data_end = .)

.bss            0x0000000000800162       0xf5
                0x0000000000800162                PROVIDE (__bss_start = .)
 *(.bss)
 .bss           0x0000000000800162        0x2 .build/obj_niu_mini_default/common/avr/xprintf.o
                0x0000000000800162                xfunc_out
 *(.bss*)
 .bss.grave_esc_was_shifted
                0x0000000000800164        0x1 .build/obj_niu_mini_default/quantum/quantum.o
 .bss.matrix    0x0000000000800165        0x8 .build/obj_niu_mini_default/quantum/matrix.o
 .bss.raw_matrix
                0x000000000080016d        0x8 .build/obj_niu_mini_default/quantum/matrix.o
 .bss.debouncing_time
                0x0000000000800175        0x2 .build/obj_niu_mini_default/quantum/debounce/sym_g.o
 .bss.debouncing
                0x0000000000800177        0x1 .build/obj_niu_mini_default/quantum/debounce/sym_g.o
 .bss.maxval.3297
                0x0000000000800178        0x1 .build/obj_niu_mini_default/quantum/rgblight.o
 .bss.low_bound.3274
                0x0000000000800179        0x1 .build/obj_niu_mini_default/quantum/rgblight.o
 .bss.pos.3258  0x000000000080017a        0x1 .build/obj_niu_mini_default/quantum/rgblight.o
 .bss.effect_start_pos
                0x000000000080017b        0x1 .build/obj_niu_mini_default/quantum/rgblight.o
 .bss.clipping_start_pos
                0x000000000080017c        0x1 .build/obj_niu_mini_default/quantum/rgblight.o
 .bss.animation_status
                0x000000000080017d        0x6 .build/obj_niu_mini_default/quantum/rgblight.o
                0x000000000080017d                animation_status
 .bss.is_rgblight_initialized
                0x0000000000800183        0x1 .build/obj_niu_mini_default/quantum/rgblight.o
                0x0000000000800183                is_rgblight_initialized
 .bss.rgblight_status
                0x0000000000800184        0x2 .build/obj_niu_mini_default/quantum/rgblight.o
                0x0000000000800184                rgblight_status
 .bss.sc_timer  0x0000000000800186        0x2 .build/obj_niu_mini_default/quantum/process_keycode/process_space_cadet.o
 .bss.sc_last   0x0000000000800188        0x1 .build/obj_niu_mini_default/quantum/process_keycode/process_space_cadet.o
 .bss.last_consumer_report
                0x0000000000800189        0x2 .build/obj_niu_mini_default/common/host.o
 .bss.last_system_report
                0x000000000080018b        0x2 .build/obj_niu_mini_default/common/host.o
 .bss.driver    0x000000000080018d        0x2 .build/obj_niu_mini_default/common/host.o
 .bss.led_status.3199
                0x000000000080018f        0x1 .build/obj_niu_mini_default/common/keyboard.o
 .bss.matrix_prev.3198
                0x0000000000800190        0x8 .build/obj_niu_mini_default/common/keyboard.o
 .bss.disable_action_cache
                0x0000000000800198        0x1 .build/obj_niu_mini_default/common/action.o
                0x0000000000800198                disable_action_cache
 .bss.waiting_buffer_tail
                0x0000000000800199        0x1 .build/obj_niu_mini_default/common/action_tapping.o
 .bss.waiting_buffer_head
                0x000000000080019a        0x1 .build/obj_niu_mini_default/common/action_tapping.o
 .bss.waiting_buffer
                0x000000000080019b       0x30 .build/obj_niu_mini_default/common/action_tapping.o
 .bss.tapping_key
                0x00000000008001cb        0x6 .build/obj_niu_mini_default/common/action_tapping.o
 .bss.source_layers_cache
                0x00000000008001d1       0x1e .build/obj_niu_mini_default/common/action_layer.o
                0x00000000008001d1                source_layers_cache
 .bss.layer_state
                0x00000000008001ef        0x4 .build/obj_niu_mini_default/common/action_layer.o
                0x00000000008001ef                layer_state
 .bss.default_layer_state
                0x00000000008001f3        0x4 .build/obj_niu_mini_default/common/action_layer.o
                0x00000000008001f3                default_layer_state
 .bss.oneshot_layer_data
                0x00000000008001f7        0x1 .build/obj_niu_mini_default/common/action_util.o
 .bss.oneshot_mods
                0x00000000008001f8        0x1 .build/obj_niu_mini_default/common/action_util.o
 .bss.__compound_literal.0
                0x00000000008001f9        0x8 .build/obj_niu_mini_default/common/action_util.o
 .bss.macro_mods
                0x0000000000800201        0x1 .build/obj_niu_mini_default/common/action_util.o
 .bss.weak_mods
                0x0000000000800202        0x1 .build/obj_niu_mini_default/common/action_util.o
 .bss.real_mods
                0x0000000000800203        0x1 .build/obj_niu_mini_default/common/action_util.o
 .bss.debug_config
                0x0000000000800204        0x1 .build/obj_niu_mini_default/common/debug.o
                0x0000000000800204                debug_config
 .bss.wdt_timeout
                0x0000000000800205        0x1 .build/obj_niu_mini_default/common/avr/suspend.o
 .bss.timeouted.6172
                0x0000000000800206        0x1 .build/obj_niu_mini_default/lufa.o
 .bss.count.6104
                0x0000000000800207        0x1 .build/obj_niu_mini_default/lufa.o
 .bss.console_flush
                0x0000000000800208        0x1 .build/obj_niu_mini_default/lufa.o
 .bss.keyboard_report_sent
                0x0000000000800209        0x8 .build/obj_niu_mini_default/lufa.o
 .bss.keyboard_led_stats
                0x0000000000800211        0x1 .build/obj_niu_mini_default/lufa.o
 .bss.keyboard_idle
                0x0000000000800212        0x1 .build/obj_niu_mini_default/lufa.o
                0x0000000000800212                keyboard_idle
 .bss.desired_output
                0x0000000000800213        0x1 .build/obj_niu_mini_default/outputselect.o
                0x0000000000800213                desired_output
 *(COMMON)
 COMMON         0x0000000000800214       0x2f .build/obj_niu_mini_default/quantum/rgblight.o
                0x0000000000800214                rgblight_config
                0x0000000000800219                led
 COMMON         0x0000000000800243        0x4 .build/obj_niu_mini_default/common/avr/timer.o
                0x0000000000800243                timer_count
 COMMON         0x0000000000800247        0x2 .build/obj_niu_mini_default/common/magic.o
                0x0000000000800247                keymap_config
 COMMON         0x0000000000800249        0x1 .build/obj_niu_mini_default/common/backlight.o
                0x0000000000800249                backlight_config
 COMMON         0x000000000080024a        0x3 .build/obj_niu_mini_default/lib/lufa/LUFA/Drivers/USB/Core/DeviceStandardReq.o
                0x000000000080024a                USB_Device_ConfigurationNumber
                0x000000000080024b                USB_Device_CurrentlySelfPowered
                0x000000000080024c                USB_Device_RemoteWakeupEnabled
 COMMON         0x000000000080024d        0xa .build/obj_niu_mini_default/lib/lufa/LUFA/Drivers/USB/Core/USBTask.o
                0x000000000080024d                USB_IsInitialized
                0x000000000080024e                USB_DeviceState
                0x000000000080024f                USB_ControlRequest
                0x0000000000800257                PROVIDE (__bss_end = .)
                0x0000000000005b04                __data_load_start = LOADADDR (.data)
                0x0000000000005b66                __data_load_end = (__data_load_start + SIZEOF (.data))

.noinit         0x0000000000800257        0x4
                [!provide]                        PROVIDE (__noinit_start = .)
 *(.noinit*)
 .noinit        0x0000000000800257        0x4 .build/obj_niu_mini_default/common/avr/bootloader.o
                0x0000000000800257                reset_key
                [!provide]                        PROVIDE (__noinit_end = .)
                0x000000000080025b                _end = .
                [!provide]                        PROVIDE (__heap_start = .)

.eeprom         0x0000000000810000        0x0
 *(.eeprom*)
                0x0000000000810000                __eeprom_end = .

.fuse
 *(.fuse)
 *(.lfuse)
 *(.hfuse)
 *(.efuse)

.lock
 *(.lock*)

.signature
 *(.signature*)

.stab           0x0000000000000000      0x8b8
 *(.stab)
 .stab          0x0000000000000000      0x8b8 .build/obj_niu_mini_default/common/avr/xprintf.o

.stabstr        0x0000000000000000       0x9a
 *(.stabstr)
 .stabstr       0x0000000000000000       0x9a .build/obj_niu_mini_default/common/avr/xprintf.o

.stab.excl
 *(.stab.excl)

.stab.exclstr
 *(.stab.exclstr)

.stab.index
 *(.stab.index)

.stab.indexstr
 *(.stab.indexstr)

.comment        0x0000000000000000       0x11
 *(.comment)
 .comment       0x0000000000000000       0x11 .build/obj_niu_mini_default/keyboards/niu_mini/niu_mini.o
                                         0x12 (size before relaxing)
 .comment       0x0000000000000011       0x12 .build/obj_niu_mini_default/keyboards/niu_mini/keymaps/default/keymap.o
 .comment       0x0000000000000011       0x12 .build/obj_niu_mini_default/quantum/quantum.o
 .comment       0x0000000000000011       0x12 .build/obj_niu_mini_default/quantum/keymap_common.o
 .comment       0x0000000000000011       0x12 .build/obj_niu_mini_default/quantum/keycode_config.o
 .comment       0x0000000000000011       0x12 .build/obj_niu_mini_default/quantum/matrix.o
 .comment       0x0000000000000011       0x12 .build/obj_niu_mini_default/quantum/debounce/sym_g.o
 .comment       0x0000000000000011       0x12 .build/obj_niu_mini_default/quantum/color.o
 .comment       0x0000000000000011       0x12 .build/obj_niu_mini_default/quantum/rgblight.o
 .comment       0x0000000000000011       0x12 .build/obj_niu_mini_default/ws2812.o
 .comment       0x0000000000000011       0x12 .build/obj_niu_mini_default/quantum/led_tables.o
 .comment       0x0000000000000011       0x12 .build/obj_niu_mini_default/quantum/process_keycode/process_space_cadet.o
 .comment       0x0000000000000011       0x12 .build/obj_niu_mini_default/common/host.o
 .comment       0x0000000000000011       0x12 .build/obj_niu_mini_default/common/keyboard.o
 .comment       0x0000000000000011       0x12 .build/obj_niu_mini_default/common/action.o
 .comment       0x0000000000000011       0x12 .build/obj_niu_mini_default/common/action_tapping.o
 .comment       0x0000000000000011       0x12 .build/obj_niu_mini_default/common/action_macro.o
 .comment       0x0000000000000011       0x12 .build/obj_niu_mini_default/common/action_layer.o
 .comment       0x0000000000000011       0x12 .build/obj_niu_mini_default/common/action_util.o
 .comment       0x0000000000000011       0x12 .build/obj_niu_mini_default/common/print.o
 .comment       0x0000000000000011       0x12 .build/obj_niu_mini_default/common/debug.o
 .comment       0x0000000000000011       0x12 .build/obj_niu_mini_default/common/util.o
 .comment       0x0000000000000011       0x12 .build/obj_niu_mini_default/common/eeconfig.o
 .comment       0x0000000000000011       0x12 .build/obj_niu_mini_default/common/report.o
 .comment       0x0000000000000011       0x12 .build/obj_niu_mini_default/common/avr/suspend.o
 .comment       0x0000000000000011       0x12 .build/obj_niu_mini_default/common/avr/timer.o
 .comment       0x0000000000000011       0x12 .build/obj_niu_mini_default/common/avr/bootloader.o
 .comment       0x0000000000000011       0x12 .build/obj_niu_mini_default/common/magic.o
 .comment       0x0000000000000011       0x12 .build/obj_niu_mini_default/common/backlight.o
 .comment       0x0000000000000011       0x12 .build/obj_niu_mini_default/lufa.o
 .comment       0x0000000000000011       0x12 .build/obj_niu_mini_default/usb_descriptor.o
 .comment       0x0000000000000011       0x12 .build/obj_niu_mini_default/outputselect.o
 .comment       0x0000000000000011       0x12 .build/obj_niu_mini_default/lib/lufa/LUFA/Drivers/USB/Core/AVR8/Device_AVR8.o
 .comment       0x0000000000000011       0x12 .build/obj_niu_mini_default/lib/lufa/LUFA/Drivers/USB/Core/AVR8/EndpointStream_AVR8.o
 .comment       0x0000000000000011       0x12 .build/obj_niu_mini_default/lib/lufa/LUFA/Drivers/USB/Core/AVR8/Endpoint_AVR8.o
 .comment       0x0000000000000011       0x12 .build/obj_niu_mini_default/lib/lufa/LUFA/Drivers/USB/Core/AVR8/USBController_AVR8.o
 .comment       0x0000000000000011       0x12 .build/obj_niu_mini_default/lib/lufa/LUFA/Drivers/USB/Core/AVR8/USBInterrupt_AVR8.o
 .comment       0x0000000000000011       0x12 .build/obj_niu_mini_default/lib/lufa/LUFA/Drivers/USB/Core/DeviceStandardReq.o
 .comment       0x0000000000000011       0x12 .build/obj_niu_mini_default/lib/lufa/LUFA/Drivers/USB/Core/USBTask.o

.note.gnu.avr.deviceinfo
                0x0000000000000000       0x40
 .note.gnu.avr.deviceinfo
                0x0000000000000000       0x40 /usr/local/Cellar/avr-gcc@8/8.3.0/lib/avr-gcc/8/gcc/avr/8.3.0/../../../../../../avr/lib/avr5/crtatmega32u4.o

.note.gnu.build-id
 *(.note.gnu.build-id)

.debug
 *(.debug)

.line
 *(.line)

.debug_srcinfo
 *(.debug_srcinfo)

.debug_sfnames
 *(.debug_sfnames)

.debug_aranges  0x0000000000000000     0x1148
 *(.debug_aranges)
 .debug_aranges
                0x0000000000000000       0x20 .build/obj_niu_mini_default/keyboards/niu_mini/niu_mini.o
 .debug_aranges
                0x0000000000000020       0x30 .build/obj_niu_mini_default/keyboards/niu_mini/keymaps/default/keymap.o
 .debug_aranges
                0x0000000000000050      0x158 .build/obj_niu_mini_default/quantum/quantum.o
 .debug_aranges
                0x00000000000001a8       0x40 .build/obj_niu_mini_default/quantum/keymap_common.o
 .debug_aranges
                0x00000000000001e8       0x28 .build/obj_niu_mini_default/quantum/keycode_config.o
 .debug_aranges
                0x0000000000000210       0x88 .build/obj_niu_mini_default/quantum/matrix.o
 .debug_aranges
                0x0000000000000298       0x30 .build/obj_niu_mini_default/quantum/debounce/sym_g.o
 .debug_aranges
                0x00000000000002c8       0x20 .build/obj_niu_mini_default/quantum/color.o
 .debug_aranges
                0x00000000000002e8      0x2b0 .build/obj_niu_mini_default/quantum/rgblight.o
 .debug_aranges
                0x0000000000000598       0x40 .build/obj_niu_mini_default/ws2812.o
 .debug_aranges
                0x00000000000005d8       0x18 .build/obj_niu_mini_default/quantum/led_tables.o
 .debug_aranges
                0x00000000000005f0       0x28 .build/obj_niu_mini_default/quantum/process_keycode/process_space_cadet.o
 .debug_aranges
                0x0000000000000618       0x60 .build/obj_niu_mini_default/common/host.o
 .debug_aranges
                0x0000000000000678       0x60 .build/obj_niu_mini_default/common/keyboard.o
 .debug_aranges
                0x00000000000006d8       0xb0 .build/obj_niu_mini_default/common/action.o
 .debug_aranges
                0x0000000000000788       0x48 .build/obj_niu_mini_default/common/action_tapping.o
 .debug_aranges
                0x00000000000007d0       0x20 .build/obj_niu_mini_default/common/action_macro.o
 .debug_aranges
                0x00000000000007f0       0xe0 .build/obj_niu_mini_default/common/action_layer.o
 .debug_aranges
                0x00000000000008d0      0x140 .build/obj_niu_mini_default/common/action_util.o
 .debug_aranges
                0x0000000000000a10       0x20 .build/obj_niu_mini_default/common/print.o
 .debug_aranges
                0x0000000000000a30       0x18 .build/obj_niu_mini_default/common/debug.o
 .debug_aranges
                0x0000000000000a48       0x60 .build/obj_niu_mini_default/common/util.o
 .debug_aranges
                0x0000000000000aa8       0xd8 .build/obj_niu_mini_default/common/eeconfig.o
 .debug_aranges
                0x0000000000000b80       0x50 .build/obj_niu_mini_default/common/report.o
 .debug_aranges
                0x0000000000000bd0       0x58 .build/obj_niu_mini_default/common/avr/suspend.o
 .debug_aranges
                0x0000000000000c28       0x50 .build/obj_niu_mini_default/common/avr/timer.o
 .debug_aranges
                0x0000000000000c78       0x28 .build/obj_niu_mini_default/common/avr/bootloader.o
 .debug_aranges
                0x0000000000000ca0       0x20 .build/obj_niu_mini_default/common/magic.o
 .debug_aranges
                0x0000000000000cc0       0x68 .build/obj_niu_mini_default/common/backlight.o
 .debug_aranges
                0x0000000000000d28       0x98 .build/obj_niu_mini_default/lufa.o
 .debug_aranges
                0x0000000000000dc0       0x20 .build/obj_niu_mini_default/usb_descriptor.o
 .debug_aranges
                0x0000000000000de0       0x38 .build/obj_niu_mini_default/outputselect.o
 .debug_aranges
                0x0000000000000e18       0x20 .build/obj_niu_mini_default/lib/lufa/LUFA/Drivers/USB/Core/AVR8/Device_AVR8.o
 .debug_aranges
                0x0000000000000e38       0xc8 .build/obj_niu_mini_default/lib/lufa/LUFA/Drivers/USB/Core/AVR8/EndpointStream_AVR8.o
 .debug_aranges
                0x0000000000000f00       0x40 .build/obj_niu_mini_default/lib/lufa/LUFA/Drivers/USB/Core/AVR8/Endpoint_AVR8.o
 .debug_aranges
                0x0000000000000f40       0x30 .build/obj_niu_mini_default/lib/lufa/LUFA/Drivers/USB/Core/AVR8/USBController_AVR8.o
 .debug_aranges
                0x0000000000000f70       0x38 .build/obj_niu_mini_default/lib/lufa/LUFA/Drivers/USB/Core/AVR8/USBInterrupt_AVR8.o
 .debug_aranges
                0x0000000000000fa8       0x20 .build/obj_niu_mini_default/lib/lufa/LUFA/Drivers/USB/Core/DeviceStandardReq.o
 .debug_aranges