Archive member included to satisfy reference by file (symbol)

/usr/local/Cellar/avr-gcc@8/8.3.0/lib/avr-gcc/8/gcc/avr/8.3.0/avr5/libgcc.a(_mulsi3.o)
                              .build/obj_niu_mini_robinrabauke/quantum/quantum.o (__mulsi3)
/usr/local/Cellar/avr-gcc@8/8.3.0/lib/avr-gcc/8/gcc/avr/8.3.0/avr5/libgcc.a(_udivmodqi4.o)
                              .build/obj_niu_mini_robinrabauke/lufa.o (__udivmodqi4)
/usr/local/Cellar/avr-gcc@8/8.3.0/lib/avr-gcc/8/gcc/avr/8.3.0/avr5/libgcc.a(_udivmodhi4.o)
                              .build/obj_niu_mini_robinrabauke/quantum/quantum.o (__udivmodhi4)
/usr/local/Cellar/avr-gcc@8/8.3.0/lib/avr-gcc/8/gcc/avr/8.3.0/avr5/libgcc.a(_divmodhi4.o)
                              .build/obj_niu_mini_robinrabauke/quantum/rgblight.o (__divmodhi4)
/usr/local/Cellar/avr-gcc@8/8.3.0/lib/avr-gcc/8/gcc/avr/8.3.0/avr5/libgcc.a(_udivmodsi4.o)
                              .build/obj_niu_mini_robinrabauke/quantum/quantum.o (__udivmodsi4)
/usr/local/Cellar/avr-gcc@8/8.3.0/lib/avr-gcc/8/gcc/avr/8.3.0/avr5/libgcc.a(_exit.o)
                              /usr/local/Cellar/avr-gcc@8/8.3.0/lib/avr-gcc/8/gcc/avr/8.3.0/../../../../../../avr/lib/avr5/crtatmega32u4.o (exit)
/usr/local/Cellar/avr-gcc@8/8.3.0/lib/avr-gcc/8/gcc/avr/8.3.0/avr5/libgcc.a(_tablejump2.o)
                              .build/obj_niu_mini_robinrabauke/common/action.o (__tablejump2__)
/usr/local/Cellar/avr-gcc@8/8.3.0/lib/avr-gcc/8/gcc/avr/8.3.0/avr5/libgcc.a(_copy_data.o)
                              .build/obj_niu_mini_robinrabauke/quantum/matrix.o (__do_copy_data)
/usr/local/Cellar/avr-gcc@8/8.3.0/lib/avr-gcc/8/gcc/avr/8.3.0/avr5/libgcc.a(_clear_bss.o)
                              .build/obj_niu_mini_robinrabauke/quantum/quantum.o (__do_clear_bss)
/usr/local/Cellar/avr-gcc@8/8.3.0/lib/avr-gcc/8/gcc/avr/8.3.0/avr5/libgcc.a(_umulhisi3.o)
                              .build/obj_niu_mini_robinrabauke/quantum/quantum.o (__umulhisi3)
/usr/local/Cellar/avr-gcc@8/8.3.0/lib/avr-gcc/8/gcc/avr/8.3.0/avr5/libgcc.a(_muluhisi3.o)
                              /usr/local/Cellar/avr-gcc@8/8.3.0/lib/avr-gcc/8/gcc/avr/8.3.0/avr5/libgcc.a(_mulsi3.o) (__muluhisi3)
/usr/local/Cellar/avr-gcc@8/8.3.0/lib/avr-gcc/8/gcc/avr/8.3.0/../../../../../../avr/lib/avr5/libc.a(memchr.o)
                              .build/obj_niu_mini_robinrabauke/quantum/rgblight.o (memchr)
/usr/local/Cellar/avr-gcc@8/8.3.0/lib/avr-gcc/8/gcc/avr/8.3.0/../../../../../../avr/lib/avr5/libc.a(memmove.o)
                              .build/obj_niu_mini_robinrabauke/lib/lufa/LUFA/Drivers/USB/Class/Common/HIDParser.o (memmove)
/usr/local/Cellar/avr-gcc@8/8.3.0/lib/avr-gcc/8/gcc/avr/8.3.0/../../../../../../avr/lib/avr5/libc.a(memcpy.o)
                              /usr/local/Cellar/avr-gcc@8/8.3.0/lib/avr-gcc/8/gcc/avr/8.3.0/../../../../../../avr/lib/avr5/libc.a(memmove.o) (memcpy)
/usr/local/Cellar/avr-gcc@8/8.3.0/lib/avr-gcc/8/gcc/avr/8.3.0/../../../../../../avr/lib/avr5/libatmega32u4.a(eerd_byte.o)
                              .build/obj_niu_mini_robinrabauke/common/eeconfig.o (eeprom_read_byte)
/usr/local/Cellar/avr-gcc@8/8.3.0/lib/avr-gcc/8/gcc/avr/8.3.0/../../../../../../avr/lib/avr5/libatmega32u4.a(eerd_dword.o)
                              .build/obj_niu_mini_robinrabauke/quantum/rgblight.o (eeprom_read_dword)
/usr/local/Cellar/avr-gcc@8/8.3.0/lib/avr-gcc/8/gcc/avr/8.3.0/../../../../../../avr/lib/avr5/libatmega32u4.a(eerd_word.o)
                              .build/obj_niu_mini_robinrabauke/common/eeconfig.o (eeprom_read_word)
/usr/local/Cellar/avr-gcc@8/8.3.0/lib/avr-gcc/8/gcc/avr/8.3.0/../../../../../../avr/lib/avr5/libatmega32u4.a(eeupd_byte.o)
                              .build/obj_niu_mini_robinrabauke/common/eeconfig.o (eeprom_update_byte)
/usr/local/Cellar/avr-gcc@8/8.3.0/lib/avr-gcc/8/gcc/avr/8.3.0/../../../../../../avr/lib/avr5/libatmega32u4.a(eeupd_dword.o)
                              .build/obj_niu_mini_robinrabauke/quantum/rgblight.o (eeprom_update_dword)
/usr/local/Cellar/avr-gcc@8/8.3.0/lib/avr-gcc/8/gcc/avr/8.3.0/../../../../../../avr/lib/avr5/libatmega32u4.a(eeupd_word.o)
                              .build/obj_niu_mini_robinrabauke/common/eeconfig.o (eeprom_update_word)
/usr/local/Cellar/avr-gcc@8/8.3.0/lib/avr-gcc/8/gcc/avr/8.3.0/../../../../../../avr/lib/avr5/libatmega32u4.a(eerd_block.o)
                              /usr/local/Cellar/avr-gcc@8/8.3.0/lib/avr-gcc/8/gcc/avr/8.3.0/../../../../../../avr/lib/avr5/libatmega32u4.a(eerd_dword.o) (eeprom_read_blraw)

Allocating common symbols
Common symbol       size              file

rgblight_config     0x5               .build/obj_niu_mini_robinrabauke/quantum/rgblight.o
USB_IsInitialized   0x1               .build/obj_niu_mini_robinrabauke/lib/lufa/LUFA/Drivers/USB/Core/USBTask.o
keymap_config       0x2               .build/obj_niu_mini_robinrabauke/common/magic.o
backlight_config    0x1               .build/obj_niu_mini_robinrabauke/common/backlight.o
[...]
Memory Configuration

Name             Origin             Length             Attributes
text             0x0000000000000000 0x0000000000020000 xr
data             0x0000000000800060 0x000000000000ffa0 rw !x
eeprom           0x0000000000810000 0x0000000000010000 rw !x
fuse             0x0000000000820000 0x0000000000000400 rw !x
lock             0x0000000000830000 0x0000000000000400 rw !x
signature        0x0000000000840000 0x0000000000000400 rw !x
user_signatures  0x0000000000850000 0x0000000000000400 rw !x
*default*        0x0000000000000000 0xffffffffffffffff

Linker script and memory map

Address of section .data set to 0x800100
LOAD /usr/local/Cellar/avr-gcc@8/8.3.0/lib/avr-gcc/8/gcc/avr/8.3.0/../../../../../../avr/lib/avr5/crtatmega32u4.o
LOAD .build/obj_niu_mini_robinrabauke/keyboards/niu_mini/niu_mini.o
LOAD .build/obj_niu_mini_robinrabauke/keyboards/niu_mini/keymaps/robinrabauke/keymap.o
LOAD .build/obj_niu_mini_robinrabauke/quantum/quantum.o
LOAD .build/obj_niu_mini_robinrabauke/quantum/keymap_common.o
LOAD .build/obj_niu_mini_robinrabauke/quantum/keycode_config.o
LOAD .build/obj_niu_mini_robinrabauke/quantum/matrix.o
LOAD .build/obj_niu_mini_robinrabauke/quantum/debounce/sym_g.o
LOAD .build/obj_niu_mini_robinrabauke/quantum/color.o
LOAD .build/obj_niu_mini_robinrabauke/quantum/rgblight.o
LOAD .build/obj_niu_mini_robinrabauke/ws2812.o
LOAD .build/obj_niu_mini_robinrabauke/quantum/led_tables.o
LOAD .build/obj_niu_mini_robinrabauke/quantum/process_keycode/process_space_cadet.o
LOAD .build/obj_niu_mini_robinrabauke/common/host.o
LOAD .build/obj_niu_mini_robinrabauke/common/keyboard.o
LOAD .build/obj_niu_mini_robinrabauke/common/action.o
LOAD .build/obj_niu_mini_robinrabauke/common/action_tapping.o
LOAD .build/obj_niu_mini_robinrabauke/common/action_macro.o
LOAD .build/obj_niu_mini_robinrabauke/common/action_layer.o
LOAD .build/obj_niu_mini_robinrabauke/common/action_util.o
LOAD .build/obj_niu_mini_robinrabauke/common/print.o
LOAD .build/obj_niu_mini_robinrabauke/common/debug.o
LOAD .build/obj_niu_mini_robinrabauke/common/util.o
LOAD .build/obj_niu_mini_robinrabauke/common/eeconfig.o
LOAD .build/obj_niu_mini_robinrabauke/common/report.o
LOAD .build/obj_niu_mini_robinrabauke/common/avr/suspend.o
LOAD .build/obj_niu_mini_robinrabauke/common/avr/timer.o
LOAD .build/obj_niu_mini_robinrabauke/common/avr/bootloader.o
LOAD .build/obj_niu_mini_robinrabauke/common/avr/xprintf.o
LOAD .build/obj_niu_mini_robinrabauke/common/magic.o
LOAD .build/obj_niu_mini_robinrabauke/common/backlight.o
LOAD .build/obj_niu_mini_robinrabauke/lufa.o
LOAD .build/obj_niu_mini_robinrabauke/usb_descriptor.o
LOAD .build/obj_niu_mini_robinrabauke/outputselect.o
LOAD .build/obj_niu_mini_robinrabauke/lib/lufa/LUFA/Drivers/USB/Class/Common/HIDParser.o
LOAD .build/obj_niu_mini_robinrabauke/lib/lufa/LUFA/Drivers/USB/Core/AVR8/Device_AVR8.o
LOAD .build/obj_niu_mini_robinrabauke/lib/lufa/LUFA/Drivers/USB/Core/AVR8/EndpointStream_AVR8.o
LOAD .build/obj_niu_mini_robinrabauke/lib/lufa/LUFA/Drivers/USB/Core/AVR8/Endpoint_AVR8.o
LOAD .build/obj_niu_mini_robinrabauke/lib/lufa/LUFA/Drivers/USB/Core/AVR8/Host_AVR8.o
LOAD .build/obj_niu_mini_robinrabauke/lib/lufa/LUFA/Drivers/USB/Core/AVR8/PipeStream_AVR8.o
LOAD .build/obj_niu_mini_robinrabauke/lib/lufa/LUFA/Drivers/USB/Core/AVR8/Pipe_AVR8.o
LOAD .build/obj_niu_mini_robinrabauke/lib/lufa/LUFA/Drivers/USB/Core/AVR8/USBController_AVR8.o
LOAD .build/obj_niu_mini_robinrabauke/lib/lufa/LUFA/Drivers/USB/Core/AVR8/USBInterrupt_AVR8.o
LOAD .build/obj_niu_mini_robinrabauke/lib/lufa/LUFA/Drivers/USB/Core/ConfigDescriptors.o
LOAD .build/obj_niu_mini_robinrabauke/lib/lufa/LUFA/Drivers/USB/Core/DeviceStandardReq.o
LOAD .build/obj_niu_mini_robinrabauke/lib/lufa/LUFA/Drivers/USB/Core/Events.o
LOAD .build/obj_niu_mini_robinrabauke/lib/lufa/LUFA/Drivers/USB/Core/HostStandardReq.o
LOAD .build/obj_niu_mini_robinrabauke/lib/lufa/LUFA/Drivers/USB/Core/USBTask.o
LOAD /usr/local/Cellar/avr-gcc@8/8.3.0/lib/avr-gcc/8/gcc/avr/8.3.0/../../../../../../avr/lib/avr5/libm.a
START GROUP
LOAD /usr/local/Cellar/avr-gcc@8/8.3.0/lib/avr-gcc/8/gcc/avr/8.3.0/avr5/libgcc.a
LOAD /usr/local/Cellar/avr-gcc@8/8.3.0/lib/avr-gcc/8/gcc/avr/8.3.0/../../../../../../avr/lib/avr5/libm.a
LOAD /usr/local/Cellar/avr-gcc@8/8.3.0/lib/avr-gcc/8/gcc/avr/8.3.0/../../../../../../avr/lib/avr5/libc.a
LOAD /usr/local/Cellar/avr-gcc@8/8.3.0/lib/avr-gcc/8/gcc/avr/8.3.0/../../../../../../avr/lib/avr5/libatmega32u4.a
END GROUP
                0x0000000000020000                __TEXT_REGION_LENGTH__ = DEFINED (__TEXT_REGION_LENGTH__)?__TEXT_REGION_LENGTH__:0x20000
                0x000000000000ffa0                __DATA_REGION_LENGTH__ = DEFINED (__DATA_REGION_LENGTH__)?__DATA_REGION_LENGTH__:0xffa0
                0x0000000000010000                __EEPROM_REGION_LENGTH__ = DEFINED (__EEPROM_REGION_LENGTH__)?__EEPROM_REGION_LENGTH__:0x10000
                0x0000000000000400                __FUSE_REGION_LENGTH__ = DEFINED (__FUSE_REGION_LENGTH__)?__FUSE_REGION_LENGTH__:0x400
                0x0000000000000400                __LOCK_REGION_LENGTH__ = DEFINED (__LOCK_REGION_LENGTH__)?__LOCK_REGION_LENGTH__:0x400
                0x0000000000000400                __SIGNATURE_REGION_LENGTH__ = DEFINED (__SIGNATURE_REGION_LENGTH__)?__SIGNATURE_REGION_LENGTH__:0x400
                0x0000000000000400                __USER_SIGNATURE_REGION_LENGTH__ = DEFINED (__USER_SIGNATURE_REGION_LENGTH__)?__USER_SIGNATURE_REGION_LENGTH__:0x400

.hash
 *(.hash)

.dynsym
 *(.dynsym)

.dynstr
 *(.dynstr)

.gnu.version
 *(.gnu.version)

.gnu.version_d
 *(.gnu.version_d)

.gnu.version_r
 *(.gnu.version_r)

.rel.init
 *(.rel.init)

.rela.init
 *(.rela.init)

.rel.text
 *(.rel.text)
 *(.rel.text.*)
 *(.rel.gnu.linkonce.t*)

.rela.text
 *(.rela.text)
 *(.rela.text.*)
 *(.rela.gnu.linkonce.t*)

.rel.fini
 *(.rel.fini)

.rela.fini
 *(.rela.fini)

.rel.rodata
 *(.rel.rodata)
 *(.rel.rodata.*)
 *(.rel.gnu.linkonce.r*)

.rela.rodata
 *(.rela.rodata)
 *(.rela.rodata.*)
 *(.rela.gnu.linkonce.r*)

.rel.data
 *(.rel.data)
 *(.rel.data.*)
 *(.rel.gnu.linkonce.d*)

.rela.data
 *(.rela.data)
 *(.rela.data.*)
 *(.rela.gnu.linkonce.d*)

.rel.ctors
 *(.rel.ctors)

.rela.ctors
 *(.rela.ctors)

.rel.dtors
 *(.rel.dtors)

.rela.dtors
 *(.rela.dtors)

.rel.got
 *(.rel.got)

.rela.got
 *(.rela.got)

.rel.bss
 *(.rel.bss)

.rela.bss
 *(.rela.bss)

.rel.plt
 *(.rel.plt)

.rela.plt
 *(.rela.plt)

.text           0x0000000000000000     0x5e26
 *(.vectors)
 .vectors       0x0000000000000000       0xac /usr/local/Cellar/avr-gcc@8/8.3.0/lib/avr-gcc/8/gcc/avr/8.3.0/../../../../../../avr/lib/avr5/crtatmega32u4.o
                0x0000000000000000                __vectors
                0x0000000000000000                __vector_default
 *(.vectors)
 *(.progmem.gcc*)
                0x00000000000000ac                . = ALIGN (0x2)
                0x00000000000000ac                __trampolines_start = .
 *(.trampolines)
 .trampolines   0x00000000000000ac        0x0 linker stubs
 *(.trampolines*)
                0x00000000000000ac                __trampolines_end = .
 *libprintf_flt.a:*(.progmem.data)
 *libc.a:*(.progmem.data)
 *(.progmem.*)
 .progmem.data.__c.3676
                0x00000000000000ac        0x3 .build/obj_niu_mini_robinrabauke/keyboards/niu_mini/keymaps/robinrabauke/keymap.o
 .progmem.data.__c.3673
                0x00000000000000af        0x9 .build/obj_niu_mini_robinrabauke/keyboards/niu_mini/keymaps/robinrabauke/keymap.o
 .progmem.data.__c.3670
                0x00000000000000b8        0x9 .build/obj_niu_mini_robinrabauke/keyboards/niu_mini/keymaps/robinrabauke/keymap.o
 .progmem.data.__c.3666
                0x00000000000000c1        0x3 .build/obj_niu_mini_robinrabauke/keyboards/niu_mini/keymaps/robinrabauke/keymap.o
 .progmem.data.keymaps
                0x00000000000000c4      0x180 .build/obj_niu_mini_robinrabauke/keyboards/niu_mini/keymaps/robinrabauke/keymap.o
                0x00000000000000c4                keymaps
 .progmem.data.__c.3730
                0x0000000000000244       0x12 .build/obj_niu_mini_robinrabauke/quantum/quantum.o
 .progmem.data.__c.3728
                0x0000000000000256       0x11 .build/obj_niu_mini_robinrabauke/quantum/quantum.o
 .progmem.data.ascii_to_keycode_lut
                0x0000000000000267       0x80 .build/obj_niu_mini_robinrabauke/quantum/quantum.o
                0x0000000000000267                ascii_to_keycode_lut
 .progmem.data.ascii_to_altgr_lut
                0x00000000000002e7       0x80 .build/obj_niu_mini_robinrabauke/quantum/quantum.o
                0x00000000000002e7                ascii_to_altgr_lut
 .progmem.data.ascii_to_shift_lut
                0x0000000000000367       0x80 .build/obj_niu_mini_robinrabauke/quantum/quantum.o
                0x0000000000000367                ascii_to_shift_lut
 .progmem.data.fn_actions
                0x00000000000003e7        0x0 .build/obj_niu_mini_robinrabauke/quantum/keymap_common.o
                0x00000000000003e7                fn_actions
 .progmem.data.__c.3715
                0x00000000000003e7        0x2 .build/obj_niu_mini_robinrabauke/quantum/matrix.o
 .progmem.data.__c.3713
                0x00000000000003e9        0x6 .build/obj_niu_mini_robinrabauke/quantum/matrix.o
 .progmem.data.__c.3711
                0x00000000000003ef        0x3 .build/obj_niu_mini_robinrabauke/quantum/matrix.o
 .progmem.data.__c.3709
                0x00000000000003f2        0x5 .build/obj_niu_mini_robinrabauke/quantum/matrix.o
 .progmem.data.__c.3706
                0x00000000000003f7       0x17 .build/obj_niu_mini_robinrabauke/quantum/matrix.o
 .progmem.data.__c.3207
                0x000000000000040e       0x19 .build/obj_niu_mini_robinrabauke/quantum/rgblight.o
 .progmem.data.__c.3202
                0x0000000000000427       0x19 .build/obj_niu_mini_robinrabauke/quantum/rgblight.o
 .progmem.data.__c.3095
                0x0000000000000440       0x27 .build/obj_niu_mini_robinrabauke/quantum/rgblight.o
 .progmem.data.__c.3093
                0x0000000000000467       0x25 .build/obj_niu_mini_robinrabauke/quantum/rgblight.o
 .progmem.data.__c.3088
                0x000000000000048c       0x27 .build/obj_niu_mini_robinrabauke/quantum/rgblight.o
 .progmem.data.__c.2994
                0x00000000000004b3       0x38 .build/obj_niu_mini_robinrabauke/quantum/rgblight.o
 .progmem.data.__c.2984
                0x00000000000004eb       0x37 .build/obj_niu_mini_robinrabauke/quantum/rgblight.o
 .progmem.data.__c.2974
                0x0000000000000522       0x37 .build/obj_niu_mini_robinrabauke/quantum/rgblight.o
 .progmem.data.__c.2963
                0x0000000000000559       0x1e .build/obj_niu_mini_robinrabauke/quantum/rgblight.o
 .progmem.data.__c.2961
                0x0000000000000577       0x1c .build/obj_niu_mini_robinrabauke/quantum/rgblight.o
 .progmem.data.__c.2918
                0x0000000000000593       0x49 .build/obj_niu_mini_robinrabauke/quantum/rgblight.o
 .progmem.data.__c.2916
                0x00000000000005dc       0x28 .build/obj_niu_mini_robinrabauke/quantum/rgblight.o
 .progmem.data.__c.2914
                0x0000000000000604       0x16 .build/obj_niu_mini_robinrabauke/quantum/rgblight.o
 .progmem.data.__c.2912
                0x000000000000061a       0x17 .build/obj_niu_mini_robinrabauke/quantum/rgblight.o
 .progmem.data.__c.2907
                0x0000000000000631       0x1c .build/obj_niu_mini_robinrabauke/quantum/rgblight.o
 .progmem.data.__c.2905
                0x000000000000064d       0x1a .build/obj_niu_mini_robinrabauke/quantum/rgblight.o
 .progmem.data.__c.2903
                0x0000000000000667       0x1a .build/obj_niu_mini_robinrabauke/quantum/rgblight.o
 .progmem.data.__c.2901
                0x0000000000000681       0x1a .build/obj_niu_mini_robinrabauke/quantum/rgblight.o
 .progmem.data.__c.2899
                0x000000000000069b       0x1b .build/obj_niu_mini_robinrabauke/quantum/rgblight.o
 .progmem.data.__c.2897
                0x00000000000006b6       0x1d .build/obj_niu_mini_robinrabauke/quantum/rgblight.o
 .progmem.data.__c.2895
                0x00000000000006d3       0x19 .build/obj_niu_mini_robinrabauke/quantum/rgblight.o
 .progmem.data.RGBLED_RGBTEST_INTERVALS
                0x00000000000006ec        0x2 .build/obj_niu_mini_robinrabauke/quantum/rgblight.o
                0x00000000000006ec                RGBLED_RGBTEST_INTERVALS
 .progmem.data.RGBLED_KNIGHT_INTERVALS
                0x00000000000006ee        0x3 .build/obj_niu_mini_robinrabauke/quantum/rgblight.o
                0x00000000000006ee                RGBLED_KNIGHT_INTERVALS
 .progmem.data.RGBLED_SNAKE_INTERVALS
                0x00000000000006f1        0x3 .build/obj_niu_mini_robinrabauke/quantum/rgblight.o
                0x00000000000006f1                RGBLED_SNAKE_INTERVALS
 .progmem.data.RGBLED_RAINBOW_SWIRL_INTERVALS
                0x00000000000006f4        0x3 .build/obj_niu_mini_robinrabauke/quantum/rgblight.o
                0x00000000000006f4                RGBLED_RAINBOW_SWIRL_INTERVALS
 .progmem.data.RGBLED_RAINBOW_MOOD_INTERVALS
                0x00000000000006f7        0x3 .build/obj_niu_mini_robinrabauke/quantum/rgblight.o
                0x00000000000006f7                RGBLED_RAINBOW_MOOD_INTERVALS
 .progmem.data.RGBLED_BREATHING_INTERVALS
                0x00000000000006fa        0x4 .build/obj_niu_mini_robinrabauke/quantum/rgblight.o
                0x00000000000006fa                RGBLED_BREATHING_INTERVALS
 .progmem.data.rgblight_effect_breathe_table
                0x00000000000006fe      0x100 .build/obj_niu_mini_robinrabauke/quantum/rgblight.o
                0x00000000000006fe                rgblight_effect_breathe_table
 .progmem.data.RGBLED_GRADIENT_RANGES
                0x00000000000007fe        0x5 .build/obj_niu_mini_robinrabauke/quantum/rgblight.o
                0x00000000000007fe                RGBLED_GRADIENT_RANGES
 .progmem.data.CIE1931_CURVE
                0x0000000000000803      0x100 .build/obj_niu_mini_robinrabauke/quantum/led_tables.o
                0x0000000000000803                CIE1931_CURVE
 .progmem.data.__c.2088
                0x0000000000000903        0x2 .build/obj_niu_mini_robinrabauke/common/host.o
 .progmem.data.__c.2083
                0x0000000000000905        0x6 .build/obj_niu_mini_robinrabauke/common/host.o
 .progmem.data.__c.2080
                0x000000000000090b       0x12 .build/obj_niu_mini_robinrabauke/common/host.o
 .progmem.data.__c.3222
                0x000000000000091d        0x2 .build/obj_niu_mini_robinrabauke/common/keyboard.o
 .progmem.data.__c.3220
                0x000000000000091f        0x5 .build/obj_niu_mini_robinrabauke/common/keyboard.o
 .progmem.data.__c.3218
                0x0000000000000924       0x13 .build/obj_niu_mini_robinrabauke/common/keyboard.o
 .progmem.data.__c.1858
                0x0000000000000937       0x14 .build/obj_niu_mini_robinrabauke/common/backlight.o
 .progmem.data.__c.1850
                0x000000000000094b       0x13 .build/obj_niu_mini_robinrabauke/common/backlight.o
 .progmem.data.__c.1845
                0x000000000000095e       0x12 .build/obj_niu_mini_robinrabauke/common/backlight.o
 .progmem.data.__c.1840
                0x0000000000000970       0x16 .build/obj_niu_mini_robinrabauke/common/backlight.o
 .progmem.data.__c.1834
                0x0000000000000986       0x18 .build/obj_niu_mini_robinrabauke/common/backlight.o
 .progmem.data.__c.1829
                0x000000000000099e       0x18 .build/obj_niu_mini_robinrabauke/common/backlight.o
 .progmem.data.__c.6205
                0x00000000000009b6        0x4 .build/obj_niu_mini_robinrabauke/lufa.o
 .progmem.data.__c.6203
                0x00000000000009ba       0x11 .build/obj_niu_mini_robinrabauke/lufa.o
 .progmem.data.__c.6098
                0x00000000000009cb        0x4 .build/obj_niu_mini_robinrabauke/lufa.o
 .progmem.data.__c.6094
                0x00000000000009cf        0x4 .build/obj_niu_mini_robinrabauke/lufa.o
 .progmem.data.__c.6090
                0x00000000000009d3        0x4 .build/obj_niu_mini_robinrabauke/lufa.o
 .progmem.data.__c.6085
                0x00000000000009d7        0x4 .build/obj_niu_mini_robinrabauke/lufa.o
 .progmem.data.__c.6080
                0x00000000000009db        0x4 .build/obj_niu_mini_robinrabauke/lufa.o
 .progmem.data.SerialNumberString
                0x00000000000009df        0x6 .build/obj_niu_mini_robinrabauke/usb_descriptor.o
                0x00000000000009df                SerialNumberString
 .progmem.data.ProductString
                0x00000000000009e5       0x14 .build/obj_niu_mini_robinrabauke/usb_descriptor.o
                0x00000000000009e5                ProductString
 .progmem.data.ManufacturerString
                0x00000000000009f9       0x12 .build/obj_niu_mini_robinrabauke/usb_descriptor.o
                0x00000000000009f9                ManufacturerString
 .progmem.data.LanguageString
                0x0000000000000a0b        0x4 .build/obj_niu_mini_robinrabauke/usb_descriptor.o
                0x0000000000000a0b                LanguageString
 .progmem.data.ConfigurationDescriptor
                0x0000000000000a0f       0x5b .build/obj_niu_mini_robinrabauke/usb_descriptor.o
                0x0000000000000a0f                ConfigurationDescriptor
 .progmem.data.DeviceDescriptor
                0x0000000000000a6a       0x12 .build/obj_niu_mini_robinrabauke/usb_descriptor.o
                0x0000000000000a6a                DeviceDescriptor
 .progmem.data.ConsoleReport
                0x0000000000000a7c       0x22 .build/obj_niu_mini_robinrabauke/usb_descriptor.o
                0x0000000000000a7c                ConsoleReport
 .progmem.data.SharedReport
                0x0000000000000a9e       0x36 .build/obj_niu_mini_robinrabauke/usb_descriptor.o
                0x0000000000000a9e                SharedReport
 .progmem.data.KeyboardReport
                0x0000000000000ad4       0x40 .build/obj_niu_mini_robinrabauke/usb_descriptor.o
                0x0000000000000ad4                KeyboardReport
                0x0000000000000b14                . = ALIGN (0x2)
 *(.lowtext)
 *(.lowtext*)
                0x0000000000000b14                __ctors_start = .
 *(.ctors)
                0x0000000000000b14                __ctors_end = .
                0x0000000000000b14                __dtors_start = .
 *(.dtors)
                0x0000000000000b14                __dtors_end = .
 SORT_BY_NAME(*)(.ctors)
 SORT_BY_NAME(*)(.dtors)
 *(.init0)
 .init0         0x0000000000000b14        0x0 /usr/local/Cellar/avr-gcc@8/8.3.0/lib/avr-gcc/8/gcc/avr/8.3.0/../../../../../../avr/lib/avr5/crtatmega32u4.o
                0x0000000000000b14                __init
 *(.init0)
 *(.init1)
 *(.init1)
 *(.init2)
 .init2         0x0000000000000b14        0xc /usr/local/Cellar/avr-gcc@8/8.3.0/lib/avr-gcc/8/gcc/avr/8.3.0/../../../../../../avr/lib/avr5/crtatmega32u4.o
 *(.init2)
 *(.init3)
 .init3         0x0000000000000b20       0x54 .build/obj_niu_mini_robinrabauke/common/avr/bootloader.o
                0x0000000000000b20                bootloader_jump_after_watchdog_reset
 *(.init3)
 *(.init4)
 .init4         0x0000000000000b74       0x16 /usr/local/Cellar/avr-gcc@8/8.3.0/lib/avr-gcc/8/gcc/avr/8.3.0/avr5/libgcc.a(_copy_data.o)
                0x0000000000000b74                __do_copy_data
 .init4         0x0000000000000b8a       0x10 /usr/local/Cellar/avr-gcc@8/8.3.0/lib/avr-gcc/8/gcc/avr/8.3.0/avr5/libgcc.a(_clear_bss.o)
                0x0000000000000b8a                __do_clear_bss
 *(.init4)
 *(.init5)
 *(.init5)
 *(.init6)
 *(.init6)
 *(.init7)
 *(.init7)
 *(.init8)
 *(.init8)
 *(.init9)
 .init9         0x0000000000000b9a        0x8 /usr/local/Cellar/avr-gcc@8/8.3.0/lib/avr-gcc/8/gcc/avr/8.3.0/../../../../../../avr/lib/avr5/crtatmega32u4.o
 *(.init9)
 *(.text)
 .text          0x0000000000000ba2        0x4 /usr/local/Cellar/avr-gcc@8/8.3.0/lib/avr-gcc/8/gcc/avr/8.3.0/../../../../../../avr/lib/avr5/crtatmega32u4.o
                0x0000000000000ba2                __vector_42
                0x0000000000000ba2                __vector_22
                0x0000000000000ba2                __vector_28
                0x0000000000000ba2                __vector_1
                0x0000000000000ba2                __vector_32
                0x0000000000000ba2                __vector_34
                0x0000000000000ba2                __vector_24
                0x0000000000000ba2                __bad_interrupt
                0x0000000000000ba2                __vector_6
                0x0000000000000ba2                __vector_31
                0x0000000000000ba2                __vector_35
                0x0000000000000ba2                __vector_39
                0x0000000000000ba2                __vector_3
                0x0000000000000ba2                __vector_23
                0x0000000000000ba2                __vector_30
                0x0000000000000ba2                __vector_25
                0x0000000000000ba2                __vector_13
                0x0000000000000ba2                __vector_17
                0x0000000000000ba2                __vector_19
                0x0000000000000ba2                __vector_7
                0x0000000000000ba2                __vector_41
                0x0000000000000ba2                __vector_27
                0x0000000000000ba2                __vector_5
                0x0000000000000ba2                __vector_33
                0x0000000000000ba2                __vector_37
                0x0000000000000ba2                __vector_4
                0x0000000000000ba2                __vector_9
                0x0000000000000ba2                __vector_2
                0x0000000000000ba2                __vector_15
                0x0000000000000ba2                __vector_36
                0x0000000000000ba2                __vector_29
                0x0000000000000ba2                __vector_40
                0x0000000000000ba2                __vector_8
                0x0000000000000ba2                __vector_26
                0x0000000000000ba2                __vector_14
                0x0000000000000ba2                __vector_16
                0x0000000000000ba2                __vector_18
                0x0000000000000ba2                __vector_20
                0x0000000000000ba2                __vector_38
 .text          0x0000000000000ba6      0x15c .build/obj_niu_mini_robinrabauke/common/avr/xprintf.o
                0x0000000000000ba6                xputc
                0x0000000000000bbe                xputs
                0x0000000000000bcc                xitoa
                0x0000000000000cf0                __xprintf
                0x0000000000000d02                . = ALIGN (0x2)
 *(.text.*)
 .text.matrix_init_kb
                0x0000000000000d02        0x8 .build/obj_niu_mini_robinrabauke/keyboards/niu_mini/niu_mini.o
                0x0000000000000d02                matrix_init_kb
 .text.process_record_user
                0x0000000000000d0a       0x58 .build/obj_niu_mini_robinrabauke/keyboards/niu_mini/keymaps/robinrabauke/keymap.o
                0x0000000000000d0a                process_record_user
 .text.process_action_kb
                0x0000000000000d62        0x4 .build/obj_niu_mini_robinrabauke/quantum/quantum.o
                0x0000000000000d62                process_action_kb
 .text.process_record_kb
                0x0000000000000d66        0x4 .build/obj_niu_mini_robinrabauke/quantum/quantum.o
                0x0000000000000d66                process_record_kb
 .text.get_event_keycode
                0x0000000000000d6a       0x62 .build/obj_niu_mini_robinrabauke/quantum/quantum.o
                0x0000000000000d6a                get_event_keycode
 .text.get_record_keycode
                0x0000000000000dcc       0x10 .build/obj_niu_mini_robinrabauke/quantum/quantum.o
                0x0000000000000dcc                get_record_keycode
 .text.send_char
                0x0000000000000ddc       0x5c .build/obj_niu_mini_robinrabauke/quantum/quantum.o
                0x0000000000000ddc                send_char
 .text.send_string_with_delay_P
                0x0000000000000e38       0x74 .build/obj_niu_mini_robinrabauke/quantum/quantum.o
                0x0000000000000e38                send_string_with_delay_P
 .text.send_string_P
                0x0000000000000eac        0x6 .build/obj_niu_mini_robinrabauke/quantum/quantum.o
                0x0000000000000eac                send_string_P
 .text.matrix_scan_quantum
                0x0000000000000eb2        0x4 .build/obj_niu_mini_robinrabauke/quantum/quantum.o
                0x0000000000000eb2                matrix_scan_quantum
 .text.backlight_on
                0x0000000000000eb6       0x22 .build/obj_niu_mini_robinrabauke/quantum/quantum.o
                0x0000000000000eb6                backlight_on
 .text.backlight_set
                0x0000000000000ed8       0xb0 .build/obj_niu_mini_robinrabauke/quantum/quantum.o
                0x0000000000000ed8                backlight_set
 .text.backlight_init_ports
                0x0000000000000f88       0x24 .build/obj_niu_mini_robinrabauke/quantum/quantum.o
                0x0000000000000f88                backlight_init_ports
 .text.matrix_init_quantum
                0x0000000000000fac       0x14 .build/obj_niu_mini_robinrabauke/quantum/quantum.o
                0x0000000000000fac                matrix_init_quantum
 .text.led_set_user
                0x0000000000000fc0        0x2 .build/obj_niu_mini_robinrabauke/quantum/quantum.o
                0x0000000000000fc0                led_set_user
 .text.led_set_kb
                0x0000000000000fc2        0x4 .build/obj_niu_mini_robinrabauke/quantum/quantum.o
                0x0000000000000fc2                led_set_kb
 .text.led_set  0x0000000000000fc6        0x4 .build/obj_niu_mini_robinrabauke/quantum/quantum.o
                0x0000000000000fc6                led_set
 .text.shutdown_user
                0x0000000000000fca        0x2 .build/obj_niu_mini_robinrabauke/quantum/quantum.o
                0x0000000000000fca                shutdown_user
 .text.reset_keyboard
                0x0000000000000fcc       0x1e .build/obj_niu_mini_robinrabauke/quantum/quantum.o
                0x0000000000000fcc                reset_keyboard
 .text.process_record_quantum
                0x0000000000000fea      0x558 .build/obj_niu_mini_robinrabauke/quantum/quantum.o
                0x0000000000000fea                process_record_quantum
 .text.action_get_macro
                0x0000000000001542        0x6 .build/obj_niu_mini_robinrabauke/quantum/keymap_common.o
                0x0000000000001542                action_get_macro
 .text.action_function
                0x0000000000001548        0x2 .build/obj_niu_mini_robinrabauke/quantum/keymap_common.o
                0x0000000000001548                action_function
 .text.keymap_key_to_keycode
                0x000000000000154a       0x28 .build/obj_niu_mini_robinrabauke/quantum/keymap_common.o
                0x000000000000154a                keymap_key_to_keycode
 .text.keymap_function_id_to_action
                0x0000000000001572       0x10 .build/obj_niu_mini_robinrabauke/quantum/keymap_common.o
                0x0000000000001572                keymap_function_id_to_action
 .text.action_for_key
                0x0000000000001582      0x3cc .build/obj_niu_mini_robinrabauke/quantum/keymap_common.o
                0x0000000000001582                action_for_key
 .text.keycode_config
                0x000000000000194e      0x12e .build/obj_niu_mini_robinrabauke/quantum/keycode_config.o
                0x000000000000194e                keycode_config
 .text.mod_config
                0x0000000000001a7c       0x86 .build/obj_niu_mini_robinrabauke/quantum/keycode_config.o
                0x0000000000001a7c                mod_config
 .text.matrix_init_user
                0x0000000000001b02        0x2 .build/obj_niu_mini_robinrabauke/quantum/matrix.o
                0x0000000000001b02                matrix_init_user
 .text.matrix_scan_user
                0x0000000000001b04        0x2 .build/obj_niu_mini_robinrabauke/quantum/matrix.o
                0x0000000000001b04                matrix_scan_user
 .text.matrix_scan_kb
                0x0000000000001b06        0x4 .build/obj_niu_mini_robinrabauke/quantum/matrix.o
                0x0000000000001b06                matrix_scan_kb
 .text.matrix_get_row
                0x0000000000001b0a       0x12 .build/obj_niu_mini_robinrabauke/quantum/matrix.o
                0x0000000000001b0a                matrix_get_row
 .text.matrix_print
                0x0000000000001b1c       0x8e .build/obj_niu_mini_robinrabauke/quantum/matrix.o
                0x0000000000001b1c                matrix_print
 .text.matrix_init
                0x0000000000001baa       0xc2 .build/obj_niu_mini_robinrabauke/quantum/matrix.o
                0x0000000000001baa                matrix_init
 .text.matrix_scan
                0x0000000000001c6c      0x12c .build/obj_niu_mini_robinrabauke/quantum/matrix.o
                0x0000000000001c6c                matrix_scan
 .text.debounce_init
                0x0000000000001d98        0x2 .build/obj_niu_mini_robinrabauke/quantum/debounce/sym_g.o
                0x0000000000001d98                debounce_init
 .text.debounce
                0x0000000000001d9a       0x72 .build/obj_niu_mini_robinrabauke/quantum/debounce/sym_g.o
                0x0000000000001d9a                debounce
 .text.hsv_to_rgb
                0x0000000000001e0c      0x13a .build/obj_niu_mini_robinrabauke/quantum/color.o
                0x0000000000001e0c                hsv_to_rgb
 .text.rgblight_effect_dummy
                0x0000000000001f46        0x2 .build/obj_niu_mini_robinrabauke/quantum/rgblight.o
 .text.sethsv_raw
                0x0000000000001f48       0x1c .build/obj_niu_mini_robinrabauke/quantum/rgblight.o
                0x0000000000001f48                sethsv_raw
 .text.rgblight_check_config
                0x0000000000001f64       0x1e .build/obj_niu_mini_robinrabauke/quantum/rgblight.o
                0x0000000000001f64                rgblight_check_config
 .text.eeconfig_read_rgblight
                0x0000000000001f82        0x8 .build/obj_niu_mini_robinrabauke/quantum/rgblight.o
                0x0000000000001f82                eeconfig_read_rgblight
 .text.eeconfig_update_rgblight
                0x0000000000001f8a       0x24 .build/obj_niu_mini_robinrabauke/quantum/rgblight.o
                0x0000000000001f8a                eeconfig_update_rgblight
 .text.eeconfig_update_rgblight_default
                0x0000000000001fae       0x1e .build/obj_niu_mini_robinrabauke/quantum/rgblight.o
                0x0000000000001fae                eeconfig_update_rgblight_default
 .text.eeconfig_debug_rgblight
                0x0000000000001fcc       0xf6 .build/obj_niu_mini_robinrabauke/quantum/rgblight.o
                0x0000000000001fcc                eeconfig_debug_rgblight
 .text.rgblight_get_mode
                0x00000000000020c2       0x10 .build/obj_niu_mini_robinrabauke/quantum/rgblight.o
                0x00000000000020c2                rgblight_get_mode
 .text.rgblight_increase_speed
                0x00000000000020d2       0x22 .build/obj_niu_mini_robinrabauke/quantum/rgblight.o
                0x00000000000020d2                rgblight_increase_speed
 .text.rgblight_decrease_speed
                0x00000000000020f4       0x22 .build/obj_niu_mini_robinrabauke/quantum/rgblight.o
                0x00000000000020f4                rgblight_decrease_speed
 .text.rgblight_set
                0x0000000000002116       0x46 .build/obj_niu_mini_robinrabauke/quantum/rgblight.o
                0x0000000000002116                rgblight_set
 .text.rgblight_setrgb
                0x000000000000215c       0x32 .build/obj_niu_mini_robinrabauke/quantum/rgblight.o
                0x000000000000215c                rgblight_setrgb
 .text.rgblight_sethsv_noeeprom_old
                0x000000000000218e       0x34 .build/obj_niu_mini_robinrabauke/quantum/rgblight.o
                0x000000000000218e                rgblight_sethsv_noeeprom_old
 .text.rgblight_effect_breathing
                0x00000000000021c2       0x28 .build/obj_niu_mini_robinrabauke/quantum/rgblight.o
                0x00000000000021c2                rgblight_effect_breathing
 .text.rgblight_effect_rainbow_mood
                0x00000000000021ea       0x20 .build/obj_niu_mini_robinrabauke/quantum/rgblight.o
                0x00000000000021ea                rgblight_effect_rainbow_mood
 .text.rgblight_effect_rgbtest
                0x000000000000220a       0x7e .build/obj_niu_mini_robinrabauke/quantum/rgblight.o
                0x000000000000220a                rgblight_effect_rgbtest
 .text.rgblight_sethsv_eeprom_helper
                0x0000000000002288      0x1cc .build/obj_niu_mini_robinrabauke/quantum/rgblight.o
                0x0000000000002288                rgblight_sethsv_eeprom_helper
 .text.rgblight_increase_hue_helper
                0x0000000000002454       0x14 .build/obj_niu_mini_robinrabauke/quantum/rgblight.o
                0x0000000000002454                rgblight_increase_hue_helper
 .text.rgblight_increase_hue
                0x0000000000002468        0x6 .build/obj_niu_mini_robinrabauke/quantum/rgblight.o
                0x0000000000002468                rgblight_increase_hue
 .text.rgblight_decrease_hue_helper
                0x000000000000246e       0x14 .build/obj_niu_mini_robinrabauke/quantum/rgblight.o
                0x000000000000246e                rgblight_decrease_hue_helper
 .text.rgblight_decrease_hue
                0x0000000000002482        0x6 .build/obj_niu_mini_robinrabauke/quantum/rgblight.o
                0x0000000000002482                rgblight_decrease_hue
 .text.rgblight_increase_sat_helper
                0x0000000000002488       0x18 .build/obj_niu_mini_robinrabauke/quantum/rgblight.o
                0x0000000000002488                rgblight_increase_sat_helper
 .text.rgblight_increase_sat
                0x00000000000024a0        0x6 .build/obj_niu_mini_robinrabauke/quantum/rgblight.o
                0x00000000000024a0                rgblight_increase_sat
 .text.rgblight_decrease_sat_helper
                0x00000000000024a6       0x18 .build/obj_niu_mini_robinrabauke/quantum/rgblight.o
                0x00000000000024a6                rgblight_decrease_sat_helper
 .text.rgblight_decrease_sat
                0x00000000000024be        0x6 .build/obj_niu_mini_robinrabauke/quantum/rgblight.o
                0x00000000000024be                rgblight_decrease_sat
 .text.rgblight_increase_val_helper
                0x00000000000024c4       0x18 .build/obj_niu_mini_robinrabauke/quantum/rgblight.o
                0x00000000000024c4                rgblight_increase_val_helper
 .text.rgblight_increase_val
                0x00000000000024dc        0x6 .build/obj_niu_mini_robinrabauke/quantum/rgblight.o
                0x00000000000024dc                rgblight_increase_val
 .text.rgblight_decrease_val_helper
                0x00000000000024e2       0x18 .build/obj_niu_mini_robinrabauke/quantum/rgblight.o
                0x00000000000024e2                rgblight_decrease_val_helper
 .text.rgblight_decrease_val
                0x00000000000024fa        0x6 .build/obj_niu_mini_robinrabauke/quantum/rgblight.o
                0x00000000000024fa                rgblight_decrease_val
 .text.rgblight_sethsv_noeeprom
                0x0000000000002500        0x6 .build/obj_niu_mini_robinrabauke/quantum/rgblight.o
                0x0000000000002500                rgblight_sethsv_noeeprom
 .text.rgblight_effect_rainbow_swirl
                0x0000000000002506       0x7a .build/obj_niu_mini_robinrabauke/quantum/rgblight.o
                0x0000000000002506                rgblight_effect_rainbow_swirl
 .text.rgblight_effect_snake
                0x0000000000002580       0xde .build/obj_niu_mini_robinrabauke/quantum/rgblight.o
                0x0000000000002580                rgblight_effect_snake
 .text.rgblight_effect_knight
                0x000000000000265e       0xe6 .build/obj_niu_mini_robinrabauke/quantum/rgblight.o
                0x000000000000265e                rgblight_effect_knight
 .text.rgblight_effect_christmas
                0x0000000000002744       0x76 .build/obj_niu_mini_robinrabauke/quantum/rgblight.o
                0x0000000000002744                rgblight_effect_christmas
 .text.rgblight_effect_alternating
                0x00000000000027ba       0x7a .build/obj_niu_mini_robinrabauke/quantum/rgblight.o
                0x00000000000027ba                rgblight_effect_alternating
 .text.rgblight_timer_enable
                0x0000000000002834       0x44 .build/obj_niu_mini_robinrabauke/quantum/rgblight.o
                0x0000000000002834                rgblight_timer_enable
 .text.rgblight_timer_disable
                0x0000000000002878       0x1e .build/obj_niu_mini_robinrabauke/quantum/rgblight.o
                0x0000000000002878                rgblight_timer_disable
 .text.rgblight_mode_eeprom_helper
                0x0000000000002896       0xb2 .build/obj_niu_mini_robinrabauke/quantum/rgblight.o
                0x0000000000002896                rgblight_mode_eeprom_helper
 .text.rgblight_step_helper
                0x0000000000002948       0x16 .build/obj_niu_mini_robinrabauke/quantum/rgblight.o
                0x0000000000002948                rgblight_step_helper
 .text.rgblight_step
                0x000000000000295e        0x6 .build/obj_niu_mini_robinrabauke/quantum/rgblight.o
                0x000000000000295e                rgblight_step
 .text.rgblight_step_reverse_helper
                0x0000000000002964       0x14 .build/obj_niu_mini_robinrabauke/quantum/rgblight.o
                0x0000000000002964                rgblight_step_reverse_helper
 .text.rgblight_step_reverse
                0x0000000000002978        0x6 .build/obj_niu_mini_robinrabauke/quantum/rgblight.o
                0x0000000000002978                rgblight_step_reverse
 .text.rgblight_mode
                0x000000000000297e        0x6 .build/obj_niu_mini_robinrabauke/quantum/rgblight.o
                0x000000000000297e                rgblight_mode
 .text.rgblight_enable
                0x0000000000002984       0x36 .build/obj_niu_mini_robinrabauke/quantum/rgblight.o
                0x0000000000002984                rgblight_enable
 .text.rgblight_mode_noeeprom
                0x00000000000029ba        0x6 .build/obj_niu_mini_robinrabauke/quantum/rgblight.o
                0x00000000000029ba                rgblight_mode_noeeprom
 .text.rgblight_init
                0x00000000000029c0       0xd0 .build/obj_niu_mini_robinrabauke/quantum/rgblight.o
                0x00000000000029c0                rgblight_init
 .text.rgblight_disable
                0x0000000000002a90       0x5e .build/obj_niu_mini_robinrabauke/quantum/rgblight.o
                0x0000000000002a90                rgblight_disable
 .text.rgblight_toggle
                0x0000000000002aee       0x36 .build/obj_niu_mini_robinrabauke/quantum/rgblight.o
                0x0000000000002aee                rgblight_toggle
 .text.rgblight_task
                0x0000000000002b24      0x136 .build/obj_niu_mini_robinrabauke/quantum/rgblight.o
                0x0000000000002b24                rgblight_task
 .text.ws2812_sendarray_mask
                0x0000000000002c5a       0x44 .build/obj_niu_mini_robinrabauke/ws2812.o
                0x0000000000002c5a                ws2812_sendarray_mask
 .text.ws2812_setleds_pin
                0x0000000000002c9e       0x22 .build/obj_niu_mini_robinrabauke/ws2812.o
                0x0000000000002c9e                ws2812_setleds_pin
 .text.ws2812_setleds
                0x0000000000002cc0        0x6 .build/obj_niu_mini_robinrabauke/ws2812.o
                0x0000000000002cc0                ws2812_setleds
 .text.perform_space_cadet
                0x0000000000002cc6       0xda .build/obj_niu_mini_robinrabauke/quantum/process_keycode/process_space_cadet.o
                0x0000000000002cc6                perform_space_cadet
 .text.process_space_cadet
                0x0000000000002da0       0x82 .build/obj_niu_mini_robinrabauke/quantum/process_keycode/process_space_cadet.o
                0x0000000000002da0                process_space_cadet
 .text.host_set_driver
                0x0000000000002e22        0xa .build/obj_niu_mini_robinrabauke/common/host.o
                0x0000000000002e22                host_set_driver
 .text.host_keyboard_leds
                0x0000000000002e2c       0x18 .build/obj_niu_mini_robinrabauke/common/host.o
                0x0000000000002e2c                host_keyboard_leds
 .text.host_keyboard_send
                0x0000000000002e44       0x98 .build/obj_niu_mini_robinrabauke/common/host.o
                0x0000000000002e44                host_keyboard_send
 .text.host_system_send
                0x0000000000002edc       0x2c .build/obj_niu_mini_robinrabauke/common/host.o
                0x0000000000002edc                host_system_send
 .text.host_consumer_send
                0x0000000000002f08       0x2c .build/obj_niu_mini_robinrabauke/common/host.o
                0x0000000000002f08                host_consumer_send
 .text.disable_jtag
                0x0000000000002f34        0xe .build/obj_niu_mini_robinrabauke/common/keyboard.o
                0x0000000000002f34                disable_jtag
 .text.keyboard_pre_init_user
                0x0000000000002f42        0x2 .build/obj_niu_mini_robinrabauke/common/keyboard.o
                0x0000000000002f42                keyboard_pre_init_user
 .text.matrix_setup
                0x0000000000002f44        0x2 .build/obj_niu_mini_robinrabauke/common/keyboard.o
                0x0000000000002f44                matrix_setup
 .text.keyboard_pre_init_kb
                0x0000000000002f46        0x4 .build/obj_niu_mini_robinrabauke/common/keyboard.o
                0x0000000000002f46                keyboard_pre_init_kb
 .text.keyboard_post_init_user
                0x0000000000002f4a        0x2 .build/obj_niu_mini_robinrabauke/common/keyboard.o
                0x0000000000002f4a                keyboard_post_init_user
 .text.keyboard_post_init_kb
                0x0000000000002f4c        0x4 .build/obj_niu_mini_robinrabauke/common/keyboard.o
                0x0000000000002f4c                keyboard_post_init_kb
 .text.keyboard_setup
                0x0000000000002f50        0xc .build/obj_niu_mini_robinrabauke/common/keyboard.o
                0x0000000000002f50                keyboard_setup
 .text.is_keyboard_master
                0x0000000000002f5c        0x4 .build/obj_niu_mini_robinrabauke/common/keyboard.o
                0x0000000000002f5c                is_keyboard_master
 .text.keyboard_init
                0x0000000000002f60       0x18 .build/obj_niu_mini_robinrabauke/common/keyboard.o
                0x0000000000002f60                keyboard_init
 .text.keyboard_set_leds
                0x0000000000002f78       0x50 .build/obj_niu_mini_robinrabauke/common/keyboard.o
                0x0000000000002f78                keyboard_set_leds
 .text.keyboard_task
                0x0000000000002fc8      0x17a .build/obj_niu_mini_robinrabauke/common/keyboard.o
                0x0000000000002fc8                keyboard_task
 .text.action_exec
                0x0000000000003142       0x54 .build/obj_niu_mini_robinrabauke/common/action.o
                0x0000000000003142                action_exec
 .text.process_record_tap_hint
                0x0000000000003196        0xa .build/obj_niu_mini_robinrabauke/common/action.o
                0x0000000000003196                process_record_tap_hint
 .text.register_code
                0x00000000000031a0      0x206 .build/obj_niu_mini_robinrabauke/common/action.o
                0x00000000000031a0                register_code
 .text.unregister_code
                0x00000000000033a6       0x9e .build/obj_niu_mini_robinrabauke/common/action.o
                0x00000000000033a6                unregister_code
 .text.tap_code
                0x0000000000003444       0x26 .build/obj_niu_mini_robinrabauke/common/action.o
                0x0000000000003444                tap_code
 .text.register_mods
                0x000000000000346a        0xe .build/obj_niu_mini_robinrabauke/common/action.o
                0x000000000000346a                register_mods
 .text.unregister_mods
                0x0000000000003478        0xe .build/obj_niu_mini_robinrabauke/common/action.o
                0x0000000000003478                unregister_mods
 .text.process_action
                0x0000000000003486      0x45a .build/obj_niu_mini_robinrabauke/common/action.o
                0x0000000000003486                process_action
 .text.process_record
                0x00000000000038e0       0x54 .build/obj_niu_mini_robinrabauke/common/action.o
                0x00000000000038e0                process_record
 .text.clear_keyboard_but_mods_and_keys
                0x0000000000003934       0x1c .build/obj_niu_mini_robinrabauke/common/action.o
                0x0000000000003934                clear_keyboard_but_mods_and_keys
 .text.clear_keyboard_but_mods
                0x0000000000003950        0x8 .build/obj_niu_mini_robinrabauke/common/action.o
                0x0000000000003950                clear_keyboard_but_mods
 .text.clear_keyboard
                0x0000000000003958        0x8 .build/obj_niu_mini_robinrabauke/common/action.o
                0x0000000000003958                clear_keyboard
 .text.is_tap_action
                0x0000000000003960       0x3e .build/obj_niu_mini_robinrabauke/common/action.o
                0x0000000000003960                is_tap_action
 .text.is_tap_key
                0x000000000000399e        0x8 .build/obj_niu_mini_robinrabauke/common/action.o
                0x000000000000399e                is_tap_key
 .text.debug_event
                0x00000000000039a6       0x1e .build/obj_niu_mini_robinrabauke/common/action.o
                0x00000000000039a6                debug_event
 .text.debug_record
                0x00000000000039c4       0x20 .build/obj_niu_mini_robinrabauke/common/action.o
                0x00000000000039c4                debug_record
 .text.debug_waiting_buffer
                0x00000000000039e4       0x42 .build/obj_niu_mini_robinrabauke/common/action_tapping.o
 .text.debug_tapping_key
                0x0000000000003a26       0x1c .build/obj_niu_mini_robinrabauke/common/action_tapping.o
 .text.waiting_buffer_scan_tap
                0x0000000000003a42       0xc8 .build/obj_niu_mini_robinrabauke/common/action_tapping.o
 .text.process_tapping
                0x0000000000003b0a      0x38e .build/obj_niu_mini_robinrabauke/common/action_tapping.o
 .text.action_tapping_process
                0x0000000000003e98      0x134 .build/obj_niu_mini_robinrabauke/common/action_tapping.o
                0x0000000000003e98                action_tapping_process
 .text.action_macro_play
                0x0000000000003fcc       0xf0 .build/obj_niu_mini_robinrabauke/common/action_macro.o
                0x0000000000003fcc                action_macro_play
 .text.default_layer_state_set_user
                0x00000000000040bc        0x2 .build/obj_niu_mini_robinrabauke/common/action_layer.o
                0x00000000000040bc                default_layer_state_set_user
 .text.default_layer_state_set_kb
                0x00000000000040be        0x4 .build/obj_niu_mini_robinrabauke/common/action_layer.o
                0x00000000000040be                default_layer_state_set_kb
 .text.default_layer_state_set
                0x00000000000040c2       0x18 .build/obj_niu_mini_robinrabauke/common/action_layer.o
 .text.default_layer_debug
                0x00000000000040da        0x2 .build/obj_niu_mini_robinrabauke/common/action_layer.o
                0x00000000000040da                default_layer_debug
 .text.default_layer_set
                0x00000000000040dc        0x4 .build/obj_niu_mini_robinrabauke/common/action_layer.o
                0x00000000000040dc                default_layer_set
 .text.default_layer_or
                0x00000000000040e0       0x24 .build/obj_niu_mini_robinrabauke/common/action_layer.o
                0x00000000000040e0                default_layer_or
 .text.default_layer_and
                0x0000000000004104       0x24 .build/obj_niu_mini_robinrabauke/common/action_layer.o
                0x0000000000004104                default_layer_and
 .text.default_layer_xor
                0x0000000000004128       0x24 .build/obj_niu_mini_robinrabauke/common/action_layer.o
                0x0000000000004128                default_layer_xor
 .text.layer_state_set_user
                0x000000000000414c        0x4 .build/obj_niu_mini_robinrabauke/common/action_layer.o
                0x000000000000414c                layer_state_set_user
 .text.layer_state_set_kb
                0x0000000000004150        0x4 .build/obj_niu_mini_robinrabauke/common/action_layer.o
                0x0000000000004150                layer_state_set_kb
 .text.layer_state_set
                0x0000000000004154       0x18 .build/obj_niu_mini_robinrabauke/common/action_layer.o
                0x0000000000004154                layer_state_set
 .text.layer_clear
                0x000000000000416c        0xa .build/obj_niu_mini_robinrabauke/common/action_layer.o
                0x000000000000416c                layer_clear
 .text.layer_move
                0x0000000000004176       0x2a .build/obj_niu_mini_robinrabauke/common/action_layer.o
                0x0000000000004176                layer_move
 .text.layer_on
                0x00000000000041a0       0x42 .build/obj_niu_mini_robinrabauke/common/action_layer.o
                0x00000000000041a0                layer_on
 .text.layer_off
                0x00000000000041e2       0x46 .build/obj_niu_mini_robinrabauke/common/action_layer.o
                0x00000000000041e2                layer_off
 .text.layer_invert
                0x0000000000004228       0x42 .build/obj_niu_mini_robinrabauke/common/action_layer.o
                0x0000000000004228                layer_invert
 .text.layer_or
                0x000000000000426a       0x24 .build/obj_niu_mini_robinrabauke/common/action_layer.o
                0x000000000000426a                layer_or
 .text.layer_and
                0x000000000000428e       0x24 .build/obj_niu_mini_robinrabauke/common/action_layer.o
                0x000000000000428e                layer_and
 .text.layer_xor
                0x00000000000042b2       0x24 .build/obj_niu_mini_robinrabauke/common/action_layer.o
                0x00000000000042b2                layer_xor
 .text.layer_debug
                0x00000000000042d6        0x2 .build/obj_niu_mini_robinrabauke/common/action_layer.o
                0x00000000000042d6                layer_debug
 .text.update_source_layers_cache
                0x00000000000042d8       0x58 .build/obj_niu_mini_robinrabauke/common/action_layer.o
                0x00000000000042d8                update_source_layers_cache
 .text.read_source_layers_cache
                0x0000000000004330       0x50 .build/obj_niu_mini_robinrabauke/common/action_layer.o
                0x0000000000004330                read_source_layers_cache
 .text.layer_switch_get_layer
                0x0000000000004380       0x84 .build/obj_niu_mini_robinrabauke/common/action_layer.o
                0x0000000000004380                layer_switch_get_layer
 .text.layer_switch_get_action
                0x0000000000004404       0x14 .build/obj_niu_mini_robinrabauke/common/action_layer.o
                0x0000000000004404                layer_switch_get_action
 .text.store_or_get_action
                0x0000000000004418       0x48 .build/obj_niu_mini_robinrabauke/common/action_layer.o
                0x0000000000004418                store_or_get_action
 .text.add_key  0x0000000000004460        0xe .build/obj_niu_mini_robinrabauke/common/action_util.o
                0x0000000000004460                add_key
 .text.del_key  0x000000000000446e        0xe .build/obj_niu_mini_robinrabauke/common/action_util.o
                0x000000000000446e                del_key
 .text.clear_keys
                0x000000000000447c        0xc .build/obj_niu_mini_robinrabauke/common/action_util.o
                0x000000000000447c                clear_keys
 .text.get_oneshot_layer
                0x0000000000004488        0xc .build/obj_niu_mini_robinrabauke/common/action_util.o
                0x0000000000004488                get_oneshot_layer
 .text.get_oneshot_layer_state
                0x0000000000004494        0x8 .build/obj_niu_mini_robinrabauke/common/action_util.o
                0x0000000000004494                get_oneshot_layer_state
 .text.is_oneshot_layer_active
                0x000000000000449c        0xe .build/obj_niu_mini_robinrabauke/common/action_util.o
                0x000000000000449c                is_oneshot_layer_active
 .text.get_mods
                0x00000000000044aa        0x6 .build/obj_niu_mini_robinrabauke/common/action_util.o
                0x00000000000044aa                get_mods
 .text.add_mods
                0x00000000000044b0        0xc .build/obj_niu_mini_robinrabauke/common/action_util.o
                0x00000000000044b0                add_mods
 .text.del_mods
                0x00000000000044bc        0xe .build/obj_niu_mini_robinrabauke/common/action_util.o
                0x00000000000044bc                del_mods
 .text.clear_mods
                0x00000000000044ca        0x6 .build/obj_niu_mini_robinrabauke/common/action_util.o
                0x00000000000044ca                clear_mods
 .text.add_weak_mods
                0x00000000000044d0        0xc .build/obj_niu_mini_robinrabauke/common/action_util.o
                0x00000000000044d0                add_weak_mods
 .text.del_weak_mods
                0x00000000000044dc        0xe .build/obj_niu_mini_robinrabauke/common/action_util.o
                0x00000000000044dc                del_weak_mods
 .text.clear_weak_mods
                0x00000000000044ea        0x6 .build/obj_niu_mini_robinrabauke/common/action_util.o
                0x00000000000044ea                clear_weak_mods
 .text.add_macro_mods
                0x00000000000044f0        0xc .build/obj_niu_mini_robinrabauke/common/action_util.o
                0x00000000000044f0                add_macro_mods
 .text.del_macro_mods
                0x00000000000044fc        0xe .build/obj_niu_mini_robinrabauke/common/action_util.o
                0x00000000000044fc                del_macro_mods
 .text.clear_macro_mods
                0x000000000000450a        0x6 .build/obj_niu_mini_robinrabauke/common/action_util.o
                0x000000000000450a                clear_macro_mods
 .text.get_oneshot_mods
                0x0000000000004510        0x6 .build/obj_niu_mini_robinrabauke/common/action_util.o
                0x0000000000004510                get_oneshot_mods
 .text.oneshot_mods_changed_user
                0x0000000000004516        0x2 .build/obj_niu_mini_robinrabauke/common/action_util.o
                0x0000000000004516                oneshot_mods_changed_user
 .text.oneshot_mods_changed_kb
                0x0000000000004518        0x4 .build/obj_niu_mini_robinrabauke/common/action_util.o
                0x0000000000004518                oneshot_mods_changed_kb
 .text.set_oneshot_mods
                0x000000000000451c       0x12 .build/obj_niu_mini_robinrabauke/common/action_util.o
                0x000000000000451c                set_oneshot_mods
 .text.clear_oneshot_mods
                0x000000000000452e       0x14 .build/obj_niu_mini_robinrabauke/common/action_util.o
                0x000000000000452e                clear_oneshot_mods
 .text.send_keyboard_report
                0x0000000000004542       0x66 .build/obj_niu_mini_robinrabauke/common/action_util.o
                0x0000000000004542                send_keyboard_report
 .text.oneshot_layer_changed_user
                0x00000000000045a8        0x2 .build/obj_niu_mini_robinrabauke/common/action_util.o
                0x00000000000045a8                oneshot_layer_changed_user
 .text.oneshot_layer_changed_kb
                0x00000000000045aa        0x4 .build/obj_niu_mini_robinrabauke/common/action_util.o
                0x00000000000045aa                oneshot_layer_changed_kb
 .text.set_oneshot_layer
                0x00000000000045ae       0x20 .build/obj_niu_mini_robinrabauke/common/action_util.o
                0x00000000000045ae                set_oneshot_layer
 .text.reset_oneshot_layer
                0x00000000000045ce        0xa .build/obj_niu_mini_robinrabauke/common/action_util.o
                0x00000000000045ce                reset_oneshot_layer
 .text.clear_oneshot_layer_state
                0x00000000000045d8       0x30 .build/obj_niu_mini_robinrabauke/common/action_util.o
                0x00000000000045d8                clear_oneshot_layer_state
 .text.print_set_sendchar
                0x0000000000004608        0xa .build/obj_niu_mini_robinrabauke/common/print.o
                0x0000000000004608                print_set_sendchar
 .text.bitrev   0x0000000000004612       0x30 .build/obj_niu_mini_robinrabauke/common/util.o
                0x0000000000004612                bitrev
 .text.bitrev16
                0x0000000000004642       0x1a .build/obj_niu_mini_robinrabauke/common/util.o
                0x0000000000004642                bitrev16
 .text.eeconfig_is_enabled
                0x000000000000465c       0x16 .build/obj_niu_mini_robinrabauke/common/eeconfig.o
                0x000000000000465c                eeconfig_is_enabled
 .text.eeconfig_read_debug
                0x0000000000004672        0x8 .build/obj_niu_mini_robinrabauke/common/eeconfig.o
                0x0000000000004672                eeconfig_read_debug
 .text.eeconfig_read_default_layer
                0x000000000000467a        0x8 .build/obj_niu_mini_robinrabauke/common/eeconfig.o
                0x000000000000467a                eeconfig_read_default_layer
 .text.eeconfig_read_keymap
                0x0000000000004682       0x1c .build/obj_niu_mini_robinrabauke/common/eeconfig.o
                0x0000000000004682                eeconfig_read_keymap
 .text.eeconfig_update_keymap
                0x000000000000469e       0x1a .build/obj_niu_mini_robinrabauke/common/eeconfig.o
                0x000000000000469e                eeconfig_update_keymap
 .text.eeconfig_read_backlight
                0x00000000000046b8        0x8 .build/obj_niu_mini_robinrabauke/common/eeconfig.o
                0x00000000000046b8                eeconfig_read_backlight
 .text.eeconfig_update_backlight
                0x00000000000046c0        0xa .build/obj_niu_mini_robinrabauke/common/eeconfig.o
                0x00000000000046c0                eeconfig_update_backlight
 .text.eeconfig_update_kb
                0x00000000000046ca        0xc .build/obj_niu_mini_robinrabauke/common/eeconfig.o
                0x00000000000046ca                eeconfig_update_kb
 .text.eeconfig_update_user
                0x00000000000046d6        0xc .build/obj_niu_mini_robinrabauke/common/eeconfig.o
                0x00000000000046d6                eeconfig_update_user
 .text.eeconfig_init_user
                0x00000000000046e2        0xa .build/obj_niu_mini_robinrabauke/common/eeconfig.o
                0x00000000000046e2                eeconfig_init_user
 .text.eeconfig_init_kb
                0x00000000000046ec        0xe .build/obj_niu_mini_robinrabauke/common/eeconfig.o
                0x00000000000046ec                eeconfig_init_kb
 .text.eeconfig_init_quantum
                0x00000000000046fa       0xae .build/obj_niu_mini_robinrabauke/common/eeconfig.o
                0x00000000000046fa                eeconfig_init_quantum
 .text.eeconfig_init
                0x00000000000047a8        0x4 .build/obj_niu_mini_robinrabauke/common/eeconfig.o
                0x00000000000047a8                eeconfig_init
 .text.has_anykey
                0x00000000000047ac       0x24 .build/obj_niu_mini_robinrabauke/common/report.o
                0x00000000000047ac                has_anykey
 .text.add_key_byte
                0x00000000000047d0       0x34 .build/obj_niu_mini_robinrabauke/common/report.o
                0x00000000000047d0                add_key_byte
 .text.del_key_byte
                0x0000000000004804       0x1a .build/obj_niu_mini_robinrabauke/common/report.o
                0x0000000000004804                del_key_byte
 .text.add_key_to_report
                0x000000000000481e        0x4 .build/obj_niu_mini_robinrabauke/common/report.o
                0x000000000000481e                add_key_to_report
 .text.del_key_from_report
                0x0000000000004822        0x4 .build/obj_niu_mini_robinrabauke/common/report.o
                0x0000000000004822                del_key_from_report
 .text.clear_keys_from_report
                0x0000000000004826        0xe .build/obj_niu_mini_robinrabauke/common/report.o
                0x0000000000004826                clear_keys_from_report
 .text.matrix_power_up
                0x0000000000004834        0x2 .build/obj_niu_mini_robinrabauke/common/avr/suspend.o
                0x0000000000004834                matrix_power_up
 .text.suspend_power_down_user
                0x0000000000004836        0x2 .build/obj_niu_mini_robinrabauke/common/avr/suspend.o
                0x0000000000004836                suspend_power_down_user
 .text.suspend_power_down_kb
                0x0000000000004838        0x4 .build/obj_niu_mini_robinrabauke/common/avr/suspend.o
                0x0000000000004838                suspend_power_down_kb
 .text.suspend_power_down
                0x000000000000483c       0x66 .build/obj_niu_mini_robinrabauke/common/avr/suspend.o
                0x000000000000483c                suspend_power_down
 .text.matrix_power_down
                0x00000000000048a2        0x2 .build/obj_niu_mini_robinrabauke/common/avr/suspend.o
                0x00000000000048a2                matrix_power_down
 .text.suspend_wakeup_condition
                0x00000000000048a4       0x2a .build/obj_niu_mini_robinrabauke/common/avr/suspend.o
                0x00000000000048a4                suspend_wakeup_condition
 .text.suspend_wakeup_init_user
                0x00000000000048ce        0x2 .build/obj_niu_mini_robinrabauke/common/avr/suspend.o
                0x00000000000048ce                suspend_wakeup_init_user
 .text.suspend_wakeup_init_kb
                0x00000000000048d0        0x4 .build/obj_niu_mini_robinrabauke/common/avr/suspend.o
                0x00000000000048d0                suspend_wakeup_init_kb
 .text.suspend_wakeup_init
                0x00000000000048d4       0x14 .build/obj_niu_mini_robinrabauke/common/avr/suspend.o
                0x00000000000048d4                suspend_wakeup_init
 .text.__vector_12
                0x00000000000048e8       0x4e .build/obj_niu_mini_robinrabauke/common/avr/suspend.o
                0x00000000000048e8                __vector_12
 .text.timer_init
                0x0000000000004936       0x12 .build/obj_niu_mini_robinrabauke/common/avr/timer.o
                0x0000000000004936                timer_init
 .text.timer_read
                0x0000000000004948       0x18 .build/obj_niu_mini_robinrabauke/common/avr/timer.o
                0x0000000000004948                timer_read
 .text.timer_elapsed
                0x0000000000004960       0x54 .build/obj_niu_mini_robinrabauke/common/avr/timer.o
                0x0000000000004960                timer_elapsed
 .text.__vector_21
                0x00000000000049b4       0x48 .build/obj_niu_mini_robinrabauke/common/avr/timer.o
                0x00000000000049b4                __vector_21
 .text.bootloader_jump
                0x00000000000049fc       0x48 .build/obj_niu_mini_robinrabauke/common/avr/bootloader.o
                0x00000000000049fc                bootloader_jump
 .text.magic    0x0000000000004a44       0x30 .build/obj_niu_mini_robinrabauke/common/magic.o
                0x0000000000004a44                magic
 .text.backlight_init
                0x0000000000004a74       0x38 .build/obj_niu_mini_robinrabauke/common/backlight.o
                0x0000000000004a74                backlight_init
 .text.backlight_increase
                0x0000000000004aac       0x66 .build/obj_niu_mini_robinrabauke/common/backlight.o
                0x0000000000004aac                backlight_increase
 .text.backlight_decrease
                0x0000000000004b12       0x60 .build/obj_niu_mini_robinrabauke/common/backlight.o
                0x0000000000004b12                backlight_decrease
 .text.backlight_enable
                0x0000000000004b72       0x48 .build/obj_niu_mini_robinrabauke/common/backlight.o
                0x0000000000004b72                backlight_enable
 .text.backlight_disable
                0x0000000000004bba       0x32 .build/obj_niu_mini_robinrabauke/common/backlight.o
                0x0000000000004bba                backlight_disable
 .text.backlight_toggle
                0x0000000000004bec       0x38 .build/obj_niu_mini_robinrabauke/common/backlight.o
                0x0000000000004bec                backlight_toggle
 .text.backlight_step
                0x0000000000004c24       0x7c .build/obj_niu_mini_robinrabauke/common/backlight.o
                0x0000000000004c24                backlight_step
 .text.backlight_level
                0x0000000000004ca0       0x40 .build/obj_niu_mini_robinrabauke/common/backlight.o
                0x0000000000004ca0                backlight_level
 .text.keyboard_leds
                0x0000000000004ce0        0x6 .build/obj_niu_mini_robinrabauke/lufa.o
 .text.send_mouse
                0x0000000000004ce6        0x2 .build/obj_niu_mini_robinrabauke/lufa.o
 .text.sendchar
                0x0000000000004ce8       0xc4 .build/obj_niu_mini_robinrabauke/lufa.o
                0x0000000000004ce8                sendchar
 .text.send_consumer
                0x0000000000004dac       0x76 .build/obj_niu_mini_robinrabauke/lufa.o
 .text.send_system
                0x0000000000004e22       0x6c .build/obj_niu_mini_robinrabauke/lufa.o
 .text.send_keyboard
                0x0000000000004e8e       0x66 .build/obj_niu_mini_robinrabauke/lufa.o
 .text.EVENT_USB_Device_Connect
                0x0000000000004ef4       0x24 .build/obj_niu_mini_robinrabauke/lufa.o
                0x0000000000004ef4                EVENT_USB_Device_Connect
 .text.EVENT_USB_Device_Disconnect
                0x0000000000004f18        0xe .build/obj_niu_mini_robinrabauke/lufa.o
                0x0000000000004f18                EVENT_USB_Device_Disconnect
 .text.EVENT_USB_Device_Reset
                0x0000000000004f26        0x8 .build/obj_niu_mini_robinrabauke/lufa.o
                0x0000000000004f26                EVENT_USB_Device_Reset
 .text.EVENT_USB_Device_Suspend
                0x0000000000004f2e        0x8 .build/obj_niu_mini_robinrabauke/lufa.o
                0x0000000000004f2e                EVENT_USB_Device_Suspend
 .text.EVENT_USB_Device_WakeUp
                0x0000000000004f36        0xc .build/obj_niu_mini_robinrabauke/lufa.o
                0x0000000000004f36                EVENT_USB_Device_WakeUp
 .text.EVENT_USB_Device_StartOfFrame
                0x0000000000004f42       0x82 .build/obj_niu_mini_robinrabauke/lufa.o
                0x0000000000004f42                EVENT_USB_Device_StartOfFrame
 .text.EVENT_USB_Device_ConfigurationChanged
                0x0000000000004fc4       0x1e .build/obj_niu_mini_robinrabauke/lufa.o
                0x0000000000004fc4                EVENT_USB_Device_ConfigurationChanged
 .text.EVENT_USB_Device_ControlRequest
                0x0000000000004fe2      0x16e .build/obj_niu_mini_robinrabauke/lufa.o
                0x0000000000004fe2                EVENT_USB_Device_ControlRequest
 .text.startup.main
                0x0000000000005150       0x92 .build/obj_niu_mini_robinrabauke/lufa.o
                0x0000000000005150                main
 .text.CALLBACK_USB_GetDescriptor
                0x00000000000051e2        0x4 .build/obj_niu_mini_robinrabauke/lufa.o
                0x00000000000051e2                CALLBACK_USB_GetDescriptor
 .text.get_usb_descriptor
                0x00000000000051e6       0xba .build/obj_niu_mini_robinrabauke/usb_descriptor.o
                0x00000000000051e6                get_usb_descriptor
 .text.set_output_user
                0x00000000000052a0        0x2 .build/obj_niu_mini_robinrabauke/outputselect.o
                0x00000000000052a0                set_output_user
 .text.set_output
                0x00000000000052a2       0x10 .build/obj_niu_mini_robinrabauke/outputselect.o
                0x00000000000052a2                set_output
 .text.auto_detect_output
                0x00000000000052b2       0x10 .build/obj_niu_mini_robinrabauke/outputselect.o
                0x00000000000052b2                auto_detect_output
 .text.where_to_send
                0x00000000000052c2        0xe .build/obj_niu_mini_robinrabauke/outputselect.o
                0x00000000000052c2                where_to_send
 .text.USB_Device_SendRemoteWakeup
                0x00000000000052d0       0x2c .build/obj_niu_mini_robinrabauke/lib/lufa/LUFA/Drivers/USB/Core/AVR8/Device_AVR8.o
                0x00000000000052d0                USB_Device_SendRemoteWakeup
 .text.Endpoint_Write_Stream_LE
                0x00000000000052fc       0x9e .build/obj_niu_mini_robinrabauke/lib/lufa/LUFA/Drivers/USB/Core/AVR8/EndpointStream_AVR8.o
                0x00000000000052fc                Endpoint_Write_Stream_LE
 .text.Endpoint_Write_Control_Stream_LE
                0x000000000000539a       0xbc .build/obj_niu_mini_robinrabauke/lib/lufa/LUFA/Drivers/USB/Core/AVR8/EndpointStream_AVR8.o
                0x000000000000539a                Endpoint_Write_Control_Stream_LE
 .text.Endpoint_Write_Control_PStream_LE
                0x0000000000005456       0xbe .build/obj_niu_mini_robinrabauke/lib/lufa/LUFA/Drivers/USB/Core/AVR8/EndpointStream_AVR8.o
                0x0000000000005456                Endpoint_Write_Control_PStream_LE
 .text.Endpoint_ConfigureEndpoint_Prv
                0x0000000000005514       0x68 .build/obj_niu_mini_robinrabauke/lib/lufa/LUFA/Drivers/USB/Core/AVR8/Endpoint_AVR8.o
                0x0000000000005514                Endpoint_ConfigureEndpoint_Prv
 .text.Endpoint_ClearStatusStage
                0x000000000000557c       0x3e .build/obj_niu_mini_robinrabauke/lib/lufa/LUFA/Drivers/USB/Core/AVR8/Endpoint_AVR8.o
                0x000000000000557c                Endpoint_ClearStatusStage
 .text.Endpoint_WaitUntilReady
                0x00000000000055ba       0x62 .build/obj_niu_mini_robinrabauke/lib/lufa/LUFA/Drivers/USB/Core/AVR8/Endpoint_AVR8.o
                0x00000000000055ba                Endpoint_WaitUntilReady
 .text.USB_Disable
                0x000000000000561c       0x34 .build/obj_niu_mini_robinrabauke/lib/lufa/LUFA/Drivers/USB/Core/AVR8/USBController_AVR8.o
                0x000000000000561c                USB_Disable
 .text.USB_ResetInterface
                0x0000000000005650       0x86 .build/obj_niu_mini_robinrabauke/lib/lufa/LUFA/Drivers/USB/Core/AVR8/USBController_AVR8.o
                0x0000000000005650                USB_ResetInterface
 .text.USB_Init
                0x00000000000056d6       0x22 .build/obj_niu_mini_robinrabauke/lib/lufa/LUFA/Drivers/USB/Core/AVR8/USBController_AVR8.o
                0x00000000000056d6                USB_Init
 .text.USB_INT_DisableAllInterrupts
                0x00000000000056f8       0x10 .build/obj_niu_mini_robinrabauke/lib/lufa/LUFA/Drivers/USB/Core/AVR8/USBInterrupt_AVR8.o
                0x00000000000056f8                USB_INT_DisableAllInterrupts
 .text.USB_INT_ClearAllInterrupts
                0x0000000000005708        0xa .build/obj_niu_mini_robinrabauke/lib/lufa/LUFA/Drivers/USB/Core/AVR8/USBInterrupt_AVR8.o
                0x0000000000005708                USB_INT_ClearAllInterrupts
 .text.__vector_10
                0x0000000000005712      0x1a8 .build/obj_niu_mini_robinrabauke/lib/lufa/LUFA/Drivers/USB/Core/AVR8/USBInterrupt_AVR8.o
                0x0000000000005712                __vector_10
 .text.__vector_11
                0x00000000000058ba       0x88 .build/obj_niu_mini_robinrabauke/lib/lufa/LUFA/Drivers/USB/Core/AVR8/USBInterrupt_AVR8.o
                0x00000000000058ba                __vector_11
 .text.USB_Device_ProcessControlRequest
                0x0000000000005942      0x2a4 .build/obj_niu_mini_robinrabauke/lib/lufa/LUFA/Drivers/USB/Core/DeviceStandardReq.o
                0x0000000000005942                USB_Device_ProcessControlRequest
 .text.USB_USBTask
                0x0000000000005be6       0x36 .build/obj_niu_mini_robinrabauke/lib/lufa/LUFA/Drivers/USB/Core/USBTask.o
                0x0000000000005be6                USB_USBTask
 .text.libgcc.mul
                0x0000000000005c1c       0x20 /usr/local/Cellar/avr-gcc@8/8.3.0/lib/avr-gcc/8/gcc/avr/8.3.0/avr5/libgcc.a(_mulsi3.o)
                0x0000000000005c1c                __mulsi3
 .text.libgcc.div
                0x0000000000005c3c       0x18 /usr/local/Cellar/avr-gcc@8/8.3.0/lib/avr-gcc/8/gcc/avr/8.3.0/avr5/libgcc.a(_udivmodqi4.o)
                0x0000000000005c3c                __udivmodqi4
 .text.libgcc.div
                0x0000000000005c54       0x28 /usr/local/Cellar/avr-gcc@8/8.3.0/lib/avr-gcc/8/gcc/avr/8.3.0/avr5/libgcc.a(_udivmodhi4.o)
                0x0000000000005c54                __udivmodhi4
 .text.libgcc.div
                0x0000000000005c7c       0x28 /usr/local/Cellar/avr-gcc@8/8.3.0/lib/avr-gcc/8/gcc/avr/8.3.0/avr5/libgcc.a(_divmodhi4.o)
                0x0000000000005c7c                __divmodhi4
                0x0000000000005c7c                _div
 .text.libgcc.div
                0x0000000000005ca4       0x44 /usr/local/Cellar/avr-gcc@8/8.3.0/lib/avr-gcc/8/gcc/avr/8.3.0/avr5/libgcc.a(_udivmodsi4.o)
                0x0000000000005ca4                __udivmodsi4
 .text.libgcc   0x0000000000005ce8        0xc /usr/local/Cellar/avr-gcc@8/8.3.0/lib/avr-gcc/8/gcc/avr/8.3.0/avr5/libgcc.a(_tablejump2.o)
                0x0000000000005ce8                __tablejump2__
 .text.libgcc.mul
                0x0000000000005cf4       0x1e /usr/local/Cellar/avr-gcc@8/8.3.0/lib/avr-gcc/8/gcc/avr/8.3.0/avr5/libgcc.a(_umulhisi3.o)
                0x0000000000005cf4                __umulhisi3
 .text.libgcc.mul
                0x0000000000005d12       0x16 /usr/local/Cellar/avr-gcc@8/8.3.0/lib/avr-gcc/8/gcc/avr/8.3.0/avr5/libgcc.a(_muluhisi3.o)
                0x0000000000005d12                __muluhisi3
 .text.avr-libc
                0x0000000000005d28       0x1a /usr/local/Cellar/avr-gcc@8/8.3.0/lib/avr-gcc/8/gcc/avr/8.3.0/../../../../../../avr/lib/avr5/libc.a(memchr.o)
                0x0000000000005d28                memchr
 .text.avr-libc
                0x0000000000005d42       0x10 /usr/local/Cellar/avr-gcc@8/8.3.0/lib/avr-gcc/8/gcc/avr/8.3.0/../../../../../../avr/lib/avr5/libatmega32u4.a(eerd_byte.o)
                0x0000000000005d42                eeprom_read_byte
 .text.avr-libc
                0x0000000000005d52        0xc /usr/local/Cellar/avr-gcc@8/8.3.0/lib/avr-gcc/8/gcc/avr/8.3.0/../../../../../../avr/lib/avr5/libatmega32u4.a(eerd_dword.o)
                0x0000000000005d52                eeprom_read_dword
                0x0000000000005d52                eeprom_read_float
 .text.avr-libc
                0x0000000000005d5e        0xc /usr/local/Cellar/avr-gcc@8/8.3.0/lib/avr-gcc/8/gcc/avr/8.3.0/../../../../../../avr/lib/avr5/libatmega32u4.a(eerd_word.o)
                0x0000000000005d5e                eeprom_read_word
 .text.avr-libc
                0x0000000000005d6a       0x24 /usr/local/Cellar/avr-gcc@8/8.3.0/lib/avr-gcc/8/gcc/avr/8.3.0/../../../../../../avr/lib/avr5/libatmega32u4.a(eeupd_byte.o)
                0x0000000000005d6a                eeprom_update_byte
                0x0000000000005d6c                eeprom_update_r18
 .text.avr-libc
                0x0000000000005d8e       0x18 /usr/local/Cellar/avr-gcc@8/8.3.0/lib/avr-gcc/8/gcc/avr/8.3.0/../../../../../../avr/lib/avr5/libatmega32u4.a(eeupd_dword.o)
                0x0000000000005d8e                eeprom_update_dword
                0x0000000000005d8e                eeprom_update_float
 .text.avr-libc
                0x0000000000005da6        0xc /usr/local/Cellar/avr-gcc@8/8.3.0/lib/avr-gcc/8/gcc/avr/8.3.0/../../../../../../avr/lib/avr5/libatmega32u4.a(eeupd_word.o)
                0x0000000000005da6                eeprom_update_word
 .text.avr-libc
                0x0000000000005db2       0x20 /usr/local/Cellar/avr-gcc@8/8.3.0/lib/avr-gcc/8/gcc/avr/8.3.0/../../../../../../avr/lib/avr5/libatmega32u4.a(eerd_block.o)
                0x0000000000005db2                eeprom_read_block
                0x0000000000005db6                eeprom_read_blraw
                0x0000000000005dd2                . = ALIGN (0x2)
 *(.fini9)
 .fini9         0x0000000000005dd2        0x0 /usr/local/Cellar/avr-gcc@8/8.3.0/lib/avr-gcc/8/gcc/avr/8.3.0/avr5/libgcc.a(_exit.o)
                0x0000000000005dd2                exit
                0x0000000000005dd2                _exit
 *(.fini9)
 *(.fini8)
 *(.fini8)
 *(.fini7)
 *(.fini7)
 *(.fini6)
 *(.fini6)
 *(.fini5)
 *(.fini5)
 *(.fini4)
 *(.fini4)
 *(.fini3)
 *(.fini3)
 *(.fini2)
 *(.fini2)
 *(.fini1)
 *(.fini1)
 *(.fini0)
 .fini0         0x0000000000005dd2        0x4 /usr/local/Cellar/avr-gcc@8/8.3.0/lib/avr-gcc/8/gcc/avr/8.3.0/avr5/libgcc.a(_exit.o)
 *(.fini0)
 *(.hightext)
 *(.hightext*)
 *(.progmemx.*)
                0x0000000000005dd6                . = ALIGN (0x2)
 *(.jumptables)
 *(.jumptables*)
 .jumptables.gcc.process_action
                0x0000000000005dd6       0x20 .build/obj_niu_mini_robinrabauke/common/action.o
 .jumptables.gcc.is_tap_action
                0x0000000000005df6       0x1c .build/obj_niu_mini_robinrabauke/common/action.o
 .jumptables.gcc.USB_Device_ProcessControlRequest
                0x0000000000005e12       0x14 .build/obj_niu_mini_robinrabauke/lib/lufa/LUFA/Drivers/USB/Core/DeviceStandardReq.o
                0x0000000000005e26                _etext = .

.data           0x0000000000800100       0x62 load address 0x0000000000005e26
                0x0000000000800100                PROVIDE (__data_start = .)
 *(.data)
 *(.data*)
 .data.increment.3276
                0x0000000000800100        0x1 .build/obj_niu_mini_robinrabauke/quantum/rgblight.o
 .data.high_bound.3275
                0x0000000000800101        0x1 .build/obj_niu_mini_robinrabauke/quantum/rgblight.o
 .data.effect_num_leds
                0x0000000000800102        0x1 .build/obj_niu_mini_robinrabauke/quantum/rgblight.o
 .data.effect_end_pos
                0x0000000000800103        0x1 .build/obj_niu_mini_robinrabauke/quantum/rgblight.o
 .data.clipping_num_leds
                0x0000000000800104        0x1 .build/obj_niu_mini_robinrabauke/quantum/rgblight.o
 .data.static_effect_table
                0x0000000000800105        0xb .build/obj_niu_mini_robinrabauke/quantum/rgblight.o
 .data.keyboard_report
                0x0000000000800110        0x2 .build/obj_niu_mini_robinrabauke/common/action_util.o
                0x0000000000800110                keyboard_report
 .data.lufa_driver
                0x0000000000800112        0xa .build/obj_niu_mini_robinrabauke/lufa.o
                0x0000000000800112                lufa_driver
 .data.keyboard_protocol
                0x000000000080011c        0x1 .build/obj_niu_mini_robinrabauke/lufa.o
                0x000000000080011c                keyboard_protocol
 *(.gnu.linkonce.d*)
 *(.rodata)
 *(.rodata*)
 .rodata.col_pins
                0x000000000080011d        0xc .build/obj_niu_mini_robinrabauke/quantum/matrix.o
 .rodata.row_pins
                0x0000000000800129        0x4 .build/obj_niu_mini_robinrabauke/quantum/matrix.o
 .rodata.mode_base_table
                0x000000000080012d       0x25 .build/obj_niu_mini_robinrabauke/quantum/rgblight.o
 .rodata.CSWTCH.2
                0x0000000000800152        0x3 .build/obj_niu_mini_robinrabauke/usb_descriptor.o
 .rodata.CSWTCH.1
                0x0000000000800155        0x6 .build/obj_niu_mini_robinrabauke/usb_descriptor.o
 .rodata.CSWTCH.0
                0x000000000080015b        0x6 .build/obj_niu_mini_robinrabauke/usb_descriptor.o
 *(.gnu.linkonce.r*)
                0x0000000000800162                . = ALIGN (0x2)
 *fill*         0x0000000000800161        0x1 
                0x0000000000800162                _edata = .
                0x0000000000800162                PROVIDE (__data_end = .)

.bss            0x0000000000800162       0xf5
                0x0000000000800162                PROVIDE (__bss_start = .)
 *(.bss)
 .bss           0x0000000000800162        0x2 .build/obj_niu_mini_robinrabauke/common/avr/xprintf.o
                0x0000000000800162                xfunc_out
 *(.bss*)
 .bss.grave_esc_was_shifted
                0x0000000000800164        0x1 .build/obj_niu_mini_robinrabauke/quantum/quantum.o
 .bss.matrix    0x0000000000800165        0x8 .build/obj_niu_mini_robinrabauke/quantum/matrix.o
 .bss.raw_matrix
                0x000000000080016d        0x8 .build/obj_niu_mini_robinrabauke/quantum/matrix.o
 .bss.debouncing_time
                0x0000000000800175        0x2 .build/obj_niu_mini_robinrabauke/quantum/debounce/sym_g.o
 .bss.debouncing
                0x0000000000800177        0x1 .build/obj_niu_mini_robinrabauke/quantum/debounce/sym_g.o
 .bss.maxval.3297
                0x0000000000800178        0x1 .build/obj_niu_mini_robinrabauke/quantum/rgblight.o
 .bss.low_bound.3274
                0x0000000000800179        0x1 .build/obj_niu_mini_robinrabauke/quantum/rgblight.o
 .bss.pos.3258  0x000000000080017a        0x1 .build/obj_niu_mini_robinrabauke/quantum/rgblight.o
 .bss.effect_start_pos
                0x000000000080017b        0x1 .build/obj_niu_mini_robinrabauke/quantum/rgblight.o
 .bss.clipping_start_pos
                0x000000000080017c        0x1 .build/obj_niu_mini_robinrabauke/quantum/rgblight.o
 .bss.animation_status
                0x000000000080017d        0x6 .build/obj_niu_mini_robinrabauke/quantum/rgblight.o
                0x000000000080017d                animation_status
 .bss.is_rgblight_initialized
                0x0000000000800183        0x1 .build/obj_niu_mini_robinrabauke/quantum/rgblight.o
                0x0000000000800183                is_rgblight_initialized
 .bss.rgblight_status
                0x0000000000800184        0x2 .build/obj_niu_mini_robinrabauke/quantum/rgblight.o
                0x0000000000800184                rgblight_status
 .bss.sc_timer  0x0000000000800186        0x2 .build/obj_niu_mini_robinrabauke/quantum/process_keycode/process_space_cadet.o
 .bss.sc_last   0x0000000000800188        0x1 .build/obj_niu_mini_robinrabauke/quantum/process_keycode/process_space_cadet.o
 .bss.last_consumer_report
                0x0000000000800189        0x2 .build/obj_niu_mini_robinrabauke/common/host.o
 .bss.last_system_report
                0x000000000080018b        0x2 .build/obj_niu_mini_robinrabauke/common/host.o
 .bss.driver    0x000000000080018d        0x2 .build/obj_niu_mini_robinrabauke/common/host.o
 .bss.led_status.3199
                0x000000000080018f        0x1 .build/obj_niu_mini_robinrabauke/common/keyboard.o
 .bss.matrix_prev.3198
                0x0000000000800190        0x8 .build/obj_niu_mini_robinrabauke/common/keyboard.o
 .bss.disable_action_cache
                0x0000000000800198        0x1 .build/obj_niu_mini_robinrabauke/common/action.o
                0x0000000000800198                disable_action_cache
 .bss.waiting_buffer_tail
                0x0000000000800199        0x1 .build/obj_niu_mini_robinrabauke/common/action_tapping.o
 .bss.waiting_buffer_head
                0x000000000080019a        0x1 .build/obj_niu_mini_robinrabauke/common/action_tapping.o
 .bss.waiting_buffer
                0x000000000080019b       0x30 .build/obj_niu_mini_robinrabauke/common/action_tapping.o
 .bss.tapping_key
                0x00000000008001cb        0x6 .build/obj_niu_mini_robinrabauke/common/action_tapping.o
 .bss.source_layers_cache
                0x00000000008001d1       0x1e .build/obj_niu_mini_robinrabauke/common/action_layer.o
                0x00000000008001d1                source_layers_cache
 .bss.layer_state
                0x00000000008001ef        0x4 .build/obj_niu_mini_robinrabauke/common/action_layer.o
                0x00000000008001ef                layer_state
 .bss.default_layer_state
                0x00000000008001f3        0x4 .build/obj_niu_mini_robinrabauke/common/action_layer.o
                0x00000000008001f3                default_layer_state
 .bss.oneshot_layer_data
                0x00000000008001f7        0x1 .build/obj_niu_mini_robinrabauke/common/action_util.o
 .bss.oneshot_mods
                0x00000000008001f8        0x1 .build/obj_niu_mini_robinrabauke/common/action_util.o
 .bss.__compound_literal.0
                0x00000000008001f9        0x8 .build/obj_niu_mini_robinrabauke/common/action_util.o
 .bss.macro_mods
                0x0000000000800201        0x1 .build/obj_niu_mini_robinrabauke/common/action_util.o
 .bss.weak_mods
                0x0000000000800202        0x1 .build/obj_niu_mini_robinrabauke/common/action_util.o
 .bss.real_mods
                0x0000000000800203        0x1 .build/obj_niu_mini_robinrabauke/common/action_util.o
 .bss.debug_config
                0x0000000000800204        0x1 .build/obj_niu_mini_robinrabauke/common/debug.o
                0x0000000000800204                debug_config
 .bss.wdt_timeout
                0x0000000000800205        0x1 .build/obj_niu_mini_robinrabauke/common/avr/suspend.o
 .bss.timeouted.6172
                0x0000000000800206        0x1 .build/obj_niu_mini_robinrabauke/lufa.o
 .bss.count.6104
                0x0000000000800207        0x1 .build/obj_niu_mini_robinrabauke/lufa.o
 .bss.console_flush
                0x0000000000800208        0x1 .build/obj_niu_mini_robinrabauke/lufa.o
 .bss.keyboard_report_sent
                0x0000000000800209        0x8 .build/obj_niu_mini_robinrabauke/lufa.o
 .bss.keyboard_led_stats
                0x0000000000800211        0x1 .build/obj_niu_mini_robinrabauke/lufa.o
 .bss.keyboard_idle
                0x0000000000800212        0x1 .build/obj_niu_mini_robinrabauke/lufa.o
                0x0000000000800212                keyboard_idle
 .bss.desired_output
                0x0000000000800213        0x1 .build/obj_niu_mini_robinrabauke/outputselect.o
                0x0000000000800213                desired_output
 *(COMMON)
 COMMON         0x0000000000800214       0x2f .build/obj_niu_mini_robinrabauke/quantum/rgblight.o
                0x0000000000800214                rgblight_config
                0x0000000000800219                led
 COMMON         0x0000000000800243        0x4 .build/obj_niu_mini_robinrabauke/common/avr/timer.o
                0x0000000000800243                timer_count
 COMMON         0x0000000000800247        0x2 .build/obj_niu_mini_robinrabauke/common/magic.o
                0x0000000000800247                keymap_config
 COMMON         0x0000000000800249        0x1 .build/obj_niu_mini_robinrabauke/common/backlight.o
                0x0000000000800249                backlight_config
 COMMON         0x000000000080024a        0x3 .build/obj_niu_mini_robinrabauke/lib/lufa/LUFA/Drivers/USB/Core/DeviceStandardReq.o
                0x000000000080024a                USB_Device_ConfigurationNumber
                0x000000000080024b                USB_Device_CurrentlySelfPowered
                0x000000000080024c                USB_Device_RemoteWakeupEnabled
 COMMON         0x000000000080024d        0xa .build/obj_niu_mini_robinrabauke/lib/lufa/LUFA/Drivers/USB/Core/USBTask.o
                0x000000000080024d                USB_IsInitialized
                0x000000000080024e                USB_DeviceState
                0x000000000080024f                USB_ControlRequest
                0x0000000000800257                PROVIDE (__bss_end = .)
                0x0000000000005e26                __data_load_start = LOADADDR (.data)
                0x0000000000005e88                __data_load_end = (__data_load_start + SIZEOF (.data))

.noinit         0x0000000000800257        0x4
                [!provide]                        PROVIDE (__noinit_start = .)
 *(.noinit*)
 .noinit        0x0000000000800257        0x4 .build/obj_niu_mini_robinrabauke/common/avr/bootloader.o
                0x0000000000800257                reset_key
                [!provide]                        PROVIDE (__noinit_end = .)
                0x000000000080025b                _end = .
                [!provide]                        PROVIDE (__heap_start = .)

.eeprom         0x0000000000810000        0x0
 *(.eeprom*)
                0x0000000000810000                __eeprom_end = .

.fuse
 *(.fuse)
 *(.lfuse)
 *(.hfuse)
 *(.efuse)

.lock
 *(.lock*)

.signature
 *(.signature*)

.stab           0x0000000000000000      0x8b8
 *(.stab)
 .stab          0x0000000000000000      0x8b8 .build/obj_niu_mini_robinrabauke/common/avr/xprintf.o

.stabstr        0x0000000000000000       0x9a
 *(.stabstr)
 .stabstr       0x0000000000000000       0x9a .build/obj_niu_mini_robinrabauke/common/avr/xprintf.o

.stab.excl
 *(.stab.excl)

.stab.exclstr
 *(.stab.exclstr)

.stab.index
 *(.stab.index)

.stab.indexstr
 *(.stab.indexstr)

.comment        0x0000000000000000       0x11
 *(.comment)
 .comment       0x0000000000000000       0x11 .build/obj_niu_mini_robinrabauke/keyboards/niu_mini/niu_mini.o
                                         0x12 (size before relaxing)
 .comment       0x0000000000000011       0x12 .build/obj_niu_mini_robinrabauke/keyboards/niu_mini/keymaps/robinrabauke/keymap.o
 .comment       0x0000000000000011       0x12 .build/obj_niu_mini_robinrabauke/quantum/quantum.o
 .comment       0x0000000000000011       0x12 .build/obj_niu_mini_robinrabauke/quantum/keymap_common.o
 .comment       0x0000000000000011       0x12 .build/obj_niu_mini_robinrabauke/quantum/keycode_config.o
 .comment       0x0000000000000011       0x12 .build/obj_niu_mini_robinrabauke/quantum/matrix.o
 .comment       0x0000000000000011       0x12 .build/obj_niu_mini_robinrabauke/quantum/debounce/sym_g.o
 .comment       0x0000000000000011       0x12 .build/obj_niu_mini_robinrabauke/quantum/color.o
 .comment       0x0000000000000011       0x12 .build/obj_niu_mini_robinrabauke/quantum/rgblight.o
 .comment       0x0000000000000011       0x12 .build/obj_niu_mini_robinrabauke/ws2812.o
 .comment       0x0000000000000011       0x12 .build/obj_niu_mini_robinrabauke/quantum/led_tables.o
 .comment       0x0000000000000011       0x12 .build/obj_niu_mini_robinrabauke/quantum/process_keycode/process_space_cadet.o
 .comment       0x0000000000000011       0x12 .build/obj_niu_mini_robinrabauke/common/host.o
 .comment       0x0000000000000011       0x12 .build/obj_niu_mini_robinrabauke/common/keyboard.o
 .comment       0x0000000000000011       0x12 .build/obj_niu_mini_robinrabauke/common/action.o
 .comment       0x0000000000000011       0x12 .build/obj_niu_mini_robinrabauke/common/action_tapping.o
 .comment       0x0000000000000011       0x12 .build/obj_niu_mini_robinrabauke/common/action_macro.o
 .comment       0x0000000000000011       0x12 .build/obj_niu_mini_robinrabauke/common/action_layer.o
 .comment       0x0000000000000011       0x12 .build/obj_niu_mini_robinrabauke/common/action_util.o
 .comment       0x0000000000000011       0x12 .build/obj_niu_mini_robinrabauke/common/print.o
 .comment       0x0000000000000011       0x12 .build/obj_niu_mini_robinrabauke/common/debug.o
 .comment       0x0000000000000011       0x12 .build/obj_niu_mini_robinrabauke/common/util.o
 .comment       0x0000000000000011       0x12 .build/obj_niu_mini_robinrabauke/common/eeconfig.o
 .comment       0x0000000000000011       0x12 .build/obj_niu_mini_robinrabauke/common/report.o
 .comment       0x0000000000000011       0x12 .build/obj_niu_mini_robinrabauke/common/avr/suspend.o
 .comment       0x0000000000000011       0x12 .build/obj_niu_mini_robinrabauke/common/avr/timer.o
 .comment       0x0000000000000011       0x12 .build/obj_niu_mini_robinrabauke/common/avr/bootloader.o
 .comment       0x0000000000000011       0x12 .build/obj_niu_mini_robinrabauke/common/magic.o
 .comment       0x0000000000000011       0x12 .build/obj_niu_mini_robinrabauke/common/backlight.o
 .comment       0x0000000000000011       0x12 .build/obj_niu_mini_robinrabauke/lufa.o
 .comment       0x0000000000000011       0x12 .build/obj_niu_mini_robinrabauke/usb_descriptor.o
 .comment       0x0000000000000011       0x12 .build/obj_niu_mini_robinrabauke/outputselect.o
 .comment       0x0000000000000011       0x12 .build/obj_niu_mini_robinrabauke/lib/lufa/LUFA/Drivers/USB/Core/AVR8/Device_AVR8.o
 .comment       0x0000000000000011       0x12 .build/obj_niu_mini_robinrabauke/lib/lufa/LUFA/Drivers/USB/Core/AVR8/EndpointStream_AVR8.o
 .comment       0x0000000000000011       0x12 .build/obj_niu_mini_robinrabauke/lib/lufa/LUFA/Drivers/USB/Core/AVR8/Endpoint_AVR8.o
 .comment       0x0000000000000011       0x12 .build/obj_niu_mini_robinrabauke/lib/lufa/LUFA/Drivers/USB/Core/AVR8/USBController_AVR8.o
 .comment       0x0000000000000011       0x12 .build/obj_niu_mini_robinrabauke/lib/lufa/LUFA/Drivers/USB/Core/AVR8/USBInterrupt_AVR8.o
 .comment       0x0000000000000011       0x12 .build/obj_niu_mini_robinrabauke/lib/lufa/LUFA/Drivers/USB/Core/DeviceStandardReq.o
 .comment       0x0000000000000011       0x12 .build/obj_niu_mini_robinrabauke/lib/lufa/LUFA/Drivers/USB/Core/USBTask.o

.note.gnu.avr.deviceinfo
                0x0000000000000000       0x40
 .note.gnu.avr.deviceinfo
                0x0000000000000000       0x40 /usr/local/Cellar/avr-gcc@8/8.3.0/lib/avr-gcc/8/gcc/avr/8.3.0/../../../../../../avr/lib/avr5/crtatmega32u4.o

.note.gnu.build-id
 *(.note.gnu.build-id)

.debug
 *(.debug)

.line
 *(.line)

.debug_srcinfo
 *(.debug_srcinfo)

.debug_sfnames
 *(.debug_sfnames)

.debug_aranges  0x0000000000000000     0x1138
 *(.debug_aranges)
 .debug_aranges
                0x0000000000000000       0x20 .build/obj_niu_mini_robinrabauke/keyboards/niu_mini/niu_mini.o
 .debug_aranges
                0x0000000000000020       0x20 .build/obj_niu_mini_robinrabauke/keyboards/niu_mini/keymaps/robinrabauke/keymap.o